Archive member included to satisfy reference by file (symbol)

/home/etudiant/riot/DII5_Riot/Base_thread_spi/bin/nucleo-l073rz/core.a(sched.o)
                              /home/etudiant/riot/DII5_Riot/Base_thread_spi/bin/nucleo-l073rz/newlib_syscalls_default/syscalls.o (sched_active_pid)
/home/etudiant/riot/DII5_Riot/Base_thread_spi/bin/nucleo-l073rz/core.a(bitarithm.o)
                              /home/etudiant/riot/DII5_Riot/Base_thread_spi/bin/nucleo-l073rz/core.a(sched.o) (MultiplyDeBruijnBitPosition)
/home/etudiant/riot/DII5_Riot/Base_thread_spi/bin/nucleo-l073rz/cortexm_common.a(thread_arch.o)
                              /home/etudiant/riot/DII5_Riot/Base_thread_spi/bin/nucleo-l073rz/core.a(sched.o) (cpu_switch_context_exit)
/home/etudiant/riot/DII5_Riot/Base_thread_spi/bin/nucleo-l073rz/cortexm_common.a(vectors_cortexm.o)
                              /home/etudiant/riot/DII5_Riot/Base_thread_spi/bin/nucleo-l073rz/cpu/vectors.o (dummy_handler_default)
/home/etudiant/riot/DII5_Riot/Base_thread_spi/bin/nucleo-l073rz/cortexm_common.a(irq_arch.o)
                              /home/etudiant/riot/DII5_Riot/Base_thread_spi/bin/nucleo-l073rz/newlib_syscalls_default/syscalls.o (irq_disable)
/home/etudiant/riot/DII5_Riot/Base_thread_spi/bin/nucleo-l073rz/div.a(div.o)
                              /home/etudiant/riot/DII5_Riot/Base_thread_spi/bin/nucleo-l073rz/newlib_syscalls_default/syscalls.o (_div_mulhi64)
/home/etudiant/riot/DII5_Riot/Base_thread_spi/bin/nucleo-l073rz/stdio_uart.a(stdio_uart.o)
                              /home/etudiant/riot/DII5_Riot/Base_thread_spi/bin/nucleo-l073rz/newlib_syscalls_default/syscalls.o (stdio_read)
/home/etudiant/riot/DII5_Riot/Base_thread_spi/bin/nucleo-l073rz/stm32_common_periph.a(uart.o)
                              /home/etudiant/riot/DII5_Riot/Base_thread_spi/bin/nucleo-l073rz/stdio_uart.a(stdio_uart.o) (uart_init)
/home/etudiant/riot/DII5_Riot/Base_thread_spi/bin/nucleo-l073rz/stm32_common_periph.a(pm.o)
                              /home/etudiant/riot/DII5_Riot/Base_thread_spi/bin/nucleo-l073rz/newlib_syscalls_default/syscalls.o (pm_off)
/home/etudiant/riot/DII5_Riot/Base_thread_spi/bin/nucleo-l073rz/stm32_common_periph.a(gpio.o)
                              /home/etudiant/riot/DII5_Riot/Base_thread_spi/bin/nucleo-l073rz/stm32_common_periph.a(uart.o) (gpio_init)
/home/etudiant/riot/DII5_Riot/Base_thread_spi/bin/nucleo-l073rz/xtimer.a(xtimer_core.o)
                              /home/etudiant/riot/DII5_Riot/Base_thread_spi/bin/nucleo-l073rz/newlib_syscalls_default/syscalls.o (_xtimer_now64)
/home/etudiant/riot/DII5_Riot/Base_thread_spi/bin/nucleo-l073rz/boards_common_nucleo.a(board.o)
                              /home/etudiant/riot/DII5_Riot/Base_thread_spi/bin/nucleo-l073rz/cortexm_common.a(vectors_cortexm.o) (board_init)
/home/etudiant/riot/DII5_Riot/Base_thread_spi/bin/nucleo-l073rz/core.a(panic.o)
                              /home/etudiant/riot/DII5_Riot/Base_thread_spi/bin/nucleo-l073rz/cortexm_common.a(vectors_cortexm.o) (core_panic)
/home/etudiant/riot/DII5_Riot/Base_thread_spi/bin/nucleo-l073rz/core.a(kernel_init.o)
                              /home/etudiant/riot/DII5_Riot/Base_thread_spi/bin/nucleo-l073rz/cortexm_common.a(vectors_cortexm.o) (kernel_init)
/home/etudiant/riot/DII5_Riot/Base_thread_spi/bin/nucleo-l073rz/core.a(thread.o)
                              /home/etudiant/riot/DII5_Riot/Base_thread_spi/bin/nucleo-l073rz/core.a(kernel_init.o) (thread_create)
/home/etudiant/riot/DII5_Riot/Base_thread_spi/bin/nucleo-l073rz/isrpipe.a(isrpipe.o)
                              /home/etudiant/riot/DII5_Riot/Base_thread_spi/bin/nucleo-l073rz/stdio_uart.a(stdio_uart.o) (isrpipe_write_one)
/home/etudiant/riot/DII5_Riot/Base_thread_spi/bin/nucleo-l073rz/pm_layered.a(pm.o)
                              /home/etudiant/riot/DII5_Riot/Base_thread_spi/bin/nucleo-l073rz/core.a(kernel_init.o) (pm_set_lowest)
/home/etudiant/riot/DII5_Riot/Base_thread_spi/bin/nucleo-l073rz/ps.a(ps.o)
                              /home/etudiant/riot/DII5_Riot/Base_thread_spi/bin/nucleo-l073rz/core.a(panic.o) (ps)
/home/etudiant/riot/DII5_Riot/Base_thread_spi/bin/nucleo-l073rz/stm32_common.a(cpu_init.o)
                              /home/etudiant/riot/DII5_Riot/Base_thread_spi/bin/nucleo-l073rz/boards_common_nucleo.a(board.o) (cpu_init)
/home/etudiant/riot/DII5_Riot/Base_thread_spi/bin/nucleo-l073rz/stm32_common.a(stmclk_l0l1.o)
                              /home/etudiant/riot/DII5_Riot/Base_thread_spi/bin/nucleo-l073rz/stm32_common_periph.a(pm.o) (stmclk_init_sysclk)
/home/etudiant/riot/DII5_Riot/Base_thread_spi/bin/nucleo-l073rz/stm32_common.a(cpu_common.o)
                              /home/etudiant/riot/DII5_Riot/Base_thread_spi/bin/nucleo-l073rz/stm32_common_periph.a(uart.o) (periph_apb_clk)
/home/etudiant/riot/DII5_Riot/Base_thread_spi/bin/nucleo-l073rz/stm32_common_periph.a(timer.o)
[...]
Memory Configuration

Name             Origin             Length             Attributes
ccmram           0x10000000         0x00000000
rom              0x08000000         0x00030000         xr
ram              0x20000000         0x00005000         w !xr
*default*        0x00000000         0xffffffff

Linker script and memory map

LOAD /home/etudiant/riot/DII5_Riot/Base_thread_spi/bin/nucleo-l073rz/cpu/vectors.o
LOAD /home/etudiant/riot/DII5_Riot/Base_thread_spi/bin/nucleo-l073rz/newlib_syscalls_default/syscalls.o
START GROUP
LOAD /home/etudiant/riot/DII5_Riot/Base_thread_spi/bin/nucleo-l073rz/application_helloworld.a
LOAD /home/etudiant/riot/DII5_Riot/Base_thread_spi/bin/nucleo-l073rz/auto_init.a
LOAD /home/etudiant/riot/DII5_Riot/Base_thread_spi/bin/nucleo-l073rz/board.a
LOAD /home/etudiant/riot/DII5_Riot/Base_thread_spi/bin/nucleo-l073rz/boards_common_nucleo.a
LOAD /home/etudiant/riot/DII5_Riot/Base_thread_spi/bin/nucleo-l073rz/core.a
LOAD /home/etudiant/riot/DII5_Riot/Base_thread_spi/bin/nucleo-l073rz/cortexm_common.a
LOAD /home/etudiant/riot/DII5_Riot/Base_thread_spi/bin/nucleo-l073rz/cortexm_common_periph.a
LOAD /home/etudiant/riot/DII5_Riot/Base_thread_spi/bin/nucleo-l073rz/cpu.a
LOAD /home/etudiant/riot/DII5_Riot/Base_thread_spi/bin/nucleo-l073rz/div.a
LOAD /home/etudiant/riot/DII5_Riot/Base_thread_spi/bin/nucleo-l073rz/isrpipe.a
LOAD /home/etudiant/riot/DII5_Riot/Base_thread_spi/bin/nucleo-l073rz/newlib_syscalls_default.a
LOAD /home/etudiant/riot/DII5_Riot/Base_thread_spi/bin/nucleo-l073rz/periph.a
LOAD /home/etudiant/riot/DII5_Riot/Base_thread_spi/bin/nucleo-l073rz/pm_layered.a
LOAD /home/etudiant/riot/DII5_Riot/Base_thread_spi/bin/nucleo-l073rz/ps.a
LOAD /home/etudiant/riot/DII5_Riot/Base_thread_spi/bin/nucleo-l073rz/shell.a
LOAD /home/etudiant/riot/DII5_Riot/Base_thread_spi/bin/nucleo-l073rz/shell_commands.a
LOAD /home/etudiant/riot/DII5_Riot/Base_thread_spi/bin/nucleo-l073rz/stdio_uart.a
LOAD /home/etudiant/riot/DII5_Riot/Base_thread_spi/bin/nucleo-l073rz/stm32_common.a
LOAD /home/etudiant/riot/DII5_Riot/Base_thread_spi/bin/nucleo-l073rz/stm32_common_periph.a
LOAD /home/etudiant/riot/DII5_Riot/Base_thread_spi/bin/nucleo-l073rz/sys.a
LOAD /home/etudiant/riot/DII5_Riot/Base_thread_spi/bin/nucleo-l073rz/tsrb.a
LOAD /home/etudiant/riot/DII5_Riot/Base_thread_spi/bin/nucleo-l073rz/xtimer.a
LOAD /home/etudiant/riot/DII5_Riot/Base_thread_spi/bin/nucleo-l073rz/periph_common.a
LOAD /usr/bin/../lib/gcc/arm-none-eabi/7.3.1/../../../../arm-none-eabi/lib/thumb/v6-m/libm.a
END GROUP
LOAD /usr/bin/../lib/gcc/arm-none-eabi/7.3.1/thumb/v6-m/libgcc.a
                0x08000000                _rom_start_addr = 0x8000000
                0x20000000                _ram_start_addr = 0x20000000
                0x00030000                _rom_length = 0x30000
                0x00005000                _ram_length = 0x5000
LOAD /usr/bin/../lib/gcc/arm-none-eabi/7.3.1/../../../../arm-none-eabi/lib/thumb/v6-m/libc_nano.a
START GROUP
LOAD /usr/bin/../lib/gcc/arm-none-eabi/7.3.1/thumb/v6-m/libgcc.a
LOAD /usr/bin/../lib/gcc/arm-none-eabi/7.3.1/../../../../arm-none-eabi/lib/thumb/v6-m/libg_nano.a
LOAD /usr/bin/../lib/gcc/arm-none-eabi/7.3.1/../../../../arm-none-eabi/lib/thumb/v6-m/libc_nano.a
END GROUP
START GROUP
LOAD /usr/bin/../lib/gcc/arm-none-eabi/7.3.1/thumb/v6-m/libgcc.a
LOAD /usr/bin/../lib/gcc/arm-none-eabi/7.3.1/../../../../arm-none-eabi/lib/thumb/v6-m/libc_nano.a
END GROUP
                0x00000000                ccmram_length = DEFINED (ccmram_len)?ccmram_len:0x0
                0x00000000                _rom_offset = DEFINED (_rom_offset)?_rom_offset:0x0
                0x00030000                _fw_rom_length = DEFINED (_fw_rom_length)?_fw_rom_length:(_rom_length - _rom_offset)
                0x00000001                ASSERT ((_fw_rom_length <= (_rom_length - _rom_offset)), Specified firmware size does not fit in ROM)

.text           0x08000000     0x33d4
                0x08000000                . = ALIGN (0x4)
                0x08000000                _sfixed = .
                0x08000000                _isr_vectors = DEFINED (_isr_vectors)?_isr_vectors:.
 *(SORT_BY_NAME(.vectors*))
 .vectors.0     0x08000000       0x40 /home/etudiant/riot/DII5_Riot/Base_thread_spi/bin/nucleo-l073rz/cortexm_common.a(vectors_cortexm.o)
                0x08000000                cortex_vector_base
 .vectors.1     0x08000040       0x80 /home/etudiant/riot/DII5_Riot/Base_thread_spi/bin/nucleo-l073rz/cpu/vectors.o
                0x08000040                vector_cpu
 *(.text .text.* .gnu.linkonce.t.*)
 .text.dummy_handler
                0x080000c0        0x8 /home/etudiant/riot/DII5_Riot/Base_thread_spi/bin/nucleo-l073rz/cpu/vectors.o
                0x080000c0                isr_pvd
                0x080000c0                isr_i2c1
                0x080000c0                isr_tsc
                0x080000c0                isr_tim7
                0x080000c0                isr_i2c3
                0x080000c0                isr_rng_lpuart1
                0x080000c0                isr_dma1_channel4_5_6_7
                0x080000c0                isr_usart4_5
                0x080000c0                isr_tim22
                0x080000c0                isr_i2c2
                0x080000c0                isr_dma1_channel2_3
                0x080000c0                isr_spi2
                0x080000c0                isr_dma1_channel1
                0x080000c0                dummy_handler
                0x080000c0                isr_tim21
                0x080000c0                isr_spi1
                0x080000c0                isr_lptim1
                0x080000c0                isr_rcc
                0x080000c0                isr_flash
                0x080000c0                isr_rtc
                0x080000c0                isr_lpuart1
                0x080000c0                isr_usb
                0x080000c0                isr_adc1_comp
                0x080000c0                isr_tim6_dac
                0x080000c0                isr_lcd
                0x080000c0                isr_tim3
                0x080000c0                isr_rcc_crs
                0x080000c0                isr_wwdg
 .text._init    0x080000c8        0x2 /home/etudiant/riot/DII5_Riot/Base_thread_spi/bin/nucleo-l073rz/newlib_syscalls_default/syscalls.o
                0x080000c8                _init
 .text._fini    0x080000ca        0x2 /home/etudiant/riot/DII5_Riot/Base_thread_spi/bin/nucleo-l073rz/newlib_syscalls_default/syscalls.o
                0x080000ca                _fini
 .text._sbrk_r  0x080000cc       0x3c /home/etudiant/riot/DII5_Riot/Base_thread_spi/bin/nucleo-l073rz/newlib_syscalls_default/syscalls.o
                0x080000cc                _sbrk_r
 .text._read_r  0x08000108        0xc /home/etudiant/riot/DII5_Riot/Base_thread_spi/bin/nucleo-l073rz/newlib_syscalls_default/syscalls.o
                0x08000108                _read_r
 .text._write_r
                0x08000114        0xc /home/etudiant/riot/DII5_Riot/Base_thread_spi/bin/nucleo-l073rz/newlib_syscalls_default/syscalls.o
                0x08000114                _write_r
 .text._close_r
                0x08000120        0xa /home/etudiant/riot/DII5_Riot/Base_thread_spi/bin/nucleo-l073rz/newlib_syscalls_default/syscalls.o
                0x08000120                _close_r
 .text._lseek_r
                0x0800012a        0xa /home/etudiant/riot/DII5_Riot/Base_thread_spi/bin/nucleo-l073rz/newlib_syscalls_default/syscalls.o
                0x0800012a                _lseek_r
 .text._fstat_r
                0x08000134        0xa /home/etudiant/riot/DII5_Riot/Base_thread_spi/bin/nucleo-l073rz/newlib_syscalls_default/syscalls.o
                0x08000134                _fstat_r
 .text._isatty_r
                0x0800013e        0xe /home/etudiant/riot/DII5_Riot/Base_thread_spi/bin/nucleo-l073rz/newlib_syscalls_default/syscalls.o
                0x0800013e                _isatty_r
 .text.sched_run
                0x0800014c       0x68 /home/etudiant/riot/DII5_Riot/Base_thread_spi/bin/nucleo-l073rz/core.a(sched.o)
                0x0800014c                sched_run
 .text.sched_set_status
                0x080001b4       0x7c /home/etudiant/riot/DII5_Riot/Base_thread_spi/bin/nucleo-l073rz/core.a(sched.o)
                0x080001b4                sched_set_status
 .text.sched_switch
                0x08000230       0x30 /home/etudiant/riot/DII5_Riot/Base_thread_spi/bin/nucleo-l073rz/core.a(sched.o)
                0x08000230                sched_switch
 .text.sched_task_exit
                0x08000260       0x3c /home/etudiant/riot/DII5_Riot/Base_thread_spi/bin/nucleo-l073rz/core.a(sched.o)
                0x08000260                sched_task_exit
 .text.thread_stack_init
                0x0800029c       0x90 /home/etudiant/riot/DII5_Riot/Base_thread_spi/bin/nucleo-l073rz/cortexm_common.a(thread_arch.o)
                0x0800029c                thread_stack_init
 .text.thread_isr_stack_usage
                0x0800032c       0x24 /home/etudiant/riot/DII5_Riot/Base_thread_spi/bin/nucleo-l073rz/cortexm_common.a(thread_arch.o)
                0x0800032c                thread_isr_stack_usage
 .text.thread_isr_stack_pointer
                0x08000350        0x6 /home/etudiant/riot/DII5_Riot/Base_thread_spi/bin/nucleo-l073rz/cortexm_common.a(thread_arch.o)
                0x08000350                thread_isr_stack_pointer
 *fill*         0x08000356        0x2 
 .text.thread_isr_stack_start
                0x08000358        0x8 /home/etudiant/riot/DII5_Riot/Base_thread_spi/bin/nucleo-l073rz/cortexm_common.a(thread_arch.o)
                0x08000358                thread_isr_stack_start
 .text.cpu_switch_context_exit
                0x08000360        0x8 /home/etudiant/riot/DII5_Riot/Base_thread_spi/bin/nucleo-l073rz/cortexm_common.a(thread_arch.o)
                0x08000360                cpu_switch_context_exit
 .text.thread_yield_higher
                0x08000368       0x14 /home/etudiant/riot/DII5_Riot/Base_thread_spi/bin/nucleo-l073rz/cortexm_common.a(thread_arch.o)
                0x08000368                thread_yield_higher
 .text.isr_pendsv
                0x0800037c       0x28 /home/etudiant/riot/DII5_Riot/Base_thread_spi/bin/nucleo-l073rz/cortexm_common.a(thread_arch.o)
                0x0800037c                isr_pendsv
 .text.isr_svc  0x080003a4       0x2c /home/etudiant/riot/DII5_Riot/Base_thread_spi/bin/nucleo-l073rz/cortexm_common.a(thread_arch.o)
                0x080003a4                isr_svc
 .text.hard_fault_default
                0x080003d0       0x50 /home/etudiant/riot/DII5_Riot/Base_thread_spi/bin/nucleo-l073rz/cortexm_common.a(vectors_cortexm.o)
                0x080003d0                hard_fault_default
 .text.nmi_default
                0x08000420       0x10 /home/etudiant/riot/DII5_Riot/Base_thread_spi/bin/nucleo-l073rz/cortexm_common.a(vectors_cortexm.o)
                0x08000420                nmi_default
 .text.dummy_handler_default
                0x08000430       0x10 /home/etudiant/riot/DII5_Riot/Base_thread_spi/bin/nucleo-l073rz/cortexm_common.a(vectors_cortexm.o)
                0x08000430                dummy_handler_default
                0x08000430                isr_systick
 .text.pre_startup
                0x08000440        0x2 /home/etudiant/riot/DII5_Riot/Base_thread_spi/bin/nucleo-l073rz/cortexm_common.a(vectors_cortexm.o)
                0x08000440                pre_startup
 .text.post_startup
                0x08000442        0x2 /home/etudiant/riot/DII5_Riot/Base_thread_spi/bin/nucleo-l073rz/cortexm_common.a(vectors_cortexm.o)
                0x08000442                post_startup
 .text.reset_handler_default
                0x08000444       0x68 /home/etudiant/riot/DII5_Riot/Base_thread_spi/bin/nucleo-l073rz/cortexm_common.a(vectors_cortexm.o)
                0x08000444                reset_handler_default
 .text.hard_fault_handler
                0x080004ac      0x118 /home/etudiant/riot/DII5_Riot/Base_thread_spi/bin/nucleo-l073rz/cortexm_common.a(vectors_cortexm.o)
                0x080004ac                hard_fault_handler
 .text.irq_disable
                0x080005c4        0x8 /home/etudiant/riot/DII5_Riot/Base_thread_spi/bin/nucleo-l073rz/cortexm_common.a(irq_arch.o)
                0x080005c4                irq_disable
 .text.irq_enable
                0x080005cc        0x8 /home/etudiant/riot/DII5_Riot/Base_thread_spi/bin/nucleo-l073rz/cortexm_common.a(irq_arch.o)
                0x080005cc                irq_enable
 .text.irq_restore
                0x080005d4        0x6 /home/etudiant/riot/DII5_Riot/Base_thread_spi/bin/nucleo-l073rz/cortexm_common.a(irq_arch.o)
                0x080005d4                irq_restore
 .text.irq_is_in
                0x080005da        0x8 /home/etudiant/riot/DII5_Riot/Base_thread_spi/bin/nucleo-l073rz/cortexm_common.a(irq_arch.o)
                0x080005da                irq_is_in
 *fill*         0x080005e2        0x2 
 .text.stdio_init
                0x080005e4       0x1c /home/etudiant/riot/DII5_Riot/Base_thread_spi/bin/nucleo-l073rz/stdio_uart.a(stdio_uart.o)
                0x080005e4                stdio_init
 .text.stdio_read
                0x08000600       0x14 /home/etudiant/riot/DII5_Riot/Base_thread_spi/bin/nucleo-l073rz/stdio_uart.a(stdio_uart.o)
                0x08000600                stdio_read
 .text.stdio_write
                0x08000614       0x12 /home/etudiant/riot/DII5_Riot/Base_thread_spi/bin/nucleo-l073rz/stdio_uart.a(stdio_uart.o)
                0x08000614                stdio_write
 *fill*         0x08000626        0x2 
 .text.uart_enable_clock
                0x08000628       0x30 /home/etudiant/riot/DII5_Riot/Base_thread_spi/bin/nucleo-l073rz/stm32_common_periph.a(uart.o)
 .text.irq_handler
                0x08000658       0x4c /home/etudiant/riot/DII5_Riot/Base_thread_spi/bin/nucleo-l073rz/stm32_common_periph.a(uart.o)
 .text.uart_init
                0x080006a4       0xd0 /home/etudiant/riot/DII5_Riot/Base_thread_spi/bin/nucleo-l073rz/stm32_common_periph.a(uart.o)
                0x080006a4                uart_init
 .text.uart_write
                0x08000774       0x44 /home/etudiant/riot/DII5_Riot/Base_thread_spi/bin/nucleo-l073rz/stm32_common_periph.a(uart.o)
                0x08000774                uart_write
 .text.isr_usart2
                0x080007b8        0xa /home/etudiant/riot/DII5_Riot/Base_thread_spi/bin/nucleo-l073rz/stm32_common_periph.a(uart.o)
                0x080007b8                isr_usart2
 .text.isr_usart1
                0x080007c2        0xa /home/etudiant/riot/DII5_Riot/Base_thread_spi/bin/nucleo-l073rz/stm32_common_periph.a(uart.o)
                0x080007c2                isr_usart1
 .text.pm_set   0x080007cc       0x78 /home/etudiant/riot/DII5_Riot/Base_thread_spi/bin/nucleo-l073rz/stm32_common_periph.a(pm.o)
                0x080007cc                pm_set
 .text.pm_off   0x08000844        0xe /home/etudiant/riot/DII5_Riot/Base_thread_spi/bin/nucleo-l073rz/stm32_common_periph.a(pm.o)
                0x08000844                pm_off
 .text.gpio_init
                0x08000852       0x76 /home/etudiant/riot/DII5_Riot/Base_thread_spi/bin/nucleo-l073rz/stm32_common_periph.a(gpio.o)
                0x08000852                gpio_init
 .text.gpio_init_af
                0x080008c8       0x42 /home/etudiant/riot/DII5_Riot/Base_thread_spi/bin/nucleo-l073rz/stm32_common_periph.a(gpio.o)
                0x080008c8                gpio_init_af
 .text.gpio_read
                0x0800090a       0x14 /home/etudiant/riot/DII5_Riot/Base_thread_spi/bin/nucleo-l073rz/stm32_common_periph.a(gpio.o)
                0x0800090a                gpio_read
 .text.gpio_set
                0x0800091e       0x10 /home/etudiant/riot/DII5_Riot/Base_thread_spi/bin/nucleo-l073rz/stm32_common_periph.a(gpio.o)
                0x0800091e                gpio_set
 .text.gpio_clear
                0x0800092e       0x12 /home/etudiant/riot/DII5_Riot/Base_thread_spi/bin/nucleo-l073rz/stm32_common_periph.a(gpio.o)
                0x0800092e                gpio_clear
 .text.gpio_toggle
                0x08000940       0x1c /home/etudiant/riot/DII5_Riot/Base_thread_spi/bin/nucleo-l073rz/stm32_common_periph.a(gpio.o)
                0x08000940                gpio_toggle
 .text.gpio_init_int
                0x0800095c       0xac /home/etudiant/riot/DII5_Riot/Base_thread_spi/bin/nucleo-l073rz/stm32_common_periph.a(gpio.o)
                0x0800095c                gpio_init_int
 .text.isr_exti
                0x08000a08       0x44 /home/etudiant/riot/DII5_Riot/Base_thread_spi/bin/nucleo-l073rz/stm32_common_periph.a(gpio.o)
                0x08000a08                isr_exti
 .text._xtimer_lltimer_now
                0x08000a4c        0xa /home/etudiant/riot/DII5_Riot/Base_thread_spi/bin/nucleo-l073rz/xtimer.a(xtimer_core.o)
 *fill*         0x08000a56        0x2 
 .text._xtimer_now
                0x08000a58       0x18 /home/etudiant/riot/DII5_Riot/Base_thread_spi/bin/nucleo-l073rz/xtimer.a(xtimer_core.o)
 .text._lltimer_set
                0x08000a70       0x1c /home/etudiant/riot/DII5_Riot/Base_thread_spi/bin/nucleo-l073rz/xtimer.a(xtimer_core.o)
 .text._next_period
                0x08000a8c       0xc4 /home/etudiant/riot/DII5_Riot/Base_thread_spi/bin/nucleo-l073rz/xtimer.a(xtimer_core.o)
 .text._periph_timer_callback
                0x08000b50       0xd8 /home/etudiant/riot/DII5_Riot/Base_thread_spi/bin/nucleo-l073rz/xtimer.a(xtimer_core.o)
 .text.xtimer_init
                0x08000c28       0x20 /home/etudiant/riot/DII5_Riot/Base_thread_spi/bin/nucleo-l073rz/xtimer.a(xtimer_core.o)
                0x08000c28                xtimer_init
 .text.board_init
                0x08000c48        0x8 /home/etudiant/riot/DII5_Riot/Base_thread_spi/bin/nucleo-l073rz/boards_common_nucleo.a(board.o)
                0x08000c48                board_init
 .text.panic_arch
                0x08000c50        0x2 /home/etudiant/riot/DII5_Riot/Base_thread_spi/bin/nucleo-l073rz/core.a(panic.o)
                0x08000c50                panic_arch
 *fill*         0x08000c52        0x2 
 .text.core_panic
                0x08000c54       0x54 /home/etudiant/riot/DII5_Riot/Base_thread_spi/bin/nucleo-l073rz/core.a(panic.o)
                0x08000c54                core_panic
 .text.main_trampoline
                0x08000ca8       0x18 /home/etudiant/riot/DII5_Riot/Base_thread_spi/bin/nucleo-l073rz/core.a(kernel_init.o)
 .text.idle_thread
                0x08000cc0        0x8 /home/etudiant/riot/DII5_Riot/Base_thread_spi/bin/nucleo-l073rz/core.a(kernel_init.o)
 .text.kernel_init
                0x08000cc8       0x58 /home/etudiant/riot/DII5_Riot/Base_thread_spi/bin/nucleo-l073rz/core.a(kernel_init.o)
                0x08000cc8                kernel_init
 .text.thread_add_to_list
                0x08000d20       0x34 /home/etudiant/riot/DII5_Riot/Base_thread_spi/bin/nucleo-l073rz/core.a(thread.o)
                0x08000d20                thread_add_to_list
 .text.thread_measure_stack_free
                0x08000d54       0x10 /home/etudiant/riot/DII5_Riot/Base_thread_spi/bin/nucleo-l073rz/core.a(thread.o)
                0x08000d54                thread_measure_stack_free
 .text.thread_create
                0x08000d64       0xe8 /home/etudiant/riot/DII5_Riot/Base_thread_spi/bin/nucleo-l073rz/core.a(thread.o)
                0x08000d64                thread_create
 .text.isrpipe_write_one
                0x08000e4c       0x16 /home/etudiant/riot/DII5_Riot/Base_thread_spi/bin/nucleo-l073rz/isrpipe.a(isrpipe.o)
                0x08000e4c                isrpipe_write_one
 .text.isrpipe_read
                0x08000e62       0x24 /home/etudiant/riot/DII5_Riot/Base_thread_spi/bin/nucleo-l073rz/isrpipe.a(isrpipe.o)
                0x08000e62                isrpipe_read
 *fill*         0x08000e86        0x2 
 .text.pm_set_lowest
                0x08000e88       0x34 /home/etudiant/riot/DII5_Riot/Base_thread_spi/bin/nucleo-l073rz/pm_layered.a(pm.o)
                0x08000e88                pm_set_lowest
 .text.pm_block
                0x08000ebc       0x30 /home/etudiant/riot/DII5_Riot/Base_thread_spi/bin/nucleo-l073rz/pm_layered.a(pm.o)
                0x08000ebc                pm_block
 .text.ps       0x08000eec       0xe8 /home/etudiant/riot/DII5_Riot/Base_thread_spi/bin/nucleo-l073rz/ps.a(ps.o)
                0x08000eec                ps
 .text.cpu_init
                0x08000fd4       0x1e /home/etudiant/riot/DII5_Riot/Base_thread_spi/bin/nucleo-l073rz/stm32_common.a(cpu_init.o)
                0x08000fd4                cpu_init
 *fill*         0x08000ff2        0x2 
 .text.stmclk_init_sysclk
                0x08000ff4       0xb4 /home/etudiant/riot/DII5_Riot/Base_thread_spi/bin/nucleo-l073rz/stm32_common.a(stmclk_l0l1.o)
                0x08000ff4                stmclk_init_sysclk
 .text.periph_apb_clk
                0x080010a8        0x8 /home/etudiant/riot/DII5_Riot/Base_thread_spi/bin/nucleo-l073rz/stm32_common.a(cpu_common.o)
                0x080010a8                periph_apb_clk
 .text.periph_timer_clk
                0x080010b0       0x14 /home/etudiant/riot/DII5_Riot/Base_thread_spi/bin/nucleo-l073rz/stm32_common.a(cpu_common.o)
                0x080010b0                periph_timer_clk
 .text.periph_clk_en
                0x080010c4       0x38 /home/etudiant/riot/DII5_Riot/Base_thread_spi/bin/nucleo-l073rz/stm32_common.a(cpu_common.o)
                0x080010c4                periph_clk_en
 .text.timer_set_absolute
                0x080010fc       0x3c /home/etudiant/riot/DII5_Riot/Base_thread_spi/bin/nucleo-l073rz/stm32_common_periph.a(timer.o)
                0x080010fc                timer_set_absolute
 .text.timer_read
                0x08001138       0x10 /home/etudiant/riot/DII5_Riot/Base_thread_spi/bin/nucleo-l073rz/stm32_common_periph.a(timer.o)
                0x08001138                timer_read
 .text.timer_start
                0x08001148       0x14 /home/etudiant/riot/DII5_Riot/Base_thread_spi/bin/nucleo-l073rz/stm32_common_periph.a(timer.o)
                0x08001148                timer_start
 .text.timer_init
                0x0800115c       0x58 /home/etudiant/riot/DII5_Riot/Base_thread_spi/bin/nucleo-l073rz/stm32_common_periph.a(timer.o)
                0x0800115c                timer_init
 .text.isr_tim2
                0x080011b4       0x44 /home/etudiant/riot/DII5_Riot/Base_thread_spi/bin/nucleo-l073rz/stm32_common_periph.a(timer.o)
                0x080011b4                isr_tim2
 .text._pop     0x080011f8       0x12 /home/etudiant/riot/DII5_Riot/Base_thread_spi/bin/nucleo-l073rz/tsrb.a(tsrb.o)
 .text.tsrb_get
                0x0800120a       0x28 /home/etudiant/riot/DII5_Riot/Base_thread_spi/bin/nucleo-l073rz/tsrb.a(tsrb.o)
                0x0800120a                tsrb_get
 .text.tsrb_add_one
                0x08001232       0x26 /home/etudiant/riot/DII5_Riot/Base_thread_spi/bin/nucleo-l073rz/tsrb.a(tsrb.o)
                0x08001232                tsrb_add_one
 .text.periph_init
                0x08001258        0x2 /home/etudiant/riot/DII5_Riot/Base_thread_spi/bin/nucleo-l073rz/periph_common.a(init.o)
                0x08001258                periph_init
 *fill*         0x0800125a        0x2 
 .text.target_handler
                0x0800125c       0x24 /home/etudiant/riot/DII5_Riot/Base_thread_spi/bin/nucleo-l073rz/application_helloworld.a(main.o)
                0x0800125c                target_handler
 .text.myCallback
                0x08001280       0x20 /home/etudiant/riot/DII5_Riot/Base_thread_spi/bin/nucleo-l073rz/application_helloworld.a(main.o)
                0x08001280                myCallback
 .text.custom_handler
                0x080012a0       0x18 /home/etudiant/riot/DII5_Riot/Base_thread_spi/bin/nucleo-l073rz/application_helloworld.a(main.o)
                0x080012a0                custom_handler
 .text.led0_handler
                0x080012b8       0x74 /home/etudiant/riot/DII5_Riot/Base_thread_spi/bin/nucleo-l073rz/application_helloworld.a(main.o)
                0x080012b8                led0_handler
 .text.max31855_readtemp
                0x0800132c       0x4c /home/etudiant/riot/DII5_Riot/Base_thread_spi/bin/nucleo-l073rz/application_helloworld.a(main.o)
                0x0800132c                max31855_readtemp
 .text.waiting_thread
                0x08001378       0x28 /home/etudiant/riot/DII5_Riot/Base_thread_spi/bin/nucleo-l073rz/application_helloworld.a(main.o)
                0x08001378                waiting_thread
 .text.startup.main
                0x080013a0       0x6c /home/etudiant/riot/DII5_Riot/Base_thread_spi/bin/nucleo-l073rz/application_helloworld.a(main.o)
                0x080013a0                main
 .text.auto_init
                0x0800140c        0x8 /home/etudiant/riot/DII5_Riot/Base_thread_spi/bin/nucleo-l073rz/auto_init.a(auto_init.o)
                0x0800140c                auto_init
 .text._mutex_lock
                0x08001414       0x60 /home/etudiant/riot/DII5_Riot/Base_thread_spi/bin/nucleo-l073rz/core.a(mutex.o)
                0x08001414                _mutex_lock
 .text.mutex_unlock
                0x08001474       0x4a /home/etudiant/riot/DII5_Riot/Base_thread_spi/bin/nucleo-l073rz/core.a(mutex.o)
                0x08001474                mutex_unlock
 *fill*         0x080014be        0x2 
 .text._msg_receive
                0x080014c0      0x104 /home/etudiant/riot/DII5_Riot/Base_thread_spi/bin/nucleo-l073rz/core.a(msg.o)
 .text.queue_msg
                0x080015c4       0x28 /home/etudiant/riot/DII5_Riot/Base_thread_spi/bin/nucleo-l073rz/core.a(msg.o)
 .text._msg_send
                0x080015ec       0xa8 /home/etudiant/riot/DII5_Riot/Base_thread_spi/bin/nucleo-l073rz/core.a(msg.o)
 .text.msg_send_to_self
                0x08001694       0x30 /home/etudiant/riot/DII5_Riot/Base_thread_spi/bin/nucleo-l073rz/core.a(msg.o)
                0x08001694                msg_send_to_self
 .text.msg_send_int
                0x080016c4       0x44 /home/etudiant/riot/DII5_Riot/Base_thread_spi/bin/nucleo-l073rz/core.a(msg.o)
                0x080016c4                msg_send_int
 .text.msg_send
                0x08001708       0x40 /home/etudiant/riot/DII5_Riot/Base_thread_spi/bin/nucleo-l073rz/core.a(msg.o)
                0x08001708                msg_send
 .text.msg_receive
                0x08001748        0xa /home/etudiant/riot/DII5_Riot/Base_thread_spi/bin/nucleo-l073rz/core.a(msg.o)
                0x08001748                msg_receive
 *fill*         0x08001752        0x2 
 .text.cortexm_init
                0x08001754       0x78 /home/etudiant/riot/DII5_Riot/Base_thread_spi/bin/nucleo-l073rz/cortexm_common.a(cortexm_init.o)
                0x08001754                cortexm_init
 .text.flush_if_needed
                0x080017cc       0x14 /home/etudiant/riot/DII5_Riot/Base_thread_spi/bin/nucleo-l073rz/shell.a(shell.o)
 .text.shell_run
                0x080017e0      0x240 /home/etudiant/riot/DII5_Riot/Base_thread_spi/bin/nucleo-l073rz/shell.a(shell.o)
                0x080017e0                shell_run
 .text._reboot_handler
                0x08001a20        0xa /home/etudiant/riot/DII5_Riot/Base_thread_spi/bin/nucleo-l073rz/shell_commands.a(sc_sys.o)
                0x08001a20                _reboot_handler
 .text._ps_handler
                0x08001a2a        0xa /home/etudiant/riot/DII5_Riot/Base_thread_spi/bin/nucleo-l073rz/shell_commands.a(sc_ps.o)
                0x08001a2a                _ps_handler
 .text.spi_transfer_byte
                0x08001a34       0x20 /home/etudiant/riot/DII5_Riot/Base_thread_spi/bin/nucleo-l073rz/periph_common.a(spi.o)
                0x08001a34                spi_transfer_byte
 .text.pm_reboot
                0x08001a54       0x1c /home/etudiant/riot/DII5_Riot/Base_thread_spi/bin/nucleo-l073rz/cortexm_common_periph.a(pm.o)
                0x08001a54                pm_reboot
 .text          0x08001a70       0x14 /usr/bin/../lib/gcc/arm-none-eabi/7.3.1/thumb/v6-m/libgcc.a(_thumb1_case_uqi.o)
                0x08001a70                __gnu_thumb1_case_uqi
 .text          0x08001a84      0x114 /usr/bin/../lib/gcc/arm-none-eabi/7.3.1/thumb/v6-m/libgcc.a(_udivsi3.o)
                0x08001a84                __udivsi3
                0x08001a84                __aeabi_uidiv
                0x08001b90                __aeabi_uidivmod
 .text          0x08001b98        0x4 /usr/bin/../lib/gcc/arm-none-eabi/7.3.1/thumb/v6-m/libgcc.a(_dvmd_tls.o)
                0x08001b98                __aeabi_ldiv0
                0x08001b98                __aeabi_idiv0
 .text.__sflush_r
                0x08001b9c      0x114 /usr/bin/../lib/gcc/arm-none-eabi/7.3.1/../../../../arm-none-eabi/lib/thumb/v6-m/libc_nano.a(lib_a-fflush.o)
                0x08001b9c                __sflush_r
 .text._fflush_r
                0x08001cb0       0x58 /usr/bin/../lib/gcc/arm-none-eabi/7.3.1/../../../../arm-none-eabi/lib/thumb/v6-m/libc_nano.a(lib_a-fflush.o)
                0x08001cb0                _fflush_r
 .text.fflush   0x08001d08       0x28 /usr/bin/../lib/gcc/arm-none-eabi/7.3.1/../../../../arm-none-eabi/lib/thumb/v6-m/libc_nano.a(lib_a-fflush.o)
                0x08001d08                fflush
 .text.std      0x08001d30       0x48 /usr/bin/../lib/gcc/arm-none-eabi/7.3.1/../../../../arm-none-eabi/lib/thumb/v6-m/libc_nano.a(lib_a-findfp.o)
 .text._cleanup_r
                0x08001d78       0x10 /usr/bin/../lib/gcc/arm-none-eabi/7.3.1/../../../../arm-none-eabi/lib/thumb/v6-m/libc_nano.a(lib_a-findfp.o)
                0x08001d78                _cleanup_r
 .text.__sfmoreglue
                0x08001d88       0x2c /usr/bin/../lib/gcc/arm-none-eabi/7.3.1/../../../../arm-none-eabi/lib/thumb/v6-m/libc_nano.a(lib_a-findfp.o)
                0x08001d88                __sfmoreglue
 .text.__sinit  0x08001db4       0x68 /usr/bin/../lib/gcc/arm-none-eabi/7.3.1/../../../../arm-none-eabi/lib/thumb/v6-m/libc_nano.a(lib_a-findfp.o)
                0x08001db4                __sinit
 .text.__sfp    0x08001e1c       0x7c /usr/bin/../lib/gcc/arm-none-eabi/7.3.1/../../../../arm-none-eabi/lib/thumb/v6-m/libc_nano.a(lib_a-findfp.o)
                0x08001e1c                __sfp
 .text._fwalk   0x08001e98       0x38 /usr/bin/../lib/gcc/arm-none-eabi/7.3.1/../../../../arm-none-eabi/lib/thumb/v6-m/libc_nano.a(lib_a-fwalk.o)
                0x08001e98                _fwalk
 .text._fwalk_reent
                0x08001ed0       0x42 /usr/bin/../lib/gcc/arm-none-eabi/7.3.1/../../../../arm-none-eabi/lib/thumb/v6-m/libc_nano.a(lib_a-fwalk.o)
                0x08001ed0                _fwalk_reent
 *fill*         0x08001f12        0x2 
 .text.getchar  0x08001f14       0x24 /usr/bin/../lib/gcc/arm-none-eabi/7.3.1/../../../../arm-none-eabi/lib/thumb/v6-m/libc_nano.a(lib_a-getchar.o)
                0x08001f14                getchar
 .text.__libc_init_array
                0x08001f38       0x48 /usr/bin/../lib/gcc/arm-none-eabi/7.3.1/../../../../arm-none-eabi/lib/thumb/v6-m/libc_nano.a(lib_a-init.o)
                0x08001f38                __libc_init_array
 .text.memcpy   0x08001f80       0x12 /usr/bin/../lib/gcc/arm-none-eabi/7.3.1/../../../../arm-none-eabi/lib/thumb/v6-m/libc_nano.a(lib_a-memcpy-stub.o)
                0x08001f80                memcpy
 .text.memset   0x08001f92       0x10 /usr/bin/../lib/gcc/arm-none-eabi/7.3.1/../../../../arm-none-eabi/lib/thumb/v6-m/libc_nano.a(lib_a-memset.o)
                0x08001f92                memset
 *fill*         0x08001fa2        0x2 
 .text._free_r  0x08001fa4       0x94 /usr/bin/../lib/gcc/arm-none-eabi/7.3.1/../../../../arm-none-eabi/lib/thumb/v6-m/libc_nano.a(lib_a-nano-freer.o)
                0x08001fa4                _free_r
 .text._malloc_r
                0x08002038       0xbc /usr/bin/../lib/gcc/arm-none-eabi/7.3.1/../../../../arm-none-eabi/lib/thumb/v6-m/libc_nano.a(lib_a-nano-mallocr.o)
                0x08002038                _malloc_r
 .text.printf   0x080020f4       0x34 /usr/bin/../lib/gcc/arm-none-eabi/7.3.1/../../../../arm-none-eabi/lib/thumb/v6-m/libc_nano.a(lib_a-printf.o)
                0x080020f4                printf
                0x080020f4                iprintf
 .text.putchar  0x08002128       0x28 /usr/bin/../lib/gcc/arm-none-eabi/7.3.1/../../../../arm-none-eabi/lib/thumb/v6-m/libc_nano.a(lib_a-putchar.o)
                0x08002128                putchar
 .text._puts_r  0x08002150       0xc0 /usr/bin/../lib/gcc/arm-none-eabi/7.3.1/../../../../arm-none-eabi/lib/thumb/v6-m/libc_nano.a(lib_a-puts.o)
                0x08002150                _puts_r
 .text.puts     0x08002210       0x14 /usr/bin/../lib/gcc/arm-none-eabi/7.3.1/../../../../arm-none-eabi/lib/thumb/v6-m/libc_nano.a(lib_a-puts.o)
                0x08002210                puts
 .text.__sread  0x08002224       0x28 /usr/bin/../lib/gcc/arm-none-eabi/7.3.1/../../../../arm-none-eabi/lib/thumb/v6-m/libc_nano.a(lib_a-stdio.o)
                0x08002224                __sread
 .text.__swrite
                0x0800224c       0x38 /usr/bin/../lib/gcc/arm-none-eabi/7.3.1/../../../../arm-none-eabi/lib/thumb/v6-m/libc_nano.a(lib_a-stdio.o)
                0x0800224c                __swrite
 .text.__sseek  0x08002284       0x2c /usr/bin/../lib/gcc/arm-none-eabi/7.3.1/../../../../arm-none-eabi/lib/thumb/v6-m/libc_nano.a(lib_a-stdio.o)
                0x08002284                __sseek
 .text.__sclose
                0x080022b0        0xc /usr/bin/../lib/gcc/arm-none-eabi/7.3.1/../../../../arm-none-eabi/lib/thumb/v6-m/libc_nano.a(lib_a-stdio.o)
                0x080022b0                __sclose
 .text          0x080022bc       0x14 /usr/bin/../lib/gcc/arm-none-eabi/7.3.1/../../../../arm-none-eabi/lib/thumb/v6-m/libc_nano.a(lib_a-strcmp.o)
                0x080022bc                strcmp
 .text.__swbuf_r
                0x080022d0       0xac /usr/bin/../lib/gcc/arm-none-eabi/7.3.1/../../../../arm-none-eabi/lib/thumb/v6-m/libc_nano.a(lib_a-wbuf.o)
                0x080022d0                __swbuf_r
 .text.__swsetup_r
                0x0800237c       0xec /usr/bin/../lib/gcc/arm-none-eabi/7.3.1/../../../../arm-none-eabi/lib/thumb/v6-m/libc_nano.a(lib_a-wsetup.o)
                0x0800237c                __swsetup_r
 .text._getc_r  0x08002468       0x5c /usr/bin/../lib/gcc/arm-none-eabi/7.3.1/../../../../arm-none-eabi/lib/thumb/v6-m/libc_nano.a(lib_a-getc.o)
                0x08002468                _getc_r
 .text.__swhatbuf_r
                0x080024c4       0x50 /usr/bin/../lib/gcc/arm-none-eabi/7.3.1/../../../../arm-none-eabi/lib/thumb/v6-m/libc_nano.a(lib_a-makebuf.o)
                0x080024c4                __swhatbuf_r
 .text.__smakebuf_r
                0x08002514       0x88 /usr/bin/../lib/gcc/arm-none-eabi/7.3.1/../../../../arm-none-eabi/lib/thumb/v6-m/libc_nano.a(lib_a-makebuf.o)
                0x08002514                __smakebuf_r
 .text.__malloc_lock
                0x0800259c        0x2 /usr/bin/../lib/gcc/arm-none-eabi/7.3.1/../../../../arm-none-eabi/lib/thumb/v6-m/libc_nano.a(lib_a-mlock.o)
                0x0800259c                __malloc_lock
 .text.__malloc_unlock
                0x0800259e        0x2 /usr/bin/../lib/gcc/arm-none-eabi/7.3.1/../../../../arm-none-eabi/lib/thumb/v6-m/libc_nano.a(lib_a-mlock.o)
                0x0800259e                __malloc_unlock
 .text.__sfputc_r
                0x080025a0       0x2a /usr/bin/../lib/gcc/arm-none-eabi/7.3.1/../../../../arm-none-eabi/lib/thumb/v6-m/libc_nano.a(lib_a-nano-vfprintf.o)
 .text.__sfputs_r
                0x080025ca       0x24 /usr/bin/../lib/gcc/arm-none-eabi/7.3.1/../../../../arm-none-eabi/lib/thumb/v6-m/libc_nano.a(lib_a-nano-vfprintf.o)
                0x080025ca                __sfputs_r
 *fill*         0x080025ee        0x2 
 .text._vfprintf_r
                0x080025f0      0x22c /usr/bin/../lib/gcc/arm-none-eabi/7.3.1/../../../../arm-none-eabi/lib/thumb/v6-m/libc_nano.a(lib_a-nano-vfprintf.o)
                0x080025f0                _vfiprintf_r
                0x080025f0                _vfprintf_r
 .text._printf_common
                0x0800281c       0xda /usr/bin/../lib/gcc/arm-none-eabi/7.3.1/../../../../arm-none-eabi/lib/thumb/v6-m/libc_nano.a(lib_a-nano-vfprintf_i.o)
                0x0800281c                _printf_common
 *fill*         0x080028f6        0x2 
 .text._printf_i
                0x080028f8      0x210 /usr/bin/../lib/gcc/arm-none-eabi/7.3.1/../../../../arm-none-eabi/lib/thumb/v6-m/libc_nano.a(lib_a-nano-vfprintf_i.o)
                0x080028f8                _printf_i
 .text._putc_r  0x08002b08       0x6c /usr/bin/../lib/gcc/arm-none-eabi/7.3.1/../../../../arm-none-eabi/lib/thumb/v6-m/libc_nano.a(lib_a-putc.o)
                0x08002b08                _putc_r
 .text.__srget_r
                0x08002b74       0x60 /usr/bin/../lib/gcc/arm-none-eabi/7.3.1/../../../../arm-none-eabi/lib/thumb/v6-m/libc_nano.a(lib_a-rget.o)
                0x08002b74                __srget_r
 .text.memchr   0x08002bd4       0x16 /usr/bin/../lib/gcc/arm-none-eabi/7.3.1/../../../../arm-none-eabi/lib/thumb/v6-m/libc_nano.a(lib_a-memchr-stub.o)
                0x08002bd4                memchr
 .text.lflush   0x08002bea       0x18 /usr/bin/../lib/gcc/arm-none-eabi/7.3.1/../../../../arm-none-eabi/lib/thumb/v6-m/libc_nano.a(lib_a-refill.o)
 *fill*         0x08002c02        0x2 
 .text.__srefill_r
                0x08002c04      0x124 /usr/bin/../lib/gcc/arm-none-eabi/7.3.1/../../../../arm-none-eabi/lib/thumb/v6-m/libc_nano.a(lib_a-refill.o)
                0x08002c04                __srefill_r
 *(.glue_7t)
 .glue_7t       0x08002d28        0x0 linker stubs
 *(.glue_7)
 .glue_7        0x08002d28        0x0 linker stubs
 *(.rodata .rodata* .gnu.linkonce.r.*)
 .rodata.MultiplyDeBruijnBitPosition
                0x08002d28       0x20 /home/etudiant/riot/DII5_Riot/Base_thread_spi/bin/nucleo-l073rz/core.a(bitarithm.o)
                0x08002d28                MultiplyDeBruijnBitPosition
 .rodata.dummy_handler_default.str1.1
                0x08002d48        0xe /home/etudiant/riot/DII5_Riot/Base_thread_spi/bin/nucleo-l073rz/cortexm_common.a(vectors_cortexm.o)
 .rodata.hard_fault_handler.str1.1
                0x08002d56      0x18b /home/etudiant/riot/DII5_Riot/Base_thread_spi/bin/nucleo-l073rz/cortexm_common.a(vectors_cortexm.o)
 .rodata.nmi_default.str1.1
                0x08002ee1        0xc /home/etudiant/riot/DII5_Riot/Base_thread_spi/bin/nucleo-l073rz/cortexm_common.a(vectors_cortexm.o)
 *fill*         0x08002eed        0x3 
 .rodata.uart_config
                0x08002ef0       0x38 /home/etudiant/riot/DII5_Riot/Base_thread_spi/bin/nucleo-l073rz/stm32_common_periph.a(uart.o)
 .rodata.assert_crash_message
                0x08002f28       0x12 /home/etudiant/riot/DII5_Riot/Base_thread_spi/bin/nucleo-l073rz/core.a(panic.o)
                0x08002f28                assert_crash_message
 .rodata.core_panic.str1.1
                0x08002f3a       0x2e /home/etudiant/riot/DII5_Riot/Base_thread_spi/bin/nucleo-l073rz/core.a(panic.o)
                                 0x30 (size before relaxing)
 .rodata.main_trampoline.str1.1
                0x08002f68       0x3b /home/etudiant/riot/DII5_Riot/Base_thread_spi/bin/nucleo-l073rz/core.a(kernel_init.o)
 .rodata.str1.1
                0x08002fa3        0xa /home/etudiant/riot/DII5_Riot/Base_thread_spi/bin/nucleo-l073rz/core.a(kernel_init.o)
 .rodata        0x08002fad        0x2 /home/etudiant/riot/DII5_Riot/Base_thread_spi/bin/nucleo-l073rz/ps.a(ps.o)
 .rodata.ps.str1.1
                0x08002faf       0xf7 /home/etudiant/riot/DII5_Riot/Base_thread_spi/bin/nucleo-l073rz/ps.a(ps.o)
                                 0xfd (size before relaxing)
 *fill*         0x080030a6        0x2 
 .rodata.state_names
                0x080030a8       0x30 /home/etudiant/riot/DII5_Riot/Base_thread_spi/bin/nucleo-l073rz/ps.a(ps.o)
 .rodata.str1.1
                0x080030d8       0x63 /home/etudiant/riot/DII5_Riot/Base_thread_spi/bin/nucleo-l073rz/ps.a(ps.o)
 .rodata.apbmul
                0x0800313b        0x2 /home/etudiant/riot/DII5_Riot/Base_thread_spi/bin/nucleo-l073rz/stm32_common.a(cpu_common.o)
 *fill*         0x0800313d        0x3 
 .rodata.timer_config
                0x08003140       0x10 /home/etudiant/riot/DII5_Riot/Base_thread_spi/bin/nucleo-l073rz/stm32_common_periph.a(timer.o)
 .rodata.custom_handler.str1.1
                0x08003150        0xf /home/etudiant/riot/DII5_Riot/Base_thread_spi/bin/nucleo-l073rz/application_helloworld.a(main.o)
 .rodata.led0_handler.str1.1
                0x0800315f       0x21 /home/etudiant/riot/DII5_Riot/Base_thread_spi/bin/nucleo-l073rz/application_helloworld.a(main.o)
                                 0x25 (size before relaxing)
 .rodata.main.str1.1
                0x08003180       0x28 /home/etudiant/riot/DII5_Riot/Base_thread_spi/bin/nucleo-l073rz/application_helloworld.a(main.o)
 .rodata.max31855_readtemp.str1.1
                0x080031a8       0x19 /home/etudiant/riot/DII5_Riot/Base_thread_spi/bin/nucleo-l073rz/application_helloworld.a(main.o)
 *fill*         0x080031c1        0x3 
 .rodata.shell_commands.6320
                0x080031c4       0x30 /home/etudiant/riot/DII5_Riot/Base_thread_spi/bin/nucleo-l073rz/application_helloworld.a(main.o)
 .rodata.str1.1
                0x080031f4       0x40 /home/etudiant/riot/DII5_Riot/Base_thread_spi/bin/nucleo-l073rz/application_helloworld.a(main.o)
 .rodata.target_handler.str1.1
                0x08003234       0x1b /home/etudiant/riot/DII5_Riot/Base_thread_spi/bin/nucleo-l073rz/application_helloworld.a(main.o)
 .rodata.shell_run.str1.1
                0x0800324f       0x82 /home/etudiant/riot/DII5_Riot/Base_thread_spi/bin/nucleo-l073rz/shell.a(shell.o)
 *fill*         0x080032d1        0x3 
 .rodata._shell_command_list
                0x080032d4       0x24 /home/etudiant/riot/DII5_Riot/Base_thread_spi/bin/nucleo-l073rz/shell_commands.a(shell_commands.o)
                0x080032d4                _shell_command_list
 .rodata.str1.1
                0x080032f8       0x44 /home/etudiant/riot/DII5_Riot/Base_thread_spi/bin/nucleo-l073rz/shell_commands.a(shell_commands.o)
 .rodata.__sf_fake_stderr
                0x0800333c       0x20 /usr/bin/../lib/gcc/arm-none-eabi/7.3.1/../../../../arm-none-eabi/lib/thumb/v6-m/libc_nano.a(lib_a-findfp.o)
                0x0800333c                __sf_fake_stderr
 .rodata.__sf_fake_stdin
                0x0800335c       0x20 /usr/bin/../lib/gcc/arm-none-eabi/7.3.1/../../../../arm-none-eabi/lib/thumb/v6-m/libc_nano.a(lib_a-findfp.o)
                0x0800335c                __sf_fake_stdin
 .rodata.__sf_fake_stdout
                0x0800337c       0x20 /usr/bin/../lib/gcc/arm-none-eabi/7.3.1/../../../../arm-none-eabi/lib/thumb/v6-m/libc_nano.a(lib_a-findfp.o)
                0x0800337c                __sf_fake_stdout
 .rodata._global_impure_ptr
                0x0800339c        0x4 /usr/bin/../lib/gcc/arm-none-eabi/7.3.1/../../../../arm-none-eabi/lib/thumb/v6-m/libc_nano.a(lib_a-impure.o)
                0x0800339c                _global_impure_ptr
 .rodata._vfprintf_r.str1.1
                0x080033a0       0x11 /usr/bin/../lib/gcc/arm-none-eabi/7.3.1/../../../../arm-none-eabi/lib/thumb/v6-m/libc_nano.a(lib_a-nano-vfprintf.o)
 .rodata._printf_i.str1.1
                0x080033b1       0x22 /usr/bin/../lib/gcc/arm-none-eabi/7.3.1/../../../../arm-none-eabi/lib/thumb/v6-m/libc_nano.a(lib_a-nano-vfprintf_i.o)
 *(.ARM.extab* .gnu.linkonce.armextab.*)
                0x080033d4                . = ALIGN (0x4)
 *fill*         0x080033d3        0x1 
 *(.init)
                0x080033d4                . = ALIGN (0x4)
                0x080033d4                __preinit_array_start = .
 *(.preinit_array)
                0x080033d4                __preinit_array_end = .
                0x080033d4                . = ALIGN (0x4)
                0x080033d4                __init_array_start = .
 *(SORT_BY_NAME(.init_array.*))
 *(.init_array)
                0x080033d4                __init_array_end = .
                0x080033d4                . = ALIGN (0x4)
 *crtbegin.o(.ctors)
 *(EXCLUDE_FILE(*crtend.o) .ctors)
 *(SORT_BY_NAME(.ctors.*))
 *crtend.o(.ctors)
                0x080033d4                . = ALIGN (0x4)
 *(.fini)
                0x080033d4                . = ALIGN (0x4)
                0x080033d4                __fini_array_start = .
 *(.fini_array)
 *(SORT_BY_NAME(.fini_array.*))
                0x080033d4                __fini_array_end = .
 *crtbegin.o(.dtors)
 *(EXCLUDE_FILE(*crtend.o) .dtors)
 *(SORT_BY_NAME(.dtors.*))
 *crtend.o(.dtors)
                0x080033d4                . = ALIGN (0x4)
                0x080033d4                _efixed = .
                [!provide]                PROVIDE (__exidx_start = .)

.vfp11_veneer   0x080033d4        0x0
 .vfp11_veneer  0x080033d4        0x0 linker stubs

.v4_bx          0x080033d4        0x0
 .v4_bx         0x080033d4        0x0 linker stubs

.iplt           0x080033d4        0x0
 .iplt          0x080033d4        0x0 /home/etudiant/riot/DII5_Riot/Base_thread_spi/bin/nucleo-l073rz/cpu/vectors.o

.igot.plt       0x080033d4        0x0
 .igot.plt      0x080033d4        0x0 /home/etudiant/riot/DII5_Riot/Base_thread_spi/bin/nucleo-l073rz/cpu/vectors.o

.rel.dyn        0x080033d4        0x0
 .rel.iplt      0x080033d4        0x0 /home/etudiant/riot/DII5_Riot/Base_thread_spi/bin/nucleo-l073rz/cpu/vectors.o

.ARM.exidx
 *(.ARM.exidx* .gnu.linkonce.armexidx.*)
                [!provide]                PROVIDE (__exidx_end = .)
                0x080033d4                . = ALIGN (0x4)

.eh_frame
 *(.eh_frame)
                0x080033d4                . = ALIGN (0x4)
                0x080033d4                _etext = .

.stack          0x20000000      0x200
 *(.puf)
                0x20000000                . = ALIGN (0x8)
                0x20000000                _sstack = .
 *(.isr_stack)
 .isr_stack     0x20000000      0x200 /home/etudiant/riot/DII5_Riot/Base_thread_spi/bin/nucleo-l073rz/cortexm_common.a(vectors_cortexm.o)
                0x20000000                isr_stack
                0x20000200                . = ALIGN (0x8)
                0x20000200                _estack = .

.relocate       0x20000200       0x8c load address 0x080033d4
                0x20000200                . = ALIGN (0x4)
                0x20000200                _srelocate = .
 *(.ramfunc .ramfunc.*)
 *(.data .data.*)
 .data.heap_top
                0x20000200        0x4 /home/etudiant/riot/DII5_Riot/Base_thread_spi/bin/nucleo-l073rz/newlib_syscalls_default/syscalls.o
                0x20000200                heap_top
 .data.stdio_uart_isrpipe
                0x20000204       0x14 /home/etudiant/riot/DII5_Riot/Base_thread_spi/bin/nucleo-l073rz/stdio_uart.a(stdio_uart.o)
                0x20000204                stdio_uart_isrpipe
 .data.idle_name
                0x20000218        0x4 /home/etudiant/riot/DII5_Riot/Base_thread_spi/bin/nucleo-l073rz/core.a(kernel_init.o)
                0x20000218                idle_name
 .data.main_name
                0x2000021c        0x4 /home/etudiant/riot/DII5_Riot/Base_thread_spi/bin/nucleo-l073rz/core.a(kernel_init.o)
                0x2000021c                main_name
 .data.pm_blocker
                0x20000220        0x4 /home/etudiant/riot/DII5_Riot/Base_thread_spi/bin/nucleo-l073rz/pm_layered.a(pm.o)
                0x20000220                pm_blocker
 .data._impure_ptr
                0x20000224        0x4 /usr/bin/../lib/gcc/arm-none-eabi/7.3.1/../../../../arm-none-eabi/lib/thumb/v6-m/libc_nano.a(lib_a-impure.o)
                0x20000224                _impure_ptr
 .data.impure_data
                0x20000228       0x60 /usr/bin/../lib/gcc/arm-none-eabi/7.3.1/../../../../arm-none-eabi/lib/thumb/v6-m/libc_nano.a(lib_a-impure.o)
 *(.openocd .openocd.*)
 .openocd       0x20000288        0x2 /home/etudiant/riot/DII5_Riot/Base_thread_spi/bin/nucleo-l073rz/core.a(sched.o)
                0x20000288                _tcb_name_offset
                0x20000289                max_threads
                0x2000028c                . = ALIGN (0x4)
 *fill*         0x2000028a        0x2 
                0x2000028c                _erelocate = .

.bss            0x2000028c      0xee0 load address 0x08003460
                0x2000028c                . = ALIGN (0x4)
                0x2000028c                _sbss = .
                0x2000028c                _szero = .
 *(.bss .bss.*)
 .bss.runqueue_bitcache
                0x2000028c        0x4 /home/etudiant/riot/DII5_Riot/Base_thread_spi/bin/nucleo-l073rz/core.a(sched.o)
 .bss.sched_active_pid
                0x20000290        0x2 /home/etudiant/riot/DII5_Riot/Base_thread_spi/bin/nucleo-l073rz/core.a(sched.o)
                0x20000290                sched_active_pid
 *fill*         0x20000292        0x2 
 .bss.sched_active_thread
                0x20000294        0x4 /home/etudiant/riot/DII5_Riot/Base_thread_spi/bin/nucleo-l073rz/core.a(sched.o)
                0x20000294                sched_active_thread
 .bss.sched_context_switch_request
                0x20000298        0x4 /home/etudiant/riot/DII5_Riot/Base_thread_spi/bin/nucleo-l073rz/core.a(sched.o)
                0x20000298                sched_context_switch_request
 .bss.sched_num_threads
                0x2000029c        0x4 /home/etudiant/riot/DII5_Riot/Base_thread_spi/bin/nucleo-l073rz/core.a(sched.o)
                0x2000029c                sched_num_threads
 .bss.sched_runqueues
                0x200002a0       0x40 /home/etudiant/riot/DII5_Riot/Base_thread_spi/bin/nucleo-l073rz/core.a(sched.o)
                0x200002a0                sched_runqueues
 .bss.sched_threads
                0x200002e0       0x84 /home/etudiant/riot/DII5_Riot/Base_thread_spi/bin/nucleo-l073rz/core.a(sched.o)
                0x200002e0                sched_threads
 .bss._rx_buf_mem
                0x20000364       0x40 /home/etudiant/riot/DII5_Riot/Base_thread_spi/bin/nucleo-l073rz/stdio_uart.a(stdio_uart.o)
 .bss.isr_ctx   0x200003a4       0x18 /home/etudiant/riot/DII5_Riot/Base_thread_spi/bin/nucleo-l073rz/stm32_common_periph.a(uart.o)
 .bss.isr_ctx   0x200003bc       0x80 /home/etudiant/riot/DII5_Riot/Base_thread_spi/bin/nucleo-l073rz/stm32_common_periph.a(gpio.o)
 .bss._in_handler
                0x2000043c        0x4 /home/etudiant/riot/DII5_Riot/Base_thread_spi/bin/nucleo-l073rz/xtimer.a(xtimer_core.o)
 .bss._long_cnt
                0x20000440        0x4 /home/etudiant/riot/DII5_Riot/Base_thread_spi/bin/nucleo-l073rz/xtimer.a(xtimer_core.o)
 .bss._xtimer_high_cnt
                0x20000444        0x4 /home/etudiant/riot/DII5_Riot/Base_thread_spi/bin/nucleo-l073rz/xtimer.a(xtimer_core.o)
                0x20000444                _xtimer_high_cnt
 .bss.long_list_head
                0x20000448        0x4 /home/etudiant/riot/DII5_Riot/Base_thread_spi/bin/nucleo-l073rz/xtimer.a(xtimer_core.o)
 .bss.overflow_list_head
                0x2000044c        0x4 /home/etudiant/riot/DII5_Riot/Base_thread_spi/bin/nucleo-l073rz/xtimer.a(xtimer_core.o)
 .bss.timer_list_head
                0x20000450        0x4 /home/etudiant/riot/DII5_Riot/Base_thread_spi/bin/nucleo-l073rz/xtimer.a(xtimer_core.o)
 .bss.crashed   0x20000454        0x4 /home/etudiant/riot/DII5_Riot/Base_thread_spi/bin/nucleo-l073rz/core.a(panic.o)
 .bss.idle_stack
                0x20000458      0x100 /home/etudiant/riot/DII5_Riot/Base_thread_spi/bin/nucleo-l073rz/core.a(kernel_init.o)
 .bss.main_stack
                0x20000558      0x600 /home/etudiant/riot/DII5_Riot/Base_thread_spi/bin/nucleo-l073rz/core.a(kernel_init.o)
 .bss.isr_ctx   0x20000b58        0x8 /home/etudiant/riot/DII5_Riot/Base_thread_spi/bin/nucleo-l073rz/stm32_common_periph.a(timer.o)
 .bss.wait_pid  0x20000b60        0x2 /home/etudiant/riot/DII5_Riot/Base_thread_spi/bin/nucleo-l073rz/application_helloworld.a(main.o)
 .bss.waiting_thread_stack
                0x20000b62      0x600 /home/etudiant/riot/DII5_Riot/Base_thread_spi/bin/nucleo-l073rz/application_helloworld.a(main.o)
                0x20000b62                waiting_thread_stack
 *fill*         0x20001162        0x2 
 .bss.__malloc_free_list
                0x20001164        0x4 /usr/bin/../lib/gcc/arm-none-eabi/7.3.1/../../../../arm-none-eabi/lib/thumb/v6-m/libc_nano.a(lib_a-nano-mallocr.o)
                0x20001164                __malloc_free_list
 .bss.__malloc_sbrk_start
                0x20001168        0x4 /usr/bin/../lib/gcc/arm-none-eabi/7.3.1/../../../../arm-none-eabi/lib/thumb/v6-m/libc_nano.a(lib_a-nano-mallocr.o)
                0x20001168                __malloc_sbrk_start
 *(COMMON)
                0x2000116c                . = ALIGN (0x4)
                0x2000116c                _ebss = .
                0x2000116c                _ezero = .

.noinit         0x2000116c        0x0 load address 0x08003460
                0x2000116c                __noinit_start = .
 *(.noinit)
                0x2000116c                . = ALIGN (0x4)
                0x2000116c                __noinit_end = .
                0x2000116c                . = ALIGN (0x4)
                0x2000116c                _sheap = .
                0x20005000                _eheap = (ORIGIN (ram) + LENGTH (ram))
                0x20000000                _sram = ORIGIN (ram)
                0x20005000                _eram = (ORIGIN (ram) + LENGTH (ram))
OUTPUT(/home/etudiant/riot/DII5_Riot/Base_thread_spi/bin/nucleo-l073rz/helloworld.elf elf32-littlearm)

.debug_info     0x00000000    0x25d24
 .debug_info    0x00000000       0xd7 /home/etudiant/riot/DII5_Riot/Base_thread_spi/bin/nucleo-l073rz/cpu/vectors.o
 .debug_info    0x000000d7     0x1fdc /home/etudiant/riot/DII5_Riot/Base_thread_spi/bin/nucleo-l073rz/newlib_syscalls_default/syscalls.o
 .debug_info    0x000020b3      0xe44 /home/etudiant/riot/DII5_Riot/Base_thread_spi/bin/nucleo-l073rz/core.a(sched.o)
 .debug_info    0x00002ef7      0x936 /home/etudiant/riot/DII5_Riot/Base_thread_spi/bin/nucleo-l073rz/core.a(bitarithm.o)
 .debug_info    0x0000382d      0xee2 /home/etudiant/riot/DII5_Riot/Base_thread_spi/bin/nucleo-l073rz/cortexm_common.a(thread_arch.o)
 .debug_info    0x0000470f     0x1ad4 /home/etudiant/riot/DII5_Riot/Base_thread_spi/bin/nucleo-l073rz/cortexm_common.a(vectors_cortexm.o)
 .debug_info    0x000061e3      0xccc /home/etudiant/riot/DII5_Riot/Base_thread_spi/bin/nucleo-l073rz/cortexm_common.a(irq_arch.o)
 .debug_info    0x00006eaf     0x1853 /home/etudiant/riot/DII5_Riot/Base_thread_spi/bin/nucleo-l073rz/stdio_uart.a(stdio_uart.o)
 .debug_info    0x00008702     0x1ccb /home/etudiant/riot/DII5_Riot/Base_thread_spi/bin/nucleo-l073rz/stm32_common_periph.a(uart.o)
 .debug_info    0x0000a3cd      0xd32 /home/etudiant/riot/DII5_Riot/Base_thread_spi/bin/nucleo-l073rz/stm32_common_periph.a(pm.o)
 .debug_info    0x0000b0ff     0x1df1 /home/etudiant/riot/DII5_Riot/Base_thread_spi/bin/nucleo-l073rz/stm32_common_periph.a(gpio.o)
 .debug_info    0x0000cef0     0x2382 /home/etudiant/riot/DII5_Riot/Base_thread_spi/bin/nucleo-l073rz/xtimer.a(xtimer_core.o)
 .debug_info    0x0000f272     0x15d5 /home/etudiant/riot/DII5_Riot/Base_thread_spi/bin/nucleo-l073rz/boards_common_nucleo.a(board.o)
 .debug_info    0x00010847      0xd29 /home/etudiant/riot/DII5_Riot/Base_thread_spi/bin/nucleo-l073rz/core.a(panic.o)
 .debug_info    0x00011570      0xd82 /home/etudiant/riot/DII5_Riot/Base_thread_spi/bin/nucleo-l073rz/core.a(kernel_init.o)
 .debug_info    0x000122f2     0x11d1 /home/etudiant/riot/DII5_Riot/Base_thread_spi/bin/nucleo-l073rz/core.a(thread.o)
 .debug_info    0x000134c3      0x412 /home/etudiant/riot/DII5_Riot/Base_thread_spi/bin/nucleo-l073rz/isrpipe.a(isrpipe.o)
 .debug_info    0x000138d5      0xd36 /home/etudiant/riot/DII5_Riot/Base_thread_spi/bin/nucleo-l073rz/pm_layered.a(pm.o)
 .debug_info    0x0001460b      0xdd4 /home/etudiant/riot/DII5_Riot/Base_thread_spi/bin/nucleo-l073rz/ps.a(ps.o)
 .debug_info    0x000153df      0xc4e /home/etudiant/riot/DII5_Riot/Base_thread_spi/bin/nucleo-l073rz/stm32_common.a(cpu_init.o)
 .debug_info    0x0001602d     0x17ca /home/etudiant/riot/DII5_Riot/Base_thread_spi/bin/nucleo-l073rz/stm32_common.a(stmclk_l0l1.o)
 .debug_info    0x000177f7     0x15d3 /home/etudiant/riot/DII5_Riot/Base_thread_spi/bin/nucleo-l073rz/stm32_common.a(cpu_common.o)
 .debug_info    0x00018dca     0x1926 /home/etudiant/riot/DII5_Riot/Base_thread_spi/bin/nucleo-l073rz/stm32_common_periph.a(timer.o)
 .debug_info    0x0001a6f0      0x3ea /home/etudiant/riot/DII5_Riot/Base_thread_spi/bin/nucleo-l073rz/tsrb.a(tsrb.o)
 .debug_info    0x0001aada       0x3b /home/etudiant/riot/DII5_Riot/Base_thread_spi/bin/nucleo-l073rz/periph_common.a(init.o)
 .debug_info    0x0001ab15     0x1d2d /home/etudiant/riot/DII5_Riot/Base_thread_spi/bin/nucleo-l073rz/application_helloworld.a(main.o)
 .debug_info    0x0001c842     0x15e0 /home/etudiant/riot/DII5_Riot/Base_thread_spi/bin/nucleo-l073rz/auto_init.a(auto_init.o)
 .debug_info    0x0001de22      0xea8 /home/etudiant/riot/DII5_Riot/Base_thread_spi/bin/nucleo-l073rz/core.a(mutex.o)
 .debug_info    0x0001ecca     0x17b9 /home/etudiant/riot/DII5_Riot/Base_thread_spi/bin/nucleo-l073rz/core.a(msg.o)
 .debug_info    0x00020483      0xf77 /home/etudiant/riot/DII5_Riot/Base_thread_spi/bin/nucleo-l073rz/cortexm_common.a(cortexm_init.o)
 .debug_info    0x000213fa      0xfa6 /home/etudiant/riot/DII5_Riot/Base_thread_spi/bin/nucleo-l073rz/shell.a(shell.o)
 .debug_info    0x000223a0      0x90e /home/etudiant/riot/DII5_Riot/Base_thread_spi/bin/nucleo-l073rz/shell_commands.a(shell_commands.o)
 .debug_info    0x00022cae      0xba6 /home/etudiant/riot/DII5_Riot/Base_thread_spi/bin/nucleo-l073rz/shell_commands.a(sc_sys.o)
 .debug_info    0x00023854       0x8e /home/etudiant/riot/DII5_Riot/Base_thread_spi/bin/nucleo-l073rz/shell_commands.a(sc_ps.o)
 .debug_info    0x000238e2     0x17ec /home/etudiant/riot/DII5_Riot/Base_thread_spi/bin/nucleo-l073rz/periph_common.a(spi.o)
 .debug_info    0x000250ce      0xc56 /home/etudiant/riot/DII5_Riot/Base_thread_spi/bin/nucleo-l073rz/cortexm_common_periph.a(pm.o)

.debug_abbrev   0x00000000     0x5aae
 .debug_abbrev  0x00000000       0xaa /home/etudiant/riot/DII5_Riot/Base_thread_spi/bin/nucleo-l073rz/cpu/vectors.o
 .debug_abbrev  0x000000aa      0x428 /home/etudiant/riot/DII5_Riot/Base_thread_spi/bin/nucleo-l073rz/newlib_syscalls_default/syscalls.o
 .debug_abbrev  0x000004d2      0x32f /home/etudiant/riot/DII5_Riot/Base_thread_spi/bin/nucleo-l073rz/core.a(sched.o)
 .debug_abbrev  0x00000801      0x1bf /home/etudiant/riot/DII5_Riot/Base_thread_spi/bin/nucleo-l073rz/core.a(bitarithm.o)
 .debug_abbrev  0x000009c0      0x317 /home/etudiant/riot/DII5_Riot/Base_thread_spi/bin/nucleo-l073rz/cortexm_common.a(thread_arch.o)
 .debug_abbrev  0x00000cd7      0x37d /home/etudiant/riot/DII5_Riot/Base_thread_spi/bin/nucleo-l073rz/cortexm_common.a(vectors_cortexm.o)
 .debug_abbrev  0x00001054      0x289 /home/etudiant/riot/DII5_Riot/Base_thread_spi/bin/nucleo-l073rz/cortexm_common.a(irq_arch.o)
 .debug_abbrev  0x000012dd      0x279 /home/etudiant/riot/DII5_Riot/Base_thread_spi/bin/nucleo-l073rz/stdio_uart.a(stdio_uart.o)
 .debug_abbrev  0x00001556      0x41e /home/etudiant/riot/DII5_Riot/Base_thread_spi/bin/nucleo-l073rz/stm32_common_periph.a(uart.o)
 .debug_abbrev  0x00001974      0x27a /home/etudiant/riot/DII5_Riot/Base_thread_spi/bin/nucleo-l073rz/stm32_common_periph.a(pm.o)
 .debug_abbrev  0x00001bee      0x387 /home/etudiant/riot/DII5_Riot/Base_thread_spi/bin/nucleo-l073rz/stm32_common_periph.a(gpio.o)
 .debug_abbrev  0x00001f75      0x514 /home/etudiant/riot/DII5_Riot/Base_thread_spi/bin/nucleo-l073rz/xtimer.a(xtimer_core.o)
 .debug_abbrev  0x00002489      0x1f2 /home/etudiant/riot/DII5_Riot/Base_thread_spi/bin/nucleo-l073rz/boards_common_nucleo.a(board.o)
 .debug_abbrev  0x0000267b      0x281 /home/etudiant/riot/DII5_Riot/Base_thread_spi/bin/nucleo-l073rz/core.a(panic.o)
 .debug_abbrev  0x000028fc      0x241 /home/etudiant/riot/DII5_Riot/Base_thread_spi/bin/nucleo-l073rz/core.a(kernel_init.o)
 .debug_abbrev  0x00002b3d      0x346 /home/etudiant/riot/DII5_Riot/Base_thread_spi/bin/nucleo-l073rz/core.a(thread.o)
 .debug_abbrev  0x00002e83      0x1c1 /home/etudiant/riot/DII5_Riot/Base_thread_spi/bin/nucleo-l073rz/isrpipe.a(isrpipe.o)
 .debug_abbrev  0x00003044      0x218 /home/etudiant/riot/DII5_Riot/Base_thread_spi/bin/nucleo-l073rz/pm_layered.a(pm.o)
 .debug_abbrev  0x0000325c      0x25b /home/etudiant/riot/DII5_Riot/Base_thread_spi/bin/nucleo-l073rz/ps.a(ps.o)
 .debug_abbrev  0x000034b7      0x1f8 /home/etudiant/riot/DII5_Riot/Base_thread_spi/bin/nucleo-l073rz/stm32_common.a(cpu_init.o)
 .debug_abbrev  0x000036af      0x1d4 /home/etudiant/riot/DII5_Riot/Base_thread_spi/bin/nucleo-l073rz/stm32_common.a(stmclk_l0l1.o)
 .debug_abbrev  0x00003883      0x290 /home/etudiant/riot/DII5_Riot/Base_thread_spi/bin/nucleo-l073rz/stm32_common.a(cpu_common.o)
 .debug_abbrev  0x00003b13      0x393 /home/etudiant/riot/DII5_Riot/Base_thread_spi/bin/nucleo-l073rz/stm32_common_periph.a(timer.o)
 .debug_abbrev  0x00003ea6      0x193 /home/etudiant/riot/DII5_Riot/Base_thread_spi/bin/nucleo-l073rz/tsrb.a(tsrb.o)
 .debug_abbrev  0x00004039       0x2f /home/etudiant/riot/DII5_Riot/Base_thread_spi/bin/nucleo-l073rz/periph_common.a(init.o)
 .debug_abbrev  0x00004068      0x331 /home/etudiant/riot/DII5_Riot/Base_thread_spi/bin/nucleo-l073rz/application_helloworld.a(main.o)
 .debug_abbrev  0x00004399      0x1f2 /home/etudiant/riot/DII5_Riot/Base_thread_spi/bin/nucleo-l073rz/auto_init.a(auto_init.o)
 .debug_abbrev  0x0000458b      0x2bd /home/etudiant/riot/DII5_Riot/Base_thread_spi/bin/nucleo-l073rz/core.a(mutex.o)
 .debug_abbrev  0x00004848      0x422 /home/etudiant/riot/DII5_Riot/Base_thread_spi/bin/nucleo-l073rz/core.a(msg.o)
 .debug_abbrev  0x00004c6a      0x2ef /home/etudiant/riot/DII5_Riot/Base_thread_spi/bin/nucleo-l073rz/cortexm_common.a(cortexm_init.o)
 .debug_abbrev  0x00004f59      0x33b /home/etudiant/riot/DII5_Riot/Base_thread_spi/bin/nucleo-l073rz/shell.a(shell.o)
 .debug_abbrev  0x00005294      0x16a /home/etudiant/riot/DII5_Riot/Base_thread_spi/bin/nucleo-l073rz/shell_commands.a(shell_commands.o)
 .debug_abbrev  0x000053fe      0x1d6 /home/etudiant/riot/DII5_Riot/Base_thread_spi/bin/nucleo-l073rz/shell_commands.a(sc_sys.o)
 .debug_abbrev  0x000055d4       0x7d /home/etudiant/riot/DII5_Riot/Base_thread_spi/bin/nucleo-l073rz/shell_commands.a(sc_ps.o)
 .debug_abbrev  0x00005651      0x268 /home/etudiant/riot/DII5_Riot/Base_thread_spi/bin/nucleo-l073rz/periph_common.a(spi.o)
 .debug_abbrev  0x000058b9      0x1f5 /home/etudiant/riot/DII5_Riot/Base_thread_spi/bin/nucleo-l073rz/cortexm_common_periph.a(pm.o)

.debug_aranges  0x00000000      0x878
 .debug_aranges
                0x00000000       0x20 /home/etudiant/riot/DII5_Riot/Base_thread_spi/bin/nucleo-l073rz/cpu/vectors.o
 .debug_aranges
                0x00000020       0xb8 /home/etudiant/riot/DII5_Riot/Base_thread_spi/bin/nucleo-l073rz/newlib_syscalls_default/syscalls.o
 .debug_aranges
                0x000000d8       0x38 /home/etudiant/riot/DII5_Riot/Base_thread_spi/bin/nucleo-l073rz/core.a(sched.o)
 .debug_aranges
                0x00000110       0x28 /home/etudiant/riot/DII5_Riot/Base_thread_spi/bin/nucleo-l073rz/core.a(bitarithm.o)
 .debug_aranges
                0x00000138       0x60 /home/etudiant/riot/DII5_Riot/Base_thread_spi/bin/nucleo-l073rz/cortexm_common.a(thread_arch.o)
 .debug_aranges
                0x00000198       0x48 /home/etudiant/riot/DII5_Riot/Base_thread_spi/bin/nucleo-l073rz/cortexm_common.a(vectors_cortexm.o)
 .debug_aranges
                0x000001e0       0x38 /home/etudiant/riot/DII5_Riot/Base_thread_spi/bin/nucleo-l073rz/cortexm_common.a(irq_arch.o)
 .debug_aranges
                0x00000218       0x30 /home/etudiant/riot/DII5_Riot/Base_thread_spi/bin/nucleo-l073rz/stdio_uart.a(stdio_uart.o)
 .debug_aranges
                0x00000248       0x58 /home/etudiant/riot/DII5_Riot/Base_thread_spi/bin/nucleo-l073rz/stm32_common_periph.a(uart.o)
 .debug_aranges
                0x000002a0       0x28 /home/etudiant/riot/DII5_Riot/Base_thread_spi/bin/nucleo-l073rz/stm32_common_periph.a(pm.o)
 .debug_aranges
                0x000002c8       0x78 /home/etudiant/riot/DII5_Riot/Base_thread_spi/bin/nucleo-l073rz/stm32_common_periph.a(gpio.o)
 .debug_aranges
                0x00000340       0x80 /home/etudiant/riot/DII5_Riot/Base_thread_spi/bin/nucleo-l073rz/xtimer.a(xtimer_core.o)
 .debug_aranges
                0x000003c0       0x20 /home/etudiant/riot/DII5_Riot/Base_thread_spi/bin/nucleo-l073rz/boards_common_nucleo.a(board.o)
 .debug_aranges
                0x000003e0       0x28 /home/etudiant/riot/DII5_Riot/Base_thread_spi/bin/nucleo-l073rz/core.a(panic.o)
 .debug_aranges
                0x00000408       0x30 /home/etudiant/riot/DII5_Riot/Base_thread_spi/bin/nucleo-l073rz/core.a(kernel_init.o)
 .debug_aranges
                0x00000438       0x60 /home/etudiant/riot/DII5_Riot/Base_thread_spi/bin/nucleo-l073rz/core.a(thread.o)
 .debug_aranges
                0x00000498       0x30 /home/etudiant/riot/DII5_Riot/Base_thread_spi/bin/nucleo-l073rz/isrpipe.a(isrpipe.o)
 .debug_aranges
                0x000004c8       0x30 /home/etudiant/riot/DII5_Riot/Base_thread_spi/bin/nucleo-l073rz/pm_layered.a(pm.o)
 .debug_aranges
                0x000004f8       0x20 /home/etudiant/riot/DII5_Riot/Base_thread_spi/bin/nucleo-l073rz/ps.a(ps.o)
 .debug_aranges
                0x00000518       0x20 /home/etudiant/riot/DII5_Riot/Base_thread_spi/bin/nucleo-l073rz/stm32_common.a(cpu_init.o)
 .debug_aranges
                0x00000538       0x20 /home/etudiant/riot/DII5_Riot/Base_thread_spi/bin/nucleo-l073rz/stm32_common.a(stmclk_l0l1.o)
 .debug_aranges
                0x00000558       0x38 /home/etudiant/riot/DII5_Riot/Base_thread_spi/bin/nucleo-l073rz/stm32_common.a(cpu_common.o)
 .debug_aranges
                0x00000590       0x50 /home/etudiant/riot/DII5_Riot/Base_thread_spi/bin/nucleo-l073rz/stm32_common_periph.a(timer.o)
 .debug_aranges
                0x000005e0       0x48 /home/etudiant/riot/DII5_Riot/Base_thread_spi/bin/nucleo-l073rz/tsrb.a(tsrb.o)
 .debug_aranges
                0x00000628       0x20 /home/etudiant/riot/DII5_Riot/Base_thread_spi/bin/nucleo-l073rz/periph_common.a(init.o)
 .debug_aranges
                0x00000648       0x58 /home/etudiant/riot/DII5_Riot/Base_thread_spi/bin/nucleo-l073rz/application_helloworld.a(main.o)
 .debug_aranges
                0x000006a0       0x20 /home/etudiant/riot/DII5_Riot/Base_thread_spi/bin/nucleo-l073rz/auto_init.a(auto_init.o)
 .debug_aranges
                0x000006c0       0x30 /home/etudiant/riot/DII5_Riot/Base_thread_spi/bin/nucleo-l073rz/core.a(mutex.o)
 .debug_aranges
                0x000006f0       0x90 /home/etudiant/riot/DII5_Riot/Base_thread_spi/bin/nucleo-l073rz/core.a(msg.o)
 .debug_aranges
                0x00000780       0x28 /home/etudiant/riot/DII5_Riot/Base_thread_spi/bin/nucleo-l073rz/cortexm_common.a(cortexm_init.o)
 .debug_aranges
                0x000007a8       0x28 /home/etudiant/riot/DII5_Riot/Base_thread_spi/bin/nucleo-l073rz/shell.a(shell.o)
 .debug_aranges
                0x000007d0       0x18 /home/etudiant/riot/DII5_Riot/Base_thread_spi/bin/nucleo-l073rz/shell_commands.a(shell_commands.o)
 .debug_aranges
                0x000007e8       0x20 /home/etudiant/riot/DII5_Riot/Base_thread_spi/bin/nucleo-l073rz/shell_commands.a(sc_sys.o)
 .debug_aranges
                0x00000808       0x20 /home/etudiant/riot/DII5_Riot/Base_thread_spi/bin/nucleo-l073rz/shell_commands.a(sc_ps.o)
 .debug_aranges
                0x00000828       0x30 /home/etudiant/riot/DII5_Riot/Base_thread_spi/bin/nucleo-l073rz/periph_common.a(spi.o)
 .debug_aranges
                0x00000858       0x20 /home/etudiant/riot/DII5_Riot/Base_thread_spi/bin/nucleo-l073rz/cortexm_common_periph.a(pm.o)

.debug_ranges   0x00000000      0xe70
 .debug_ranges  0x00000000       0x10 /home/etudiant/riot/DII5_Riot/Base_thread_spi/bin/nucleo-l073rz/cpu/vectors.o
 .debug_ranges  0x00000010       0xe8 /home/etudiant/riot/DII5_Riot/Base_thread_spi/bin/nucleo-l073rz/newlib_syscalls_default/syscalls.o
 .debug_ranges  0x000000f8       0x90 /home/etudiant/riot/DII5_Riot/Base_thread_spi/bin/nucleo-l073rz/core.a(sched.o)
 .debug_ranges  0x00000188       0x18 /home/etudiant/riot/DII5_Riot/Base_thread_spi/bin/nucleo-l073rz/core.a(bitarithm.o)
 .debug_ranges  0x000001a0       0x68 /home/etudiant/riot/DII5_Riot/Base_thread_spi/bin/nucleo-l073rz/cortexm_common.a(thread_arch.o)
 .debug_ranges  0x00000208       0x38 /home/etudiant/riot/DII5_Riot/Base_thread_spi/bin/nucleo-l073rz/cortexm_common.a(vectors_cortexm.o)
 .debug_ranges  0x00000240       0x28 /home/etudiant/riot/DII5_Riot/Base_thread_spi/bin/nucleo-l073rz/cortexm_common.a(irq_arch.o)
 .debug_ranges  0x00000268       0x20 /home/etudiant/riot/DII5_Riot/Base_thread_spi/bin/nucleo-l073rz/stdio_uart.a(stdio_uart.o)
 .debug_ranges  0x00000288       0xf8 /home/etudiant/riot/DII5_Riot/Base_thread_spi/bin/nucleo-l073rz/stm32_common_periph.a(uart.o)
 .debug_ranges  0x00000380       0x38 /home/etudiant/riot/DII5_Riot/Base_thread_spi/bin/nucleo-l073rz/stm32_common_periph.a(pm.o)
 .debug_ranges  0x000003b8      0x1a0 /home/etudiant/riot/DII5_Riot/Base_thread_spi/bin/nucleo-l073rz/stm32_common_periph.a(gpio.o)
 .debug_ranges  0x00000558      0x1f0 /home/etudiant/riot/DII5_Riot/Base_thread_spi/bin/nucleo-l073rz/xtimer.a(xtimer_core.o)
 .debug_ranges  0x00000748       0x10 /home/etudiant/riot/DII5_Riot/Base_thread_spi/bin/nucleo-l073rz/boards_common_nucleo.a(board.o)
 .debug_ranges  0x00000758       0x18 /home/etudiant/riot/DII5_Riot/Base_thread_spi/bin/nucleo-l073rz/core.a(panic.o)
 .debug_ranges  0x00000770       0x20 /home/etudiant/riot/DII5_Riot/Base_thread_spi/bin/nucleo-l073rz/core.a(kernel_init.o)
 .debug_ranges  0x00000790       0x98 /home/etudiant/riot/DII5_Riot/Base_thread_spi/bin/nucleo-l073rz/core.a(thread.o)
 .debug_ranges  0x00000828       0x38 /home/etudiant/riot/DII5_Riot/Base_thread_spi/bin/nucleo-l073rz/isrpipe.a(isrpipe.o)
 .debug_ranges  0x00000860       0x20 /home/etudiant/riot/DII5_Riot/Base_thread_spi/bin/nucleo-l073rz/pm_layered.a(pm.o)
 .debug_ranges  0x00000880       0x10 /home/etudiant/riot/DII5_Riot/Base_thread_spi/bin/nucleo-l073rz/ps.a(ps.o)
 .debug_ranges  0x00000890       0x10 /home/etudiant/riot/DII5_Riot/Base_thread_spi/bin/nucleo-l073rz/stm32_common.a(cpu_init.o)
 .debug_ranges  0x000008a0       0x10 /home/etudiant/riot/DII5_Riot/Base_thread_spi/bin/nucleo-l073rz/stm32_common.a(stmclk_l0l1.o)
 .debug_ranges  0x000008b0       0x28 /home/etudiant/riot/DII5_Riot/Base_thread_spi/bin/nucleo-l073rz/stm32_common.a(cpu_common.o)
 .debug_ranges  0x000008d8       0x78 /home/etudiant/riot/DII5_Riot/Base_thread_spi/bin/nucleo-l073rz/stm32_common_periph.a(timer.o)
 .debug_ranges  0x00000950       0x88 /home/etudiant/riot/DII5_Riot/Base_thread_spi/bin/nucleo-l073rz/tsrb.a(tsrb.o)
 .debug_ranges  0x000009d8       0x10 /home/etudiant/riot/DII5_Riot/Base_thread_spi/bin/nucleo-l073rz/periph_common.a(init.o)
 .debug_ranges  0x000009e8       0x60 /home/etudiant/riot/DII5_Riot/Base_thread_spi/bin/nucleo-l073rz/application_helloworld.a(main.o)
 .debug_ranges  0x00000a48       0x10 /home/etudiant/riot/DII5_Riot/Base_thread_spi/bin/nucleo-l073rz/auto_init.a(auto_init.o)
 .debug_ranges  0x00000a58       0x80 /home/etudiant/riot/DII5_Riot/Base_thread_spi/bin/nucleo-l073rz/core.a(mutex.o)
 .debug_ranges  0x00000ad8      0x170 /home/etudiant/riot/DII5_Riot/Base_thread_spi/bin/nucleo-l073rz/core.a(msg.o)
 .debug_ranges  0x00000c48       0xa8 /home/etudiant/riot/DII5_Riot/Base_thread_spi/bin/nucleo-l073rz/cortexm_common.a(cortexm_init.o)
 .debug_ranges  0x00000cf0      0x130 /home/etudiant/riot/DII5_Riot/Base_thread_spi/bin/nucleo-l073rz/shell.a(shell.o)
 .debug_ranges  0x00000e20       0x10 /home/etudiant/riot/DII5_Riot/Base_thread_spi/bin/nucleo-l073rz/shell_commands.a(sc_sys.o)
 .debug_ranges  0x00000e30       0x10 /home/etudiant/riot/DII5_Riot/Base_thread_spi/bin/nucleo-l073rz/shell_commands.a(sc_ps.o)
 .debug_ranges  0x00000e40       0x20 /home/etudiant/riot/DII5_Riot/Base_thread_spi/bin/nucleo-l073rz/periph_common.a(spi.o)
 .debug_ranges  0x00000e60       0x10 /home/etudiant/riot/DII5_Riot/Base_thread_spi/bin/nucleo-l073rz/cortexm_common_periph.a(pm.o)

.debug_macro    0x00000000    0x2bb1f
 .debug_macro   0x00000000       0xe1 /home/etudiant/riot/DII5_Riot/Base_thread_spi/bin/nucleo-l073rz/cpu/vectors.o
 .debug_macro   0x000000e1      0xa3c /home/etudiant/riot/DII5_Riot/Base_thread_spi/bin/nucleo-l073rz/cpu/vectors.o
 .debug_macro   0x00000b1d      0x11e /home/etudiant/riot/DII5_Riot/Base_thread_spi/bin/nucleo-l073rz/cpu/vectors.o
 .debug_macro   0x00000c3b       0x2e /home/etudiant/riot/DII5_Riot/Base_thread_spi/bin/nucleo-l073rz/cpu/vectors.o
 .debug_macro   0x00000c69       0x2e /home/etudiant/riot/DII5_Riot/Base_thread_spi/bin/nucleo-l073rz/cpu/vectors.o
 .debug_macro   0x00000c97       0x28 /home/etudiant/riot/DII5_Riot/Base_thread_spi/bin/nucleo-l073rz/cpu/vectors.o
 .debug_macro   0x00000cbf       0x22 /home/etudiant/riot/DII5_Riot/Base_thread_spi/bin/nucleo-l073rz/cpu/vectors.o
 .debug_macro   0x00000ce1       0x56 /home/etudiant/riot/DII5_Riot/Base_thread_spi/bin/nucleo-l073rz/cpu/vectors.o
 .debug_macro   0x00000d37       0x51 /home/etudiant/riot/DII5_Riot/Base_thread_spi/bin/nucleo-l073rz/cpu/vectors.o
 .debug_macro   0x00000d88       0xef /home/etudiant/riot/DII5_Riot/Base_thread_spi/bin/nucleo-l073rz/cpu/vectors.o
 .debug_macro   0x00000e77       0x6a /home/etudiant/riot/DII5_Riot/Base_thread_spi/bin/nucleo-l073rz/cpu/vectors.o
 .debug_macro   0x00000ee1      0x1df /home/etudiant/riot/DII5_Riot/Base_thread_spi/bin/nucleo-l073rz/cpu/vectors.o
 .debug_macro   0x000010c0       0x1c /home/etudiant/riot/DII5_Riot/Base_thread_spi/bin/nucleo-l073rz/cpu/vectors.o
 .debug_macro   0x000010dc       0x22 /home/etudiant/riot/DII5_Riot/Base_thread_spi/bin/nucleo-l073rz/cpu/vectors.o
 .debug_macro   0x000010fe       0xb5 /home/etudiant/riot/DII5_Riot/Base_thread_spi/bin/nucleo-l073rz/cpu/vectors.o
 .debug_macro   0x000011b3      0x3ad /home/etudiant/riot/DII5_Riot/Base_thread_spi/bin/nucleo-l073rz/cpu/vectors.o
 .debug_macro   0x00001560     0xa3ff /home/etudiant/riot/DII5_Riot/Base_thread_spi/bin/nucleo-l073rz/cpu/vectors.o
 .debug_macro   0x0000b95f       0x35 /home/etudiant/riot/DII5_Riot/Base_thread_spi/bin/nucleo-l073rz/cpu/vectors.o
 .debug_macro   0x0000b994       0x2e /home/etudiant/riot/DII5_Riot/Base_thread_spi/bin/nucleo-l073rz/cpu/vectors.o
 .debug_macro   0x0000b9c2       0x16 /home/etudiant/riot/DII5_Riot/Base_thread_spi/bin/nucleo-l073rz/cpu/vectors.o
 .debug_macro   0x0000b9d8      0x528 /home/etudiant/riot/DII5_Riot/Base_thread_spi/bin/nucleo-l073rz/newlib_syscalls_default/syscalls.o
 .debug_macro   0x0000bf00      0xa3c /home/etudiant/riot/DII5_Riot/Base_thread_spi/bin/nucleo-l073rz/newlib_syscalls_default/syscalls.o
 .debug_macro   0x0000c93c       0x40 /home/etudiant/riot/DII5_Riot/Base_thread_spi/bin/nucleo-l073rz/newlib_syscalls_default/syscalls.o
 .debug_macro   0x0000c97c       0x18 /home/etudiant/riot/DII5_Riot/Base_thread_spi/bin/nucleo-l073rz/newlib_syscalls_default/syscalls.o
 .debug_macro   0x0000c994       0x5c /home/etudiant/riot/DII5_Riot/Base_thread_spi/bin/nucleo-l073rz/newlib_syscalls_default/syscalls.o
 .debug_macro   0x0000c9f0       0x3c /home/etudiant/riot/DII5_Riot/Base_thread_spi/bin/nucleo-l073rz/newlib_syscalls_default/syscalls.o
 .debug_macro   0x0000ca2c       0x34 /home/etudiant/riot/DII5_Riot/Base_thread_spi/bin/nucleo-l073rz/newlib_syscalls_default/syscalls.o
 .debug_macro   0x0000ca60       0x10 /home/etudiant/riot/DII5_Riot/Base_thread_spi/bin/nucleo-l073rz/newlib_syscalls_default/syscalls.o
 .debug_macro   0x0000ca70       0x57 /home/etudiant/riot/DII5_Riot/Base_thread_spi/bin/nucleo-l073rz/newlib_syscalls_default/syscalls.o
 .debug_macro   0x0000cac7       0xcf /home/etudiant/riot/DII5_Riot/Base_thread_spi/bin/nucleo-l073rz/newlib_syscalls_default/syscalls.o
 .debug_macro   0x0000cb96      0x353 /home/etudiant/riot/DII5_Riot/Base_thread_spi/bin/nucleo-l073rz/newlib_syscalls_default/syscalls.o
 .debug_macro   0x0000cee9       0x10 /home/etudiant/riot/DII5_Riot/Base_thread_spi/bin/nucleo-l073rz/newlib_syscalls_default/syscalls.o
 .debug_macro   0x0000cef9       0xb7 /home/etudiant/riot/DII5_Riot/Base_thread_spi/bin/nucleo-l073rz/newlib_syscalls_default/syscalls.o
 .debug_macro   0x0000cfb0       0x52 /home/etudiant/riot/DII5_Riot/Base_thread_spi/bin/nucleo-l073rz/newlib_syscalls_default/syscalls.o
 .debug_macro   0x0000d002       0x1f /home/etudiant/riot/DII5_Riot/Base_thread_spi/bin/nucleo-l073rz/newlib_syscalls_default/syscalls.o
 .debug_macro   0x0000d021       0x43 /home/etudiant/riot/DII5_Riot/Base_thread_spi/bin/nucleo-l073rz/newlib_syscalls_default/syscalls.o
 .debug_macro   0x0000d064       0x20 /home/etudiant/riot/DII5_Riot/Base_thread_spi/bin/nucleo-l073rz/newlib_syscalls_default/syscalls.o
 .debug_macro   0x0000d084       0xb6 /home/etudiant/riot/DII5_Riot/Base_thread_spi/bin/nucleo-l073rz/newlib_syscalls_default/syscalls.o
 .debug_macro   0x0000d13a      0x4fe /home/etudiant/riot/DII5_Riot/Base_thread_spi/bin/nucleo-l073rz/newlib_syscalls_default/syscalls.o
 .debug_macro   0x0000d638      0x1a3 /home/etudiant/riot/DII5_Riot/Base_thread_spi/bin/nucleo-l073rz/newlib_syscalls_default/syscalls.o
 .debug_macro   0x0000d7db       0x10 /home/etudiant/riot/DII5_Riot/Base_thread_spi/bin/nucleo-l073rz/newlib_syscalls_default/syscalls.o
 .debug_macro   0x0000d7eb       0x35 /home/etudiant/riot/DII5_Riot/Base_thread_spi/bin/nucleo-l073rz/newlib_syscalls_default/syscalls.o
 .debug_macro   0x0000d820       0x10 /home/etudiant/riot/DII5_Riot/Base_thread_spi/bin/nucleo-l073rz/newlib_syscalls_default/syscalls.o
 .debug_macro   0x0000d830      0x241 /home/etudiant/riot/DII5_Riot/Base_thread_spi/bin/nucleo-l073rz/newlib_syscalls_default/syscalls.o
 .debug_macro   0x0000da71       0x16 /home/etudiant/riot/DII5_Riot/Base_thread_spi/bin/nucleo-l073rz/newlib_syscalls_default/syscalls.o
 .debug_macro   0x0000da87       0x10 /home/etudiant/riot/DII5_Riot/Base_thread_spi/bin/nucleo-l073rz/newlib_syscalls_default/syscalls.o
 .debug_macro   0x0000da97       0x16 /home/etudiant/riot/DII5_Riot/Base_thread_spi/bin/nucleo-l073rz/newlib_syscalls_default/syscalls.o
 .debug_macro   0x0000daad       0xff /home/etudiant/riot/DII5_Riot/Base_thread_spi/bin/nucleo-l073rz/newlib_syscalls_default/syscalls.o
 .debug_macro   0x0000dbac       0x16 /home/etudiant/riot/DII5_Riot/Base_thread_spi/bin/nucleo-l073rz/newlib_syscalls_default/syscalls.o
 .debug_macro   0x0000dbc2       0x22 /home/etudiant/riot/DII5_Riot/Base_thread_spi/bin/nucleo-l073rz/newlib_syscalls_default/syscalls.o
 .debug_macro   0x0000dbe4       0x16 /home/etudiant/riot/DII5_Riot/Base_thread_spi/bin/nucleo-l073rz/newlib_syscalls_default/syscalls.o
 .debug_macro   0x0000dbfa       0x16 /home/etudiant/riot/DII5_Riot/Base_thread_spi/bin/nucleo-l073rz/newlib_syscalls_default/syscalls.o
 .debug_macro   0x0000dc10       0x10 /home/etudiant/riot/DII5_Riot/Base_thread_spi/bin/nucleo-l073rz/newlib_syscalls_default/syscalls.o
 .debug_macro   0x0000dc20       0x10 /home/etudiant/riot/DII5_Riot/Base_thread_spi/bin/nucleo-l073rz/newlib_syscalls_default/syscalls.o
 .debug_macro   0x0000dc30       0x2e /home/etudiant/riot/DII5_Riot/Base_thread_spi/bin/nucleo-l073rz/newlib_syscalls_default/syscalls.o
 .debug_macro   0x0000dc5e       0xf5 /home/etudiant/riot/DII5_Riot/Base_thread_spi/bin/nucleo-l073rz/newlib_syscalls_default/syscalls.o
 .debug_macro   0x0000dd53       0x22 /home/etudiant/riot/DII5_Riot/Base_thread_spi/bin/nucleo-l073rz/newlib_syscalls_default/syscalls.o
 .debug_macro   0x0000dd75       0x35 /home/etudiant/riot/DII5_Riot/Base_thread_spi/bin/nucleo-l073rz/newlib_syscalls_default/syscalls.o
 .debug_macro   0x0000ddaa       0xaf /home/etudiant/riot/DII5_Riot/Base_thread_spi/bin/nucleo-l073rz/newlib_syscalls_default/syscalls.o
 .debug_macro   0x0000de59       0xd6 /home/etudiant/riot/DII5_Riot/Base_thread_spi/bin/nucleo-l073rz/newlib_syscalls_default/syscalls.o
 .debug_macro   0x0000df2f       0x10 /home/etudiant/riot/DII5_Riot/Base_thread_spi/bin/nucleo-l073rz/newlib_syscalls_default/syscalls.o
 .debug_macro   0x0000df3f      0x460 /home/etudiant/riot/DII5_Riot/Base_thread_spi/bin/nucleo-l073rz/newlib_syscalls_default/syscalls.o
 .debug_macro   0x0000e39f       0x2b /home/etudiant/riot/DII5_Riot/Base_thread_spi/bin/nucleo-l073rz/newlib_syscalls_default/syscalls.o
 .debug_macro   0x0000e3ca       0xee /home/etudiant/riot/DII5_Riot/Base_thread_spi/bin/nucleo-l073rz/newlib_syscalls_default/syscalls.o
 .debug_macro   0x0000e4b8       0x28 /home/etudiant/riot/DII5_Riot/Base_thread_spi/bin/nucleo-l073rz/newlib_syscalls_default/syscalls.o
 .debug_macro   0x0000e4e0       0x17 /home/etudiant/riot/DII5_Riot/Base_thread_spi/bin/nucleo-l073rz/newlib_syscalls_default/syscalls.o
 .debug_macro   0x0000e4f7       0x10 /home/etudiant/riot/DII5_Riot/Base_thread_spi/bin/nucleo-l073rz/newlib_syscalls_default/syscalls.o
 .debug_macro   0x0000e507       0x12 /home/etudiant/riot/DII5_Riot/Base_thread_spi/bin/nucleo-l073rz/newlib_syscalls_default/syscalls.o
 .debug_macro   0x0000e519       0x5f /home/etudiant/riot/DII5_Riot/Base_thread_spi/bin/nucleo-l073rz/newlib_syscalls_default/syscalls.o
 .debug_macro   0x0000e578       0x16 /home/etudiant/riot/DII5_Riot/Base_thread_spi/bin/nucleo-l073rz/newlib_syscalls_default/syscalls.o
 .debug_macro   0x0000e58e      0x274 /home/etudiant/riot/DII5_Riot/Base_thread_spi/bin/nucleo-l073rz/newlib_syscalls_default/syscalls.o
 .debug_macro   0x0000e802       0x1c /home/etudiant/riot/DII5_Riot/Base_thread_spi/bin/nucleo-l073rz/newlib_syscalls_default/syscalls.o
 .debug_macro   0x0000e81e       0x52 /home/etudiant/riot/DII5_Riot/Base_thread_spi/bin/nucleo-l073rz/newlib_syscalls_default/syscalls.o
 .debug_macro   0x0000e870       0x1c /home/etudiant/riot/DII5_Riot/Base_thread_spi/bin/nucleo-l073rz/newlib_syscalls_default/syscalls.o
 .debug_macro   0x0000e88c       0x16 /home/etudiant/riot/DII5_Riot/Base_thread_spi/bin/nucleo-l073rz/newlib_syscalls_default/syscalls.o
 .debug_macro   0x0000e8a2       0x46 /home/etudiant/riot/DII5_Riot/Base_thread_spi/bin/nucleo-l073rz/newlib_syscalls_default/syscalls.o
 .debug_macro   0x0000e8e8       0x10 /home/etudiant/riot/DII5_Riot/Base_thread_spi/bin/nucleo-l073rz/newlib_syscalls_default/syscalls.o
 .debug_macro   0x0000e8f8       0xac /home/etudiant/riot/DII5_Riot/Base_thread_spi/bin/nucleo-l073rz/newlib_syscalls_default/syscalls.o
 .debug_macro   0x0000e9a4       0x10 /home/etudiant/riot/DII5_Riot/Base_thread_spi/bin/nucleo-l073rz/newlib_syscalls_default/syscalls.o
 .debug_macro   0x0000e9b4       0x10 /home/etudiant/riot/DII5_Riot/Base_thread_spi/bin/nucleo-l073rz/newlib_syscalls_default/syscalls.o
 .debug_macro   0x0000e9c4       0x3a /home/etudiant/riot/DII5_Riot/Base_thread_spi/bin/nucleo-l073rz/newlib_syscalls_default/syscalls.o
 .debug_macro   0x0000e9fe       0x34 /home/etudiant/riot/DII5_Riot/Base_thread_spi/bin/nucleo-l073rz/newlib_syscalls_default/syscalls.o
 .debug_macro   0x0000ea32       0x10 /home/etudiant/riot/DII5_Riot/Base_thread_spi/bin/nucleo-l073rz/newlib_syscalls_default/syscalls.o
 .debug_macro   0x0000ea42       0x10 /home/etudiant/riot/DII5_Riot/Base_thread_spi/bin/nucleo-l073rz/newlib_syscalls_default/syscalls.o
 .debug_macro   0x0000ea52       0x43 /home/etudiant/riot/DII5_Riot/Base_thread_spi/bin/nucleo-l073rz/newlib_syscalls_default/syscalls.o
 .debug_macro   0x0000ea95       0x1c /home/etudiant/riot/DII5_Riot/Base_thread_spi/bin/nucleo-l073rz/newlib_syscalls_default/syscalls.o
 .debug_macro   0x0000eab1       0x34 /home/etudiant/riot/DII5_Riot/Base_thread_spi/bin/nucleo-l073rz/newlib_syscalls_default/syscalls.o
 .debug_macro   0x0000eae5       0x16 /home/etudiant/riot/DII5_Riot/Base_thread_spi/bin/nucleo-l073rz/newlib_syscalls_default/syscalls.o
 .debug_macro   0x0000eafb       0x51 /home/etudiant/riot/DII5_Riot/Base_thread_spi/bin/nucleo-l073rz/newlib_syscalls_default/syscalls.o
 .debug_macro   0x0000eb4c       0x10 /home/etudiant/riot/DII5_Riot/Base_thread_spi/bin/nucleo-l073rz/newlib_syscalls_default/syscalls.o
 .debug_macro   0x0000eb5c       0x10 /home/etudiant/riot/DII5_Riot/Base_thread_spi/bin/nucleo-l073rz/newlib_syscalls_default/syscalls.o
 .debug_macro   0x0000eb6c      0x303 /home/etudiant/riot/DII5_Riot/Base_thread_spi/bin/nucleo-l073rz/core.a(sched.o)
 .debug_macro   0x0000ee6f      0xa3c /home/etudiant/riot/DII5_Riot/Base_thread_spi/bin/nucleo-l073rz/core.a(sched.o)
 .debug_macro   0x0000f8ab      0x16d /home/etudiant/riot/DII5_Riot/Base_thread_spi/bin/nucleo-l073rz/core.a(sched.o)
 .debug_macro   0x0000fa18       0x46 /home/etudiant/riot/DII5_Riot/Base_thread_spi/bin/nucleo-l073rz/core.a(sched.o)
 .debug_macro   0x0000fa5e       0x3a /home/etudiant/riot/DII5_Riot/Base_thread_spi/bin/nucleo-l073rz/core.a(sched.o)
 .debug_macro   0x0000fa98      0x34d /home/etudiant/riot/DII5_Riot/Base_thread_spi/bin/nucleo-l073rz/core.a(sched.o)
 .debug_macro   0x0000fde5       0x25 /home/etudiant/riot/DII5_Riot/Base_thread_spi/bin/nucleo-l073rz/core.a(sched.o)
 .debug_macro   0x0000fe0a       0x2e /home/etudiant/riot/DII5_Riot/Base_thread_spi/bin/nucleo-l073rz/core.a(sched.o)
 .debug_macro   0x0000fe38       0x1c /home/etudiant/riot/DII5_Riot/Base_thread_spi/bin/nucleo-l073rz/core.a(sched.o)
 .debug_macro   0x0000fe54      0x114 /home/etudiant/riot/DII5_Riot/Base_thread_spi/bin/nucleo-l073rz/core.a(sched.o)
 .debug_macro   0x0000ff68       0x1c /home/etudiant/riot/DII5_Riot/Base_thread_spi/bin/nucleo-l073rz/core.a(sched.o)
 .debug_macro   0x0000ff84      0x1cf /home/etudiant/riot/DII5_Riot/Base_thread_spi/bin/nucleo-l073rz/core.a(bitarithm.o)
 .debug_macro   0x00010153      0xa3c /home/etudiant/riot/DII5_Riot/Base_thread_spi/bin/nucleo-l073rz/core.a(bitarithm.o)
 .debug_macro   0x00010b8f       0x97 /home/etudiant/riot/DII5_Riot/Base_thread_spi/bin/nucleo-l073rz/core.a(bitarithm.o)
 .debug_macro   0x00010c26       0xf6 /home/etudiant/riot/DII5_Riot/Base_thread_spi/bin/nucleo-l073rz/core.a(bitarithm.o)
 .debug_macro   0x00010d1c      0x2eb /home/etudiant/riot/DII5_Riot/Base_thread_spi/bin/nucleo-l073rz/cortexm_common.a(thread_arch.o)
 .debug_macro   0x00011007      0xa3c /home/etudiant/riot/DII5_Riot/Base_thread_spi/bin/nucleo-l073rz/cortexm_common.a(thread_arch.o)
 .debug_macro   0x00011a43       0x1c /home/etudiant/riot/DII5_Riot/Base_thread_spi/bin/nucleo-l073rz/cortexm_common.a(thread_arch.o)
 .debug_macro   0x00011a5f      0x3c0 /home/etudiant/riot/DII5_Riot/Base_thread_spi/bin/nucleo-l073rz/cortexm_common.a(vectors_cortexm.o)
 .debug_macro   0x00011e1f      0xa3c /home/etudiant/riot/DII5_Riot/Base_thread_spi/bin/nucleo-l073rz/cortexm_common.a(vectors_cortexm.o)
 .debug_macro   0x0001285b       0x16 /home/etudiant/riot/DII5_Riot/Base_thread_spi/bin/nucleo-l073rz/cortexm_common.a(vectors_cortexm.o)
 .debug_macro   0x00012871       0x1c /home/etudiant/riot/DII5_Riot/Base_thread_spi/bin/nucleo-l073rz/cortexm_common.a(vectors_cortexm.o)
 .debug_macro   0x0001288d      0x2db /home/etudiant/riot/DII5_Riot/Base_thread_spi/bin/nucleo-l073rz/cortexm_common.a(irq_arch.o)
 .debug_macro   0x00012b68      0xa3c /home/etudiant/riot/DII5_Riot/Base_thread_spi/bin/nucleo-l073rz/cortexm_common.a(irq_arch.o)
 .debug_macro   0x000135a4      0x453 /home/etudiant/riot/DII5_Riot/Base_thread_spi/bin/nucleo-l073rz/stdio_uart.a(stdio_uart.o)
 .debug_macro   0x000139f7      0xa3c /home/etudiant/riot/DII5_Riot/Base_thread_spi/bin/nucleo-l073rz/stdio_uart.a(stdio_uart.o)
 .debug_macro   0x00014433      0x23b /home/etudiant/riot/DII5_Riot/Base_thread_spi/bin/nucleo-l073rz/stdio_uart.a(stdio_uart.o)
 .debug_macro   0x0001466e       0x16 /home/etudiant/riot/DII5_Riot/Base_thread_spi/bin/nucleo-l073rz/stdio_uart.a(stdio_uart.o)
 .debug_macro   0x00014684       0x16 /home/etudiant/riot/DII5_Riot/Base_thread_spi/bin/nucleo-l073rz/stdio_uart.a(stdio_uart.o)
 .debug_macro   0x0001469a       0x10 /home/etudiant/riot/DII5_Riot/Base_thread_spi/bin/nucleo-l073rz/stdio_uart.a(stdio_uart.o)
 .debug_macro   0x000146aa      0x371 /home/etudiant/riot/DII5_Riot/Base_thread_spi/bin/nucleo-l073rz/stm32_common_periph.a(uart.o)
 .debug_macro   0x00014a1b      0xa3c /home/etudiant/riot/DII5_Riot/Base_thread_spi/bin/nucleo-l073rz/stm32_common_periph.a(uart.o)
 .debug_macro   0x00015457      0x345 /home/etudiant/riot/DII5_Riot/Base_thread_spi/bin/nucleo-l073rz/stm32_common_periph.a(pm.o)
 .debug_macro   0x0001579c      0xa3c /home/etudiant/riot/DII5_Riot/Base_thread_spi/bin/nucleo-l073rz/stm32_common_periph.a(pm.o)
 .debug_macro   0x000161d8      0x26e /home/etudiant/riot/DII5_Riot/Base_thread_spi/bin/nucleo-l073rz/stm32_common_periph.a(pm.o)
 .debug_macro   0x00016446      0x32b /home/etudiant/riot/DII5_Riot/Base_thread_spi/bin/nucleo-l073rz/stm32_common_periph.a(gpio.o)
 .debug_macro   0x00016771      0xa3c /home/etudiant/riot/DII5_Riot/Base_thread_spi/bin/nucleo-l073rz/stm32_common_periph.a(gpio.o)
 .debug_macro   0x000171ad      0x436 /home/etudiant/riot/DII5_Riot/Base_thread_spi/bin/nucleo-l073rz/xtimer.a(xtimer_core.o)
 .debug_macro   0x000175e3      0xa3c /home/etudiant/riot/DII5_Riot/Base_thread_spi/bin/nucleo-l073rz/xtimer.a(xtimer_core.o)
 .debug_macro   0x0001801f       0x10 /home/etudiant/riot/DII5_Riot/Base_thread_spi/bin/nucleo-l073rz/xtimer.a(xtimer_core.o)
 .debug_macro   0x0001802f       0x16 /home/etudiant/riot/DII5_Riot/Base_thread_spi/bin/nucleo-l073rz/xtimer.a(xtimer_core.o)
 .debug_macro   0x00018045      0x38c /home/etudiant/riot/DII5_Riot/Base_thread_spi/bin/nucleo-l073rz/boards_common_nucleo.a(board.o)
 .debug_macro   0x000183d1      0xa3c /home/etudiant/riot/DII5_Riot/Base_thread_spi/bin/nucleo-l073rz/boards_common_nucleo.a(board.o)
 .debug_macro   0x00018e0d      0x336 /home/etudiant/riot/DII5_Riot/Base_thread_spi/bin/nucleo-l073rz/core.a(panic.o)
 .debug_macro   0x00019143      0xa3c /home/etudiant/riot/DII5_Riot/Base_thread_spi/bin/nucleo-l073rz/core.a(panic.o)
 .debug_macro   0x00019b7f      0x36f /home/etudiant/riot/DII5_Riot/Base_thread_spi/bin/nucleo-l073rz/core.a(kernel_init.o)
 .debug_macro   0x00019eee      0xa3c /home/etudiant/riot/DII5_Riot/Base_thread_spi/bin/nucleo-l073rz/core.a(kernel_init.o)
 .debug_macro   0x0001a92a       0xdc /home/etudiant/riot/DII5_Riot/Base_thread_spi/bin/nucleo-l073rz/core.a(kernel_init.o)
 .debug_macro   0x0001aa06      0x305 /home/etudiant/riot/DII5_Riot/Base_thread_spi/bin/nucleo-l073rz/core.a(thread.o)
 .debug_macro   0x0001ad0b      0xa3c /home/etudiant/riot/DII5_Riot/Base_thread_spi/bin/nucleo-l073rz/core.a(thread.o)
 .debug_macro   0x0001b747       0xde /home/etudiant/riot/DII5_Riot/Base_thread_spi/bin/nucleo-l073rz/isrpipe.a(isrpipe.o)
 .debug_macro   0x0001b825      0xa3c /home/etudiant/riot/DII5_Riot/Base_thread_spi/bin/nucleo-l073rz/isrpipe.a(isrpipe.o)
 .debug_macro   0x0001c261      0x329 /home/etudiant/riot/DII5_Riot/Base_thread_spi/bin/nucleo-l073rz/pm_layered.a(pm.o)
 .debug_macro   0x0001c58a      0xa3c /home/etudiant/riot/DII5_Riot/Base_thread_spi/bin/nucleo-l073rz/pm_layered.a(pm.o)
 .debug_macro   0x0001cfc6      0x2c6 /home/etudiant/riot/DII5_Riot/Base_thread_spi/bin/nucleo-l073rz/ps.a(ps.o)
 .debug_macro   0x0001d28c      0xa3c /home/etudiant/riot/DII5_Riot/Base_thread_spi/bin/nucleo-l073rz/ps.a(ps.o)
 .debug_macro   0x0001dcc8      0x332 /home/etudiant/riot/DII5_Riot/Base_thread_spi/bin/nucleo-l073rz/stm32_common.a(cpu_init.o)
 .debug_macro   0x0001dffa      0xa3c /home/etudiant/riot/DII5_Riot/Base_thread_spi/bin/nucleo-l073rz/stm32_common.a(cpu_init.o)
 .debug_macro   0x0001ea36      0x3a8 /home/etudiant/riot/DII5_Riot/Base_thread_spi/bin/nucleo-l073rz/stm32_common.a(stmclk_l0l1.o)
 .debug_macro   0x0001edde      0xa3c /home/etudiant/riot/DII5_Riot/Base_thread_spi/bin/nucleo-l073rz/stm32_common.a(stmclk_l0l1.o)
 .debug_macro   0x0001f81a      0x336 /home/etudiant/riot/DII5_Riot/Base_thread_spi/bin/nucleo-l073rz/stm32_common.a(cpu_common.o)
 .debug_macro   0x0001fb50      0xa3c /home/etudiant/riot/DII5_Riot/Base_thread_spi/bin/nucleo-l073rz/stm32_common.a(cpu_common.o)
 .debug_macro   0x0002058c      0x334 /home/etudiant/riot/DII5_Riot/Base_thread_spi/bin/nucleo-l073rz/stm32_common_periph.a(timer.o)
 .debug_macro   0x000208c0      0xa3c /home/etudiant/riot/DII5_Riot/Base_thread_spi/bin/nucleo-l073rz/stm32_common_periph.a(timer.o)
 .debug_macro   0x000212fc       0xb1 /home/etudiant/riot/DII5_Riot/Base_thread_spi/bin/nucleo-l073rz/tsrb.a(tsrb.o)
 .debug_macro   0x000213ad      0xa3c /home/etudiant/riot/DII5_Riot/Base_thread_spi/bin/nucleo-l073rz/tsrb.a(tsrb.o)
 .debug_macro   0x00021de9       0x1a /home/etudiant/riot/DII5_Riot/Base_thread_spi/bin/nucleo-l073rz/periph_common.a(init.o)
 .debug_macro   0x00021e03      0xa3c /home/etudiant/riot/DII5_Riot/Base_thread_spi/bin/nucleo-l073rz/periph_common.a(init.o)
 .debug_macro   0x0002283f      0x454 /home/etudiant/riot/DII5_Riot/Base_thread_spi/bin/nucleo-l073rz/application_helloworld.a(main.o)
 .debug_macro   0x00022c93      0xa3c /home/etudiant/riot/DII5_Riot/Base_thread_spi/bin/nucleo-l073rz/application_helloworld.a(main.o)
 .debug_macro   0x000236cf       0x16 /home/etudiant/riot/DII5_Riot/Base_thread_spi/bin/nucleo-l073rz/application_helloworld.a(main.o)
 .debug_macro   0x000236e5      0x440 /home/etudiant/riot/DII5_Riot/Base_thread_spi/bin/nucleo-l073rz/auto_init.a(auto_init.o)
 .debug_macro   0x00023b25      0xa3c /home/etudiant/riot/DII5_Riot/Base_thread_spi/bin/nucleo-l073rz/auto_init.a(auto_init.o)
 .debug_macro   0x00024561       0x2e /home/etudiant/riot/DII5_Riot/Base_thread_spi/bin/nucleo-l073rz/auto_init.a(auto_init.o)
 .debug_macro   0x0002458f      0x2fc /home/etudiant/riot/DII5_Riot/Base_thread_spi/bin/nucleo-l073rz/core.a(mutex.o)
 .debug_macro   0x0002488b      0xa3c /home/etudiant/riot/DII5_Riot/Base_thread_spi/bin/nucleo-l073rz/core.a(mutex.o)
 .debug_macro   0x000252c7      0x1e5 /home/etudiant/riot/DII5_Riot/Base_thread_spi/bin/nucleo-l073rz/core.a(mutex.o)
 .debug_macro   0x000254ac      0x2fe /home/etudiant/riot/DII5_Riot/Base_thread_spi/bin/nucleo-l073rz/core.a(msg.o)
 .debug_macro   0x000257aa      0xa3c /home/etudiant/riot/DII5_Riot/Base_thread_spi/bin/nucleo-l073rz/core.a(msg.o)
 .debug_macro   0x000261e6      0x2db /home/etudiant/riot/DII5_Riot/Base_thread_spi/bin/nucleo-l073rz/cortexm_common.a(cortexm_init.o)
 .debug_macro   0x000264c1      0xa3c /home/etudiant/riot/DII5_Riot/Base_thread_spi/bin/nucleo-l073rz/cortexm_common.a(cortexm_init.o)
 .debug_macro   0x00026efd      0x1d8 /home/etudiant/riot/DII5_Riot/Base_thread_spi/bin/nucleo-l073rz/shell.a(shell.o)
 .debug_macro   0x000270d5      0xa3c /home/etudiant/riot/DII5_Riot/Base_thread_spi/bin/nucleo-l073rz/shell.a(shell.o)