Archive member included to satisfy reference by file (symbol)

/home/etudiant/riot/RIOT-OS/Base_shell_uart/bin/nucleo-l073rz/core.a(sched.o)
                              /home/etudiant/riot/RIOT-OS/Base_shell_uart/bin/nucleo-l073rz/newlib_syscalls_default/syscalls.o (sched_active_pid)
/home/etudiant/riot/RIOT-OS/Base_shell_uart/bin/nucleo-l073rz/core.a(bitarithm.o)
                              /home/etudiant/riot/RIOT-OS/Base_shell_uart/bin/nucleo-l073rz/core.a(sched.o) (MultiplyDeBruijnBitPosition)
/home/etudiant/riot/RIOT-OS/Base_shell_uart/bin/nucleo-l073rz/cortexm_common.a(thread_arch.o)
                              /home/etudiant/riot/RIOT-OS/Base_shell_uart/bin/nucleo-l073rz/core.a(sched.o) (cpu_switch_context_exit)
/home/etudiant/riot/RIOT-OS/Base_shell_uart/bin/nucleo-l073rz/cortexm_common.a(vectors_cortexm.o)
                              /home/etudiant/riot/RIOT-OS/Base_shell_uart/bin/nucleo-l073rz/cpu/vectors.o (dummy_handler_default)
/home/etudiant/riot/RIOT-OS/Base_shell_uart/bin/nucleo-l073rz/cortexm_common.a(irq_arch.o)
                              /home/etudiant/riot/RIOT-OS/Base_shell_uart/bin/nucleo-l073rz/newlib_syscalls_default/syscalls.o (irq_disable)
/home/etudiant/riot/RIOT-OS/Base_shell_uart/bin/nucleo-l073rz/div.a(div.o)
                              /home/etudiant/riot/RIOT-OS/Base_shell_uart/bin/nucleo-l073rz/newlib_syscalls_default/syscalls.o (_div_mulhi64)
/home/etudiant/riot/RIOT-OS/Base_shell_uart/bin/nucleo-l073rz/stdio_uart.a(stdio_uart.o)
                              /home/etudiant/riot/RIOT-OS/Base_shell_uart/bin/nucleo-l073rz/newlib_syscalls_default/syscalls.o (stdio_read)
/home/etudiant/riot/RIOT-OS/Base_shell_uart/bin/nucleo-l073rz/stm32_common_periph.a(uart.o)
                              /home/etudiant/riot/RIOT-OS/Base_shell_uart/bin/nucleo-l073rz/stdio_uart.a(stdio_uart.o) (uart_init)
/home/etudiant/riot/RIOT-OS/Base_shell_uart/bin/nucleo-l073rz/stm32_common_periph.a(pm.o)
                              /home/etudiant/riot/RIOT-OS/Base_shell_uart/bin/nucleo-l073rz/newlib_syscalls_default/syscalls.o (pm_off)
/home/etudiant/riot/RIOT-OS/Base_shell_uart/bin/nucleo-l073rz/stm32_common_periph.a(gpio.o)
                              /home/etudiant/riot/RIOT-OS/Base_shell_uart/bin/nucleo-l073rz/stm32_common_periph.a(uart.o) (gpio_init)
/home/etudiant/riot/RIOT-OS/Base_shell_uart/bin/nucleo-l073rz/xtimer.a(xtimer_core.o)
                              /home/etudiant/riot/RIOT-OS/Base_shell_uart/bin/nucleo-l073rz/newlib_syscalls_default/syscalls.o (_xtimer_now64)
/home/etudiant/riot/RIOT-OS/Base_shell_uart/bin/nucleo-l073rz/boards_common_nucleo.a(board.o)
                              /home/etudiant/riot/RIOT-OS/Base_shell_uart/bin/nucleo-l073rz/cortexm_common.a(vectors_cortexm.o) (board_init)
/home/etudiant/riot/RIOT-OS/Base_shell_uart/bin/nucleo-l073rz/core.a(panic.o)
                              /home/etudiant/riot/RIOT-OS/Base_shell_uart/bin/nucleo-l073rz/cortexm_common.a(vectors_cortexm.o) (core_panic)
/home/etudiant/riot/RIOT-OS/Base_shell_uart/bin/nucleo-l073rz/core.a(kernel_init.o)
                              /home/etudiant/riot/RIOT-OS/Base_shell_uart/bin/nucleo-l073rz/cortexm_common.a(vectors_cortexm.o) (kernel_init)
/home/etudiant/riot/RIOT-OS/Base_shell_uart/bin/nucleo-l073rz/core.a(thread.o)
                              /home/etudiant/riot/RIOT-OS/Base_shell_uart/bin/nucleo-l073rz/core.a(kernel_init.o) (thread_create)
/home/etudiant/riot/RIOT-OS/Base_shell_uart/bin/nucleo-l073rz/isrpipe.a(isrpipe.o)
                              /home/etudiant/riot/RIOT-OS/Base_shell_uart/bin/nucleo-l073rz/stdio_uart.a(stdio_uart.o) (isrpipe_write_one)
/home/etudiant/riot/RIOT-OS/Base_shell_uart/bin/nucleo-l073rz/pm_layered.a(pm.o)
                              /home/etudiant/riot/RIOT-OS/Base_shell_uart/bin/nucleo-l073rz/core.a(kernel_init.o) (pm_set_lowest)
/home/etudiant/riot/RIOT-OS/Base_shell_uart/bin/nucleo-l073rz/ps.a(ps.o)
                              /home/etudiant/riot/RIOT-OS/Base_shell_uart/bin/nucleo-l073rz/core.a(panic.o) (ps)
/home/etudiant/riot/RIOT-OS/Base_shell_uart/bin/nucleo-l073rz/stm32_common.a(cpu_init.o)
                              /home/etudiant/riot/RIOT-OS/Base_shell_uart/bin/nucleo-l073rz/boards_common_nucleo.a(board.o) (cpu_init)
/home/etudiant/riot/RIOT-OS/Base_shell_uart/bin/nucleo-l073rz/stm32_common.a(stmclk_l0l1.o)
                              /home/etudiant/riot/RIOT-OS/Base_shell_uart/bin/nucleo-l073rz/stm32_common_periph.a(pm.o) (stmclk_init_sysclk)
/home/etudiant/riot/RIOT-OS/Base_shell_uart/bin/nucleo-l073rz/stm32_common.a(cpu_common.o)
                              /home/etudiant/riot/RIOT-OS/Base_shell_uart/bin/nucleo-l073rz/stm32_common_periph.a(uart.o) (periph_apb_clk)
/home/etudiant/riot/RIOT-OS/Base_shell_uart/bin/nucleo-l073rz/stm32_common_periph.a(timer.o)
                              /home/etudiant/riot/RIOT-OS/Base_shell_uart/bin/nucleo-l073rz/xtimer.a(xtimer_core.o) (timer_set_absolute)
[...]
Memory Configuration

Name             Origin             Length             Attributes
ccmram           0x10000000         0x00000000
rom              0x08000000         0x00030000         xr
ram              0x20000000         0x00005000         w !xr
*default*        0x00000000         0xffffffff

Linker script and memory map

LOAD /home/etudiant/riot/RIOT-OS/Base_shell_uart/bin/nucleo-l073rz/cpu/vectors.o
LOAD /home/etudiant/riot/RIOT-OS/Base_shell_uart/bin/nucleo-l073rz/newlib_syscalls_default/syscalls.o
START GROUP
LOAD /home/etudiant/riot/RIOT-OS/Base_shell_uart/bin/nucleo-l073rz/application_helloworld.a
LOAD /home/etudiant/riot/RIOT-OS/Base_shell_uart/bin/nucleo-l073rz/auto_init.a
LOAD /home/etudiant/riot/RIOT-OS/Base_shell_uart/bin/nucleo-l073rz/board.a
LOAD /home/etudiant/riot/RIOT-OS/Base_shell_uart/bin/nucleo-l073rz/boards_common_nucleo.a
LOAD /home/etudiant/riot/RIOT-OS/Base_shell_uart/bin/nucleo-l073rz/core.a
LOAD /home/etudiant/riot/RIOT-OS/Base_shell_uart/bin/nucleo-l073rz/cortexm_common.a
LOAD /home/etudiant/riot/RIOT-OS/Base_shell_uart/bin/nucleo-l073rz/cortexm_common_periph.a
LOAD /home/etudiant/riot/RIOT-OS/Base_shell_uart/bin/nucleo-l073rz/cpu.a
LOAD /home/etudiant/riot/RIOT-OS/Base_shell_uart/bin/nucleo-l073rz/div.a
LOAD /home/etudiant/riot/RIOT-OS/Base_shell_uart/bin/nucleo-l073rz/isrpipe.a
LOAD /home/etudiant/riot/RIOT-OS/Base_shell_uart/bin/nucleo-l073rz/newlib_syscalls_default.a
LOAD /home/etudiant/riot/RIOT-OS/Base_shell_uart/bin/nucleo-l073rz/periph.a
LOAD /home/etudiant/riot/RIOT-OS/Base_shell_uart/bin/nucleo-l073rz/pm_layered.a
LOAD /home/etudiant/riot/RIOT-OS/Base_shell_uart/bin/nucleo-l073rz/ps.a
LOAD /home/etudiant/riot/RIOT-OS/Base_shell_uart/bin/nucleo-l073rz/shell.a
LOAD /home/etudiant/riot/RIOT-OS/Base_shell_uart/bin/nucleo-l073rz/shell_commands.a
LOAD /home/etudiant/riot/RIOT-OS/Base_shell_uart/bin/nucleo-l073rz/stdio_uart.a
LOAD /home/etudiant/riot/RIOT-OS/Base_shell_uart/bin/nucleo-l073rz/stm32_common.a
LOAD /home/etudiant/riot/RIOT-OS/Base_shell_uart/bin/nucleo-l073rz/stm32_common_periph.a
LOAD /home/etudiant/riot/RIOT-OS/Base_shell_uart/bin/nucleo-l073rz/sys.a
LOAD /home/etudiant/riot/RIOT-OS/Base_shell_uart/bin/nucleo-l073rz/tsrb.a
LOAD /home/etudiant/riot/RIOT-OS/Base_shell_uart/bin/nucleo-l073rz/xtimer.a
LOAD /home/etudiant/riot/RIOT-OS/Base_shell_uart/bin/nucleo-l073rz/periph_common.a
LOAD /usr/bin/../lib/gcc/arm-none-eabi/7.3.1/../../../../arm-none-eabi/lib/thumb/v6-m/libm.a
END GROUP
LOAD /usr/bin/../lib/gcc/arm-none-eabi/7.3.1/thumb/v6-m/libgcc.a
                0x08000000                _rom_start_addr = 0x8000000
                0x20000000                _ram_start_addr = 0x20000000
                0x00030000                _rom_length = 0x30000
                0x00005000                _ram_length = 0x5000
LOAD /usr/bin/../lib/gcc/arm-none-eabi/7.3.1/../../../../arm-none-eabi/lib/thumb/v6-m/libc_nano.a
START GROUP
LOAD /usr/bin/../lib/gcc/arm-none-eabi/7.3.1/thumb/v6-m/libgcc.a
LOAD /usr/bin/../lib/gcc/arm-none-eabi/7.3.1/../../../../arm-none-eabi/lib/thumb/v6-m/libg_nano.a
LOAD /usr/bin/../lib/gcc/arm-none-eabi/7.3.1/../../../../arm-none-eabi/lib/thumb/v6-m/libc_nano.a
END GROUP
START GROUP
LOAD /usr/bin/../lib/gcc/arm-none-eabi/7.3.1/thumb/v6-m/libgcc.a
LOAD /usr/bin/../lib/gcc/arm-none-eabi/7.3.1/../../../../arm-none-eabi/lib/thumb/v6-m/libc_nano.a
END GROUP
                0x00000000                ccmram_length = DEFINED (ccmram_len)?ccmram_len:0x0
                0x00000000                _rom_offset = DEFINED (_rom_offset)?_rom_offset:0x0
                0x00030000                _fw_rom_length = DEFINED (_fw_rom_length)?_fw_rom_length:(_rom_length - _rom_offset)
                0x00000001                ASSERT ((_fw_rom_length <= (_rom_length - _rom_offset)), Specified firmware size does not fit in ROM)

.text           0x08000000     0x3270
                0x08000000                . = ALIGN (0x4)
                0x08000000                _sfixed = .
                0x08000000                _isr_vectors = DEFINED (_isr_vectors)?_isr_vectors:.
 *(SORT_BY_NAME(.vectors*))
 .vectors.0     0x08000000       0x40 /home/etudiant/riot/RIOT-OS/Base_shell_uart/bin/nucleo-l073rz/cortexm_common.a(vectors_cortexm.o)
                0x08000000                cortex_vector_base
 .vectors.1     0x08000040       0x80 /home/etudiant/riot/RIOT-OS/Base_shell_uart/bin/nucleo-l073rz/cpu/vectors.o
                0x08000040                vector_cpu
 *(.text .text.* .gnu.linkonce.t.*)
 .text.dummy_handler
                0x080000c0        0x8 /home/etudiant/riot/RIOT-OS/Base_shell_uart/bin/nucleo-l073rz/cpu/vectors.o
                0x080000c0                isr_pvd
                0x080000c0                isr_i2c1
                0x080000c0                isr_exti
                0x080000c0                isr_tsc
                0x080000c0                isr_tim7
                0x080000c0                isr_i2c3
                0x080000c0                isr_rng_lpuart1
                0x080000c0                isr_dma1_channel4_5_6_7
                0x080000c0                isr_usart4_5
                0x080000c0                isr_tim22
                0x080000c0                isr_i2c2
                0x080000c0                isr_dma1_channel2_3
                0x080000c0                isr_spi2
                0x080000c0                isr_dma1_channel1
                0x080000c0                dummy_handler
                0x080000c0                isr_tim21
                0x080000c0                isr_spi1
                0x080000c0                isr_lptim1
                0x080000c0                isr_rcc
                0x080000c0                isr_flash
                0x080000c0                isr_rtc
                0x080000c0                isr_lpuart1
                0x080000c0                isr_usb
                0x080000c0                isr_adc1_comp
                0x080000c0                isr_tim6_dac
                0x080000c0                isr_lcd
                0x080000c0                isr_tim3
                0x080000c0                isr_rcc_crs
                0x080000c0                isr_wwdg
 .text._init    0x080000c8        0x2 /home/etudiant/riot/RIOT-OS/Base_shell_uart/bin/nucleo-l073rz/newlib_syscalls_default/syscalls.o
                0x080000c8                _init
 .text._fini    0x080000ca        0x2 /home/etudiant/riot/RIOT-OS/Base_shell_uart/bin/nucleo-l073rz/newlib_syscalls_default/syscalls.o
                0x080000ca                _fini
 .text._sbrk_r  0x080000cc       0x3c /home/etudiant/riot/RIOT-OS/Base_shell_uart/bin/nucleo-l073rz/newlib_syscalls_default/syscalls.o
                0x080000cc                _sbrk_r
 .text._read_r  0x08000108        0xc /home/etudiant/riot/RIOT-OS/Base_shell_uart/bin/nucleo-l073rz/newlib_syscalls_default/syscalls.o
                0x08000108                _read_r
 .text._write_r
                0x08000114        0xc /home/etudiant/riot/RIOT-OS/Base_shell_uart/bin/nucleo-l073rz/newlib_syscalls_default/syscalls.o
                0x08000114                _write_r
 .text._close_r
                0x08000120        0xa /home/etudiant/riot/RIOT-OS/Base_shell_uart/bin/nucleo-l073rz/newlib_syscalls_default/syscalls.o
                0x08000120                _close_r
 .text._lseek_r
                0x0800012a        0xa /home/etudiant/riot/RIOT-OS/Base_shell_uart/bin/nucleo-l073rz/newlib_syscalls_default/syscalls.o
                0x0800012a                _lseek_r
 .text._fstat_r
                0x08000134        0xa /home/etudiant/riot/RIOT-OS/Base_shell_uart/bin/nucleo-l073rz/newlib_syscalls_default/syscalls.o
                0x08000134                _fstat_r
 .text._isatty_r
                0x0800013e        0xe /home/etudiant/riot/RIOT-OS/Base_shell_uart/bin/nucleo-l073rz/newlib_syscalls_default/syscalls.o
                0x0800013e                _isatty_r
 .text.sched_run
                0x0800014c       0x68 /home/etudiant/riot/RIOT-OS/Base_shell_uart/bin/nucleo-l073rz/core.a(sched.o)
                0x0800014c                sched_run
 .text.sched_set_status
                0x080001b4       0x7c /home/etudiant/riot/RIOT-OS/Base_shell_uart/bin/nucleo-l073rz/core.a(sched.o)
                0x080001b4                sched_set_status
 .text.sched_switch
                0x08000230       0x30 /home/etudiant/riot/RIOT-OS/Base_shell_uart/bin/nucleo-l073rz/core.a(sched.o)
                0x08000230                sched_switch
 .text.sched_task_exit
                0x08000260       0x3c /home/etudiant/riot/RIOT-OS/Base_shell_uart/bin/nucleo-l073rz/core.a(sched.o)
                0x08000260                sched_task_exit
 .text.thread_stack_init
                0x0800029c       0x90 /home/etudiant/riot/RIOT-OS/Base_shell_uart/bin/nucleo-l073rz/cortexm_common.a(thread_arch.o)
                0x0800029c                thread_stack_init
 .text.thread_isr_stack_usage
                0x0800032c       0x24 /home/etudiant/riot/RIOT-OS/Base_shell_uart/bin/nucleo-l073rz/cortexm_common.a(thread_arch.o)
                0x0800032c                thread_isr_stack_usage
 .text.thread_isr_stack_pointer
                0x08000350        0x6 /home/etudiant/riot/RIOT-OS/Base_shell_uart/bin/nucleo-l073rz/cortexm_common.a(thread_arch.o)
                0x08000350                thread_isr_stack_pointer
 *fill*         0x08000356        0x2 
 .text.thread_isr_stack_start
                0x08000358        0x8 /home/etudiant/riot/RIOT-OS/Base_shell_uart/bin/nucleo-l073rz/cortexm_common.a(thread_arch.o)
                0x08000358                thread_isr_stack_start
 .text.cpu_switch_context_exit
                0x08000360        0x8 /home/etudiant/riot/RIOT-OS/Base_shell_uart/bin/nucleo-l073rz/cortexm_common.a(thread_arch.o)
                0x08000360                cpu_switch_context_exit
 .text.thread_yield_higher
                0x08000368       0x14 /home/etudiant/riot/RIOT-OS/Base_shell_uart/bin/nucleo-l073rz/cortexm_common.a(thread_arch.o)
                0x08000368                thread_yield_higher
 .text.isr_pendsv
                0x0800037c       0x28 /home/etudiant/riot/RIOT-OS/Base_shell_uart/bin/nucleo-l073rz/cortexm_common.a(thread_arch.o)
                0x0800037c                isr_pendsv
 .text.isr_svc  0x080003a4       0x2c /home/etudiant/riot/RIOT-OS/Base_shell_uart/bin/nucleo-l073rz/cortexm_common.a(thread_arch.o)
                0x080003a4                isr_svc
 .text.hard_fault_default
                0x080003d0       0x50 /home/etudiant/riot/RIOT-OS/Base_shell_uart/bin/nucleo-l073rz/cortexm_common.a(vectors_cortexm.o)
                0x080003d0                hard_fault_default
 .text.nmi_default
                0x08000420       0x10 /home/etudiant/riot/RIOT-OS/Base_shell_uart/bin/nucleo-l073rz/cortexm_common.a(vectors_cortexm.o)
                0x08000420                nmi_default
 .text.dummy_handler_default
                0x08000430       0x10 /home/etudiant/riot/RIOT-OS/Base_shell_uart/bin/nucleo-l073rz/cortexm_common.a(vectors_cortexm.o)
                0x08000430                dummy_handler_default
                0x08000430                isr_systick
 .text.pre_startup
                0x08000440        0x2 /home/etudiant/riot/RIOT-OS/Base_shell_uart/bin/nucleo-l073rz/cortexm_common.a(vectors_cortexm.o)
                0x08000440                pre_startup
 .text.post_startup
                0x08000442        0x2 /home/etudiant/riot/RIOT-OS/Base_shell_uart/bin/nucleo-l073rz/cortexm_common.a(vectors_cortexm.o)
                0x08000442                post_startup
 .text.reset_handler_default
                0x08000444       0x68 /home/etudiant/riot/RIOT-OS/Base_shell_uart/bin/nucleo-l073rz/cortexm_common.a(vectors_cortexm.o)
                0x08000444                reset_handler_default
 .text.hard_fault_handler
                0x080004ac      0x118 /home/etudiant/riot/RIOT-OS/Base_shell_uart/bin/nucleo-l073rz/cortexm_common.a(vectors_cortexm.o)
                0x080004ac                hard_fault_handler
 .text.irq_disable
                0x080005c4        0x8 /home/etudiant/riot/RIOT-OS/Base_shell_uart/bin/nucleo-l073rz/cortexm_common.a(irq_arch.o)
                0x080005c4                irq_disable
 .text.irq_enable
                0x080005cc        0x8 /home/etudiant/riot/RIOT-OS/Base_shell_uart/bin/nucleo-l073rz/cortexm_common.a(irq_arch.o)
                0x080005cc                irq_enable
 .text.irq_restore
                0x080005d4        0x6 /home/etudiant/riot/RIOT-OS/Base_shell_uart/bin/nucleo-l073rz/cortexm_common.a(irq_arch.o)
                0x080005d4                irq_restore
 .text.irq_is_in
                0x080005da        0x8 /home/etudiant/riot/RIOT-OS/Base_shell_uart/bin/nucleo-l073rz/cortexm_common.a(irq_arch.o)
                0x080005da                irq_is_in
 *fill*         0x080005e2        0x2 
 .text.stdio_init
                0x080005e4       0x1c /home/etudiant/riot/RIOT-OS/Base_shell_uart/bin/nucleo-l073rz/stdio_uart.a(stdio_uart.o)
                0x080005e4                stdio_init
 .text.stdio_read
                0x08000600       0x14 /home/etudiant/riot/RIOT-OS/Base_shell_uart/bin/nucleo-l073rz/stdio_uart.a(stdio_uart.o)
                0x08000600                stdio_read
 .text.stdio_write
                0x08000614       0x12 /home/etudiant/riot/RIOT-OS/Base_shell_uart/bin/nucleo-l073rz/stdio_uart.a(stdio_uart.o)
                0x08000614                stdio_write
 *fill*         0x08000626        0x2 
 .text.uart_enable_clock
                0x08000628       0x30 /home/etudiant/riot/RIOT-OS/Base_shell_uart/bin/nucleo-l073rz/stm32_common_periph.a(uart.o)
 .text.irq_handler
                0x08000658       0x4c /home/etudiant/riot/RIOT-OS/Base_shell_uart/bin/nucleo-l073rz/stm32_common_periph.a(uart.o)
 .text.uart_init
                0x080006a4       0xd0 /home/etudiant/riot/RIOT-OS/Base_shell_uart/bin/nucleo-l073rz/stm32_common_periph.a(uart.o)
                0x080006a4                uart_init
 .text.uart_write
                0x08000774       0x44 /home/etudiant/riot/RIOT-OS/Base_shell_uart/bin/nucleo-l073rz/stm32_common_periph.a(uart.o)
                0x08000774                uart_write
 .text.uart_poweron
                0x080007b8       0x30 /home/etudiant/riot/RIOT-OS/Base_shell_uart/bin/nucleo-l073rz/stm32_common_periph.a(uart.o)
                0x080007b8                uart_poweron
 .text.isr_usart2
                0x080007e8        0xa /home/etudiant/riot/RIOT-OS/Base_shell_uart/bin/nucleo-l073rz/stm32_common_periph.a(uart.o)
                0x080007e8                isr_usart2
 .text.isr_usart1
                0x080007f2        0xa /home/etudiant/riot/RIOT-OS/Base_shell_uart/bin/nucleo-l073rz/stm32_common_periph.a(uart.o)
                0x080007f2                isr_usart1
 .text.pm_set   0x080007fc       0x78 /home/etudiant/riot/RIOT-OS/Base_shell_uart/bin/nucleo-l073rz/stm32_common_periph.a(pm.o)
                0x080007fc                pm_set
 .text.pm_off   0x08000874        0xe /home/etudiant/riot/RIOT-OS/Base_shell_uart/bin/nucleo-l073rz/stm32_common_periph.a(pm.o)
                0x08000874                pm_off
 .text.gpio_init
                0x08000882       0x76 /home/etudiant/riot/RIOT-OS/Base_shell_uart/bin/nucleo-l073rz/stm32_common_periph.a(gpio.o)
                0x08000882                gpio_init
 .text.gpio_init_af
                0x080008f8       0x42 /home/etudiant/riot/RIOT-OS/Base_shell_uart/bin/nucleo-l073rz/stm32_common_periph.a(gpio.o)
                0x080008f8                gpio_init_af
 .text.gpio_read
                0x0800093a       0x14 /home/etudiant/riot/RIOT-OS/Base_shell_uart/bin/nucleo-l073rz/stm32_common_periph.a(gpio.o)
                0x0800093a                gpio_read
 .text.gpio_set
                0x0800094e       0x10 /home/etudiant/riot/RIOT-OS/Base_shell_uart/bin/nucleo-l073rz/stm32_common_periph.a(gpio.o)
                0x0800094e                gpio_set
 .text.gpio_clear
                0x0800095e       0x12 /home/etudiant/riot/RIOT-OS/Base_shell_uart/bin/nucleo-l073rz/stm32_common_periph.a(gpio.o)
                0x0800095e                gpio_clear
 .text.gpio_toggle
                0x08000970       0x1c /home/etudiant/riot/RIOT-OS/Base_shell_uart/bin/nucleo-l073rz/stm32_common_periph.a(gpio.o)
                0x08000970                gpio_toggle
 .text._xtimer_lltimer_now
                0x0800098c        0xa /home/etudiant/riot/RIOT-OS/Base_shell_uart/bin/nucleo-l073rz/xtimer.a(xtimer_core.o)
 *fill*         0x08000996        0x2 
 .text._xtimer_now
                0x08000998       0x18 /home/etudiant/riot/RIOT-OS/Base_shell_uart/bin/nucleo-l073rz/xtimer.a(xtimer_core.o)
 .text._lltimer_set
                0x080009b0       0x1c /home/etudiant/riot/RIOT-OS/Base_shell_uart/bin/nucleo-l073rz/xtimer.a(xtimer_core.o)
 .text._add_timer_to_long_list.constprop.3
                0x080009cc       0x2c /home/etudiant/riot/RIOT-OS/Base_shell_uart/bin/nucleo-l073rz/xtimer.a(xtimer_core.o)
 .text._next_period
                0x080009f8       0xc4 /home/etudiant/riot/RIOT-OS/Base_shell_uart/bin/nucleo-l073rz/xtimer.a(xtimer_core.o)
 .text._periph_timer_callback
                0x08000abc       0xd8 /home/etudiant/riot/RIOT-OS/Base_shell_uart/bin/nucleo-l073rz/xtimer.a(xtimer_core.o)
 .text._remove  0x08000b94       0x70 /home/etudiant/riot/RIOT-OS/Base_shell_uart/bin/nucleo-l073rz/xtimer.a(xtimer_core.o)
 .text.xtimer_init
                0x08000c04       0x20 /home/etudiant/riot/RIOT-OS/Base_shell_uart/bin/nucleo-l073rz/xtimer.a(xtimer_core.o)
                0x08000c04                xtimer_init
 .text._xtimer_set_absolute
                0x08000c24       0xd8 /home/etudiant/riot/RIOT-OS/Base_shell_uart/bin/nucleo-l073rz/xtimer.a(xtimer_core.o)
                0x08000c24                _xtimer_set_absolute
 .text.board_init
                0x08000cfc        0x8 /home/etudiant/riot/RIOT-OS/Base_shell_uart/bin/nucleo-l073rz/boards_common_nucleo.a(board.o)
                0x08000cfc                board_init
 .text.panic_arch
                0x08000d04        0x2 /home/etudiant/riot/RIOT-OS/Base_shell_uart/bin/nucleo-l073rz/core.a(panic.o)
                0x08000d04                panic_arch
 *fill*         0x08000d06        0x2 
 .text.core_panic
                0x08000d08       0x54 /home/etudiant/riot/RIOT-OS/Base_shell_uart/bin/nucleo-l073rz/core.a(panic.o)
                0x08000d08                core_panic
 .text.main_trampoline
                0x08000d5c       0x18 /home/etudiant/riot/RIOT-OS/Base_shell_uart/bin/nucleo-l073rz/core.a(kernel_init.o)
 .text.idle_thread
                0x08000d74        0x8 /home/etudiant/riot/RIOT-OS/Base_shell_uart/bin/nucleo-l073rz/core.a(kernel_init.o)
 .text.kernel_init
                0x08000d7c       0x58 /home/etudiant/riot/RIOT-OS/Base_shell_uart/bin/nucleo-l073rz/core.a(kernel_init.o)
                0x08000d7c                kernel_init
 .text.thread_add_to_list
                0x08000dd4       0x34 /home/etudiant/riot/RIOT-OS/Base_shell_uart/bin/nucleo-l073rz/core.a(thread.o)
                0x08000dd4                thread_add_to_list
 .text.thread_measure_stack_free
                0x08000e08       0x10 /home/etudiant/riot/RIOT-OS/Base_shell_uart/bin/nucleo-l073rz/core.a(thread.o)
                0x08000e08                thread_measure_stack_free
 .text.thread_create
                0x08000e18       0xe8 /home/etudiant/riot/RIOT-OS/Base_shell_uart/bin/nucleo-l073rz/core.a(thread.o)
                0x08000e18                thread_create
 .text.isrpipe_write_one
                0x08000f00       0x16 /home/etudiant/riot/RIOT-OS/Base_shell_uart/bin/nucleo-l073rz/isrpipe.a(isrpipe.o)
                0x08000f00                isrpipe_write_one
 .text.isrpipe_read
                0x08000f16       0x24 /home/etudiant/riot/RIOT-OS/Base_shell_uart/bin/nucleo-l073rz/isrpipe.a(isrpipe.o)
                0x08000f16                isrpipe_read
 *fill*         0x08000f3a        0x2 
 .text.pm_set_lowest
                0x08000f3c       0x34 /home/etudiant/riot/RIOT-OS/Base_shell_uart/bin/nucleo-l073rz/pm_layered.a(pm.o)
                0x08000f3c                pm_set_lowest
 .text.pm_block
                0x08000f70       0x30 /home/etudiant/riot/RIOT-OS/Base_shell_uart/bin/nucleo-l073rz/pm_layered.a(pm.o)
                0x08000f70                pm_block
 .text.ps       0x08000fa0       0xe8 /home/etudiant/riot/RIOT-OS/Base_shell_uart/bin/nucleo-l073rz/ps.a(ps.o)
                0x08000fa0                ps
 .text.cpu_init
                0x08001088       0x1e /home/etudiant/riot/RIOT-OS/Base_shell_uart/bin/nucleo-l073rz/stm32_common.a(cpu_init.o)
                0x08001088                cpu_init
 *fill*         0x080010a6        0x2 
 .text.stmclk_init_sysclk
                0x080010a8       0xb4 /home/etudiant/riot/RIOT-OS/Base_shell_uart/bin/nucleo-l073rz/stm32_common.a(stmclk_l0l1.o)
                0x080010a8                stmclk_init_sysclk
 .text.periph_apb_clk
                0x0800115c        0x8 /home/etudiant/riot/RIOT-OS/Base_shell_uart/bin/nucleo-l073rz/stm32_common.a(cpu_common.o)
                0x0800115c                periph_apb_clk
 .text.periph_timer_clk
                0x08001164       0x14 /home/etudiant/riot/RIOT-OS/Base_shell_uart/bin/nucleo-l073rz/stm32_common.a(cpu_common.o)
                0x08001164                periph_timer_clk
 .text.periph_clk_en
                0x08001178       0x38 /home/etudiant/riot/RIOT-OS/Base_shell_uart/bin/nucleo-l073rz/stm32_common.a(cpu_common.o)
                0x08001178                periph_clk_en
 .text.timer_set_absolute
                0x080011b0       0x3c /home/etudiant/riot/RIOT-OS/Base_shell_uart/bin/nucleo-l073rz/stm32_common_periph.a(timer.o)
                0x080011b0                timer_set_absolute
 .text.timer_read
                0x080011ec       0x10 /home/etudiant/riot/RIOT-OS/Base_shell_uart/bin/nucleo-l073rz/stm32_common_periph.a(timer.o)
                0x080011ec                timer_read
 .text.timer_start
                0x080011fc       0x14 /home/etudiant/riot/RIOT-OS/Base_shell_uart/bin/nucleo-l073rz/stm32_common_periph.a(timer.o)
                0x080011fc                timer_start
 .text.timer_init
                0x08001210       0x58 /home/etudiant/riot/RIOT-OS/Base_shell_uart/bin/nucleo-l073rz/stm32_common_periph.a(timer.o)
                0x08001210                timer_init
 .text.isr_tim2
                0x08001268       0x44 /home/etudiant/riot/RIOT-OS/Base_shell_uart/bin/nucleo-l073rz/stm32_common_periph.a(timer.o)
                0x08001268                isr_tim2
 .text._pop     0x080012ac       0x12 /home/etudiant/riot/RIOT-OS/Base_shell_uart/bin/nucleo-l073rz/tsrb.a(tsrb.o)
 .text.tsrb_get
                0x080012be       0x28 /home/etudiant/riot/RIOT-OS/Base_shell_uart/bin/nucleo-l073rz/tsrb.a(tsrb.o)
                0x080012be                tsrb_get
 .text.tsrb_add_one
                0x080012e6       0x26 /home/etudiant/riot/RIOT-OS/Base_shell_uart/bin/nucleo-l073rz/tsrb.a(tsrb.o)
                0x080012e6                tsrb_add_one
 .text.periph_init
                0x0800130c        0x2 /home/etudiant/riot/RIOT-OS/Base_shell_uart/bin/nucleo-l073rz/periph_common.a(init.o)
                0x0800130c                periph_init
 *fill*         0x0800130e        0x2 
 .text.target_handler
                0x08001310       0x24 /home/etudiant/riot/RIOT-OS/Base_shell_uart/bin/nucleo-l073rz/application_helloworld.a(main.o)
                0x08001310                target_handler
 .text.receive_uart
                0x08001334       0x10 /home/etudiant/riot/RIOT-OS/Base_shell_uart/bin/nucleo-l073rz/application_helloworld.a(main.o)
                0x08001334                receive_uart
 .text.blink_thread
                0x08001344       0x44 /home/etudiant/riot/RIOT-OS/Base_shell_uart/bin/nucleo-l073rz/application_helloworld.a(main.o)
                0x08001344                blink_thread
 .text.custom_handler
                0x08001388       0x18 /home/etudiant/riot/RIOT-OS/Base_shell_uart/bin/nucleo-l073rz/application_helloworld.a(main.o)
                0x08001388                custom_handler
 .text.led0_handler
                0x080013a0       0x74 /home/etudiant/riot/RIOT-OS/Base_shell_uart/bin/nucleo-l073rz/application_helloworld.a(main.o)
                0x080013a0                led0_handler
 .text.startup.main
                0x08001414       0x7c /home/etudiant/riot/RIOT-OS/Base_shell_uart/bin/nucleo-l073rz/application_helloworld.a(main.o)
                0x08001414                main
 .text.auto_init
                0x08001490        0x8 /home/etudiant/riot/RIOT-OS/Base_shell_uart/bin/nucleo-l073rz/auto_init.a(auto_init.o)
                0x08001490                auto_init
 .text._mutex_lock
                0x08001498       0x60 /home/etudiant/riot/RIOT-OS/Base_shell_uart/bin/nucleo-l073rz/core.a(mutex.o)
                0x08001498                _mutex_lock
 .text.mutex_unlock
                0x080014f8       0x4a /home/etudiant/riot/RIOT-OS/Base_shell_uart/bin/nucleo-l073rz/core.a(mutex.o)
                0x080014f8                mutex_unlock
 *fill*         0x08001542        0x2 
 .text.cortexm_init
                0x08001544       0x78 /home/etudiant/riot/RIOT-OS/Base_shell_uart/bin/nucleo-l073rz/cortexm_common.a(cortexm_init.o)
                0x08001544                cortexm_init
 .text.flush_if_needed
                0x080015bc       0x14 /home/etudiant/riot/RIOT-OS/Base_shell_uart/bin/nucleo-l073rz/shell.a(shell.o)
 .text.shell_run
                0x080015d0      0x240 /home/etudiant/riot/RIOT-OS/Base_shell_uart/bin/nucleo-l073rz/shell.a(shell.o)
                0x080015d0                shell_run
 .text._reboot_handler
                0x08001810        0xa /home/etudiant/riot/RIOT-OS/Base_shell_uart/bin/nucleo-l073rz/shell_commands.a(sc_sys.o)
                0x08001810                _reboot_handler
 .text._ps_handler
                0x0800181a        0xa /home/etudiant/riot/RIOT-OS/Base_shell_uart/bin/nucleo-l073rz/shell_commands.a(sc_ps.o)
                0x0800181a                _ps_handler
 .text._callback_unlock_mutex
                0x08001824        0x8 /home/etudiant/riot/RIOT-OS/Base_shell_uart/bin/nucleo-l073rz/xtimer.a(xtimer.o)
 .text._xtimer_now
                0x0800182c       0x1c /home/etudiant/riot/RIOT-OS/Base_shell_uart/bin/nucleo-l073rz/xtimer.a(xtimer.o)
 .text._xtimer_spin
                0x08001848       0x1e /home/etudiant/riot/RIOT-OS/Base_shell_uart/bin/nucleo-l073rz/xtimer.a(xtimer.o)
 *fill*         0x08001866        0x2 
 .text._xtimer_periodic_wakeup
                0x08001868       0x74 /home/etudiant/riot/RIOT-OS/Base_shell_uart/bin/nucleo-l073rz/xtimer.a(xtimer.o)
                0x08001868                _xtimer_periodic_wakeup
 .text.pm_reboot
                0x080018dc       0x1c /home/etudiant/riot/RIOT-OS/Base_shell_uart/bin/nucleo-l073rz/cortexm_common_periph.a(pm.o)
                0x080018dc                pm_reboot
 .text          0x080018f8       0x14 /usr/bin/../lib/gcc/arm-none-eabi/7.3.1/thumb/v6-m/libgcc.a(_thumb1_case_uqi.o)
                0x080018f8                __gnu_thumb1_case_uqi
 .text          0x0800190c      0x114 /usr/bin/../lib/gcc/arm-none-eabi/7.3.1/thumb/v6-m/libgcc.a(_udivsi3.o)
                0x0800190c                __udivsi3
                0x0800190c                __aeabi_uidiv
                0x08001a18                __aeabi_uidivmod
 .text          0x08001a20        0x4 /usr/bin/../lib/gcc/arm-none-eabi/7.3.1/thumb/v6-m/libgcc.a(_dvmd_tls.o)
                0x08001a20                __aeabi_ldiv0
                0x08001a20                __aeabi_idiv0
 .text.__sflush_r
                0x08001a24      0x114 /usr/bin/../lib/gcc/arm-none-eabi/7.3.1/../../../../arm-none-eabi/lib/thumb/v6-m/libc_nano.a(lib_a-fflush.o)
                0x08001a24                __sflush_r
 .text._fflush_r
                0x08001b38       0x58 /usr/bin/../lib/gcc/arm-none-eabi/7.3.1/../../../../arm-none-eabi/lib/thumb/v6-m/libc_nano.a(lib_a-fflush.o)
                0x08001b38                _fflush_r
 .text.fflush   0x08001b90       0x28 /usr/bin/../lib/gcc/arm-none-eabi/7.3.1/../../../../arm-none-eabi/lib/thumb/v6-m/libc_nano.a(lib_a-fflush.o)
                0x08001b90                fflush
 .text.std      0x08001bb8       0x48 /usr/bin/../lib/gcc/arm-none-eabi/7.3.1/../../../../arm-none-eabi/lib/thumb/v6-m/libc_nano.a(lib_a-findfp.o)
 .text._cleanup_r
                0x08001c00       0x10 /usr/bin/../lib/gcc/arm-none-eabi/7.3.1/../../../../arm-none-eabi/lib/thumb/v6-m/libc_nano.a(lib_a-findfp.o)
                0x08001c00                _cleanup_r
 .text.__sfmoreglue
                0x08001c10       0x2c /usr/bin/../lib/gcc/arm-none-eabi/7.3.1/../../../../arm-none-eabi/lib/thumb/v6-m/libc_nano.a(lib_a-findfp.o)
                0x08001c10                __sfmoreglue
 .text.__sinit  0x08001c3c       0x68 /usr/bin/../lib/gcc/arm-none-eabi/7.3.1/../../../../arm-none-eabi/lib/thumb/v6-m/libc_nano.a(lib_a-findfp.o)
                0x08001c3c                __sinit
 .text.__sfp    0x08001ca4       0x7c /usr/bin/../lib/gcc/arm-none-eabi/7.3.1/../../../../arm-none-eabi/lib/thumb/v6-m/libc_nano.a(lib_a-findfp.o)
                0x08001ca4                __sfp
 .text._fwalk   0x08001d20       0x38 /usr/bin/../lib/gcc/arm-none-eabi/7.3.1/../../../../arm-none-eabi/lib/thumb/v6-m/libc_nano.a(lib_a-fwalk.o)
                0x08001d20                _fwalk
 .text._fwalk_reent
                0x08001d58       0x42 /usr/bin/../lib/gcc/arm-none-eabi/7.3.1/../../../../arm-none-eabi/lib/thumb/v6-m/libc_nano.a(lib_a-fwalk.o)
                0x08001d58                _fwalk_reent
 *fill*         0x08001d9a        0x2 
 .text.getchar  0x08001d9c       0x24 /usr/bin/../lib/gcc/arm-none-eabi/7.3.1/../../../../arm-none-eabi/lib/thumb/v6-m/libc_nano.a(lib_a-getchar.o)
                0x08001d9c                getchar
 .text.__libc_init_array
                0x08001dc0       0x48 /usr/bin/../lib/gcc/arm-none-eabi/7.3.1/../../../../arm-none-eabi/lib/thumb/v6-m/libc_nano.a(lib_a-init.o)
                0x08001dc0                __libc_init_array
 .text.memcpy   0x08001e08       0x12 /usr/bin/../lib/gcc/arm-none-eabi/7.3.1/../../../../arm-none-eabi/lib/thumb/v6-m/libc_nano.a(lib_a-memcpy-stub.o)
                0x08001e08                memcpy
 .text.memset   0x08001e1a       0x10 /usr/bin/../lib/gcc/arm-none-eabi/7.3.1/../../../../arm-none-eabi/lib/thumb/v6-m/libc_nano.a(lib_a-memset.o)
                0x08001e1a                memset
 *fill*         0x08001e2a        0x2 
 .text._free_r  0x08001e2c       0x94 /usr/bin/../lib/gcc/arm-none-eabi/7.3.1/../../../../arm-none-eabi/lib/thumb/v6-m/libc_nano.a(lib_a-nano-freer.o)
                0x08001e2c                _free_r
 .text._malloc_r
                0x08001ec0       0xbc /usr/bin/../lib/gcc/arm-none-eabi/7.3.1/../../../../arm-none-eabi/lib/thumb/v6-m/libc_nano.a(lib_a-nano-mallocr.o)
                0x08001ec0                _malloc_r
 .text.printf   0x08001f7c       0x34 /usr/bin/../lib/gcc/arm-none-eabi/7.3.1/../../../../arm-none-eabi/lib/thumb/v6-m/libc_nano.a(lib_a-printf.o)
                0x08001f7c                printf
                0x08001f7c                iprintf
 .text.putchar  0x08001fb0       0x28 /usr/bin/../lib/gcc/arm-none-eabi/7.3.1/../../../../arm-none-eabi/lib/thumb/v6-m/libc_nano.a(lib_a-putchar.o)
                0x08001fb0                putchar
 .text._puts_r  0x08001fd8       0xc0 /usr/bin/../lib/gcc/arm-none-eabi/7.3.1/../../../../arm-none-eabi/lib/thumb/v6-m/libc_nano.a(lib_a-puts.o)
                0x08001fd8                _puts_r
 .text.puts     0x08002098       0x14 /usr/bin/../lib/gcc/arm-none-eabi/7.3.1/../../../../arm-none-eabi/lib/thumb/v6-m/libc_nano.a(lib_a-puts.o)
                0x08002098                puts
 .text.__sread  0x080020ac       0x28 /usr/bin/../lib/gcc/arm-none-eabi/7.3.1/../../../../arm-none-eabi/lib/thumb/v6-m/libc_nano.a(lib_a-stdio.o)
                0x080020ac                __sread
 .text.__swrite
                0x080020d4       0x38 /usr/bin/../lib/gcc/arm-none-eabi/7.3.1/../../../../arm-none-eabi/lib/thumb/v6-m/libc_nano.a(lib_a-stdio.o)
                0x080020d4                __swrite
 .text.__sseek  0x0800210c       0x2c /usr/bin/../lib/gcc/arm-none-eabi/7.3.1/../../../../arm-none-eabi/lib/thumb/v6-m/libc_nano.a(lib_a-stdio.o)
                0x0800210c                __sseek
 .text.__sclose
                0x08002138        0xc /usr/bin/../lib/gcc/arm-none-eabi/7.3.1/../../../../arm-none-eabi/lib/thumb/v6-m/libc_nano.a(lib_a-stdio.o)
                0x08002138                __sclose
 .text          0x08002144       0x14 /usr/bin/../lib/gcc/arm-none-eabi/7.3.1/../../../../arm-none-eabi/lib/thumb/v6-m/libc_nano.a(lib_a-strcmp.o)
                0x08002144                strcmp
 .text.__swbuf_r
                0x08002158       0xac /usr/bin/../lib/gcc/arm-none-eabi/7.3.1/../../../../arm-none-eabi/lib/thumb/v6-m/libc_nano.a(lib_a-wbuf.o)
                0x08002158                __swbuf_r
 .text.__swsetup_r
                0x08002204       0xec /usr/bin/../lib/gcc/arm-none-eabi/7.3.1/../../../../arm-none-eabi/lib/thumb/v6-m/libc_nano.a(lib_a-wsetup.o)
                0x08002204                __swsetup_r
 .text._getc_r  0x080022f0       0x5c /usr/bin/../lib/gcc/arm-none-eabi/7.3.1/../../../../arm-none-eabi/lib/thumb/v6-m/libc_nano.a(lib_a-getc.o)
                0x080022f0                _getc_r
 .text.__swhatbuf_r
                0x0800234c       0x50 /usr/bin/../lib/gcc/arm-none-eabi/7.3.1/../../../../arm-none-eabi/lib/thumb/v6-m/libc_nano.a(lib_a-makebuf.o)
                0x0800234c                __swhatbuf_r
 .text.__smakebuf_r
                0x0800239c       0x88 /usr/bin/../lib/gcc/arm-none-eabi/7.3.1/../../../../arm-none-eabi/lib/thumb/v6-m/libc_nano.a(lib_a-makebuf.o)
                0x0800239c                __smakebuf_r
 .text.__malloc_lock
                0x08002424        0x2 /usr/bin/../lib/gcc/arm-none-eabi/7.3.1/../../../../arm-none-eabi/lib/thumb/v6-m/libc_nano.a(lib_a-mlock.o)
                0x08002424                __malloc_lock
 .text.__malloc_unlock
                0x08002426        0x2 /usr/bin/../lib/gcc/arm-none-eabi/7.3.1/../../../../arm-none-eabi/lib/thumb/v6-m/libc_nano.a(lib_a-mlock.o)
                0x08002426                __malloc_unlock
 .text.__sfputc_r
                0x08002428       0x2a /usr/bin/../lib/gcc/arm-none-eabi/7.3.1/../../../../arm-none-eabi/lib/thumb/v6-m/libc_nano.a(lib_a-nano-vfprintf.o)
 .text.__sfputs_r
                0x08002452       0x24 /usr/bin/../lib/gcc/arm-none-eabi/7.3.1/../../../../arm-none-eabi/lib/thumb/v6-m/libc_nano.a(lib_a-nano-vfprintf.o)
                0x08002452                __sfputs_r
 *fill*         0x08002476        0x2 
 .text._vfprintf_r
                0x08002478      0x22c /usr/bin/../lib/gcc/arm-none-eabi/7.3.1/../../../../arm-none-eabi/lib/thumb/v6-m/libc_nano.a(lib_a-nano-vfprintf.o)
                0x08002478                _vfiprintf_r
                0x08002478                _vfprintf_r
 .text._printf_common
                0x080026a4       0xda /usr/bin/../lib/gcc/arm-none-eabi/7.3.1/../../../../arm-none-eabi/lib/thumb/v6-m/libc_nano.a(lib_a-nano-vfprintf_i.o)
                0x080026a4                _printf_common
 *fill*         0x0800277e        0x2 
 .text._printf_i
                0x08002780      0x210 /usr/bin/../lib/gcc/arm-none-eabi/7.3.1/../../../../arm-none-eabi/lib/thumb/v6-m/libc_nano.a(lib_a-nano-vfprintf_i.o)
                0x08002780                _printf_i
 .text._putc_r  0x08002990       0x6c /usr/bin/../lib/gcc/arm-none-eabi/7.3.1/../../../../arm-none-eabi/lib/thumb/v6-m/libc_nano.a(lib_a-putc.o)
                0x08002990                _putc_r
 .text.__srget_r
                0x080029fc       0x60 /usr/bin/../lib/gcc/arm-none-eabi/7.3.1/../../../../arm-none-eabi/lib/thumb/v6-m/libc_nano.a(lib_a-rget.o)
                0x080029fc                __srget_r
 .text.memchr   0x08002a5c       0x16 /usr/bin/../lib/gcc/arm-none-eabi/7.3.1/../../../../arm-none-eabi/lib/thumb/v6-m/libc_nano.a(lib_a-memchr-stub.o)
                0x08002a5c                memchr
 .text.lflush   0x08002a72       0x18 /usr/bin/../lib/gcc/arm-none-eabi/7.3.1/../../../../arm-none-eabi/lib/thumb/v6-m/libc_nano.a(lib_a-refill.o)
 *fill*         0x08002a8a        0x2 
 .text.__srefill_r
                0x08002a8c      0x124 /usr/bin/../lib/gcc/arm-none-eabi/7.3.1/../../../../arm-none-eabi/lib/thumb/v6-m/libc_nano.a(lib_a-refill.o)
                0x08002a8c                __srefill_r
 *(.glue_7t)
 .glue_7t       0x08002bb0        0x0 linker stubs
 *(.glue_7)
 .glue_7        0x08002bb0        0x0 linker stubs
 *(.rodata .rodata* .gnu.linkonce.r.*)
 .rodata.MultiplyDeBruijnBitPosition
                0x08002bb0       0x20 /home/etudiant/riot/RIOT-OS/Base_shell_uart/bin/nucleo-l073rz/core.a(bitarithm.o)
                0x08002bb0                MultiplyDeBruijnBitPosition
 .rodata.dummy_handler_default.str1.1
                0x08002bd0        0xe /home/etudiant/riot/RIOT-OS/Base_shell_uart/bin/nucleo-l073rz/cortexm_common.a(vectors_cortexm.o)
 .rodata.hard_fault_handler.str1.1
                0x08002bde      0x18b /home/etudiant/riot/RIOT-OS/Base_shell_uart/bin/nucleo-l073rz/cortexm_common.a(vectors_cortexm.o)
 .rodata.nmi_default.str1.1
                0x08002d69        0xc /home/etudiant/riot/RIOT-OS/Base_shell_uart/bin/nucleo-l073rz/cortexm_common.a(vectors_cortexm.o)
 *fill*         0x08002d75        0x3 
 .rodata.uart_config
                0x08002d78       0x38 /home/etudiant/riot/RIOT-OS/Base_shell_uart/bin/nucleo-l073rz/stm32_common_periph.a(uart.o)
 .rodata.assert_crash_message
                0x08002db0       0x12 /home/etudiant/riot/RIOT-OS/Base_shell_uart/bin/nucleo-l073rz/core.a(panic.o)
                0x08002db0                assert_crash_message
 .rodata.core_panic.str1.1
                0x08002dc2       0x2e /home/etudiant/riot/RIOT-OS/Base_shell_uart/bin/nucleo-l073rz/core.a(panic.o)
                                 0x30 (size before relaxing)
 .rodata.main_trampoline.str1.1
                0x08002df0       0x3b /home/etudiant/riot/RIOT-OS/Base_shell_uart/bin/nucleo-l073rz/core.a(kernel_init.o)
 .rodata.str1.1
                0x08002e2b        0xa /home/etudiant/riot/RIOT-OS/Base_shell_uart/bin/nucleo-l073rz/core.a(kernel_init.o)
 .rodata        0x08002e35        0x2 /home/etudiant/riot/RIOT-OS/Base_shell_uart/bin/nucleo-l073rz/ps.a(ps.o)
 .rodata.ps.str1.1
                0x08002e37       0xf7 /home/etudiant/riot/RIOT-OS/Base_shell_uart/bin/nucleo-l073rz/ps.a(ps.o)
                                 0xfd (size before relaxing)
 *fill*         0x08002f2e        0x2 
 .rodata.state_names
                0x08002f30       0x30 /home/etudiant/riot/RIOT-OS/Base_shell_uart/bin/nucleo-l073rz/ps.a(ps.o)
 .rodata.str1.1
                0x08002f60       0x63 /home/etudiant/riot/RIOT-OS/Base_shell_uart/bin/nucleo-l073rz/ps.a(ps.o)
 .rodata.apbmul
                0x08002fc3        0x2 /home/etudiant/riot/RIOT-OS/Base_shell_uart/bin/nucleo-l073rz/stm32_common.a(cpu_common.o)
 *fill*         0x08002fc5        0x3 
 .rodata.timer_config
                0x08002fc8       0x10 /home/etudiant/riot/RIOT-OS/Base_shell_uart/bin/nucleo-l073rz/stm32_common_periph.a(timer.o)
 .rodata.blink_thread.str1.1
                0x08002fd8        0xf /home/etudiant/riot/RIOT-OS/Base_shell_uart/bin/nucleo-l073rz/application_helloworld.a(main.o)
 .rodata.custom_handler.str1.1
                0x08002fe7        0xf /home/etudiant/riot/RIOT-OS/Base_shell_uart/bin/nucleo-l073rz/application_helloworld.a(main.o)
 .rodata.led0_handler.str1.1
                0x08002ff6       0x21 /home/etudiant/riot/RIOT-OS/Base_shell_uart/bin/nucleo-l073rz/application_helloworld.a(main.o)
                                 0x25 (size before relaxing)
 .rodata.main.str1.1
                0x08003017       0x48 /home/etudiant/riot/RIOT-OS/Base_shell_uart/bin/nucleo-l073rz/application_helloworld.a(main.o)
 *fill*         0x0800305f        0x1 
 .rodata.shell_commands.6272
                0x08003060       0x30 /home/etudiant/riot/RIOT-OS/Base_shell_uart/bin/nucleo-l073rz/application_helloworld.a(main.o)
 .rodata.str1.1
                0x08003090       0x40 /home/etudiant/riot/RIOT-OS/Base_shell_uart/bin/nucleo-l073rz/application_helloworld.a(main.o)
 .rodata.target_handler.str1.1
                0x080030d0       0x1b /home/etudiant/riot/RIOT-OS/Base_shell_uart/bin/nucleo-l073rz/application_helloworld.a(main.o)
 .rodata.shell_run.str1.1
                0x080030eb       0x82 /home/etudiant/riot/RIOT-OS/Base_shell_uart/bin/nucleo-l073rz/shell.a(shell.o)
 *fill*         0x0800316d        0x3 
 .rodata._shell_command_list
                0x08003170       0x24 /home/etudiant/riot/RIOT-OS/Base_shell_uart/bin/nucleo-l073rz/shell_commands.a(shell_commands.o)
                0x08003170                _shell_command_list
 .rodata.str1.1
                0x08003194       0x44 /home/etudiant/riot/RIOT-OS/Base_shell_uart/bin/nucleo-l073rz/shell_commands.a(shell_commands.o)
 .rodata.__sf_fake_stderr
                0x080031d8       0x20 /usr/bin/../lib/gcc/arm-none-eabi/7.3.1/../../../../arm-none-eabi/lib/thumb/v6-m/libc_nano.a(lib_a-findfp.o)
                0x080031d8                __sf_fake_stderr
 .rodata.__sf_fake_stdin
                0x080031f8       0x20 /usr/bin/../lib/gcc/arm-none-eabi/7.3.1/../../../../arm-none-eabi/lib/thumb/v6-m/libc_nano.a(lib_a-findfp.o)
                0x080031f8                __sf_fake_stdin
 .rodata.__sf_fake_stdout
                0x08003218       0x20 /usr/bin/../lib/gcc/arm-none-eabi/7.3.1/../../../../arm-none-eabi/lib/thumb/v6-m/libc_nano.a(lib_a-findfp.o)
                0x08003218                __sf_fake_stdout
 .rodata._global_impure_ptr
                0x08003238        0x4 /usr/bin/../lib/gcc/arm-none-eabi/7.3.1/../../../../arm-none-eabi/lib/thumb/v6-m/libc_nano.a(lib_a-impure.o)
                0x08003238                _global_impure_ptr
 .rodata._vfprintf_r.str1.1
                0x0800323c       0x11 /usr/bin/../lib/gcc/arm-none-eabi/7.3.1/../../../../arm-none-eabi/lib/thumb/v6-m/libc_nano.a(lib_a-nano-vfprintf.o)
 .rodata._printf_i.str1.1
                0x0800324d       0x22 /usr/bin/../lib/gcc/arm-none-eabi/7.3.1/../../../../arm-none-eabi/lib/thumb/v6-m/libc_nano.a(lib_a-nano-vfprintf_i.o)
 *(.ARM.extab* .gnu.linkonce.armextab.*)
                0x08003270                . = ALIGN (0x4)
 *fill*         0x0800326f        0x1 
 *(.init)
                0x08003270                . = ALIGN (0x4)
                0x08003270                __preinit_array_start = .
 *(.preinit_array)
                0x08003270                __preinit_array_end = .
                0x08003270                . = ALIGN (0x4)
                0x08003270                __init_array_start = .
 *(SORT_BY_NAME(.init_array.*))
 *(.init_array)
                0x08003270                __init_array_end = .
                0x08003270                . = ALIGN (0x4)
 *crtbegin.o(.ctors)
 *(EXCLUDE_FILE(*crtend.o) .ctors)
 *(SORT_BY_NAME(.ctors.*))
 *crtend.o(.ctors)
                0x08003270                . = ALIGN (0x4)
 *(.fini)
                0x08003270                . = ALIGN (0x4)
                0x08003270                __fini_array_start = .
 *(.fini_array)
 *(SORT_BY_NAME(.fini_array.*))
                0x08003270                __fini_array_end = .
 *crtbegin.o(.dtors)
 *(EXCLUDE_FILE(*crtend.o) .dtors)
 *(SORT_BY_NAME(.dtors.*))
 *crtend.o(.dtors)
                0x08003270                . = ALIGN (0x4)
                0x08003270                _efixed = .
                [!provide]                PROVIDE (__exidx_start = .)

.vfp11_veneer   0x08003270        0x0
 .vfp11_veneer  0x08003270        0x0 linker stubs

.v4_bx          0x08003270        0x0
 .v4_bx         0x08003270        0x0 linker stubs

.iplt           0x08003270        0x0
 .iplt          0x08003270        0x0 /home/etudiant/riot/RIOT-OS/Base_shell_uart/bin/nucleo-l073rz/cpu/vectors.o

.igot.plt       0x08003270        0x0
 .igot.plt      0x08003270        0x0 /home/etudiant/riot/RIOT-OS/Base_shell_uart/bin/nucleo-l073rz/cpu/vectors.o

.rel.dyn        0x08003270        0x0
 .rel.iplt      0x08003270        0x0 /home/etudiant/riot/RIOT-OS/Base_shell_uart/bin/nucleo-l073rz/cpu/vectors.o

.ARM.exidx
 *(.ARM.exidx* .gnu.linkonce.armexidx.*)
                [!provide]                PROVIDE (__exidx_end = .)
                0x08003270                . = ALIGN (0x4)

.eh_frame
 *(.eh_frame)
                0x08003270                . = ALIGN (0x4)
                0x08003270                _etext = .

.stack          0x20000000      0x200
 *(.puf)
                0x20000000                . = ALIGN (0x8)
                0x20000000                _sstack = .
 *(.isr_stack)
 .isr_stack     0x20000000      0x200 /home/etudiant/riot/RIOT-OS/Base_shell_uart/bin/nucleo-l073rz/cortexm_common.a(vectors_cortexm.o)
                0x20000000                isr_stack
                0x20000200                . = ALIGN (0x8)
                0x20000200                _estack = .

.relocate       0x20000200       0x8c load address 0x08003270
                0x20000200                . = ALIGN (0x4)
                0x20000200                _srelocate = .
 *(.ramfunc .ramfunc.*)
 *(.data .data.*)
 .data.heap_top
                0x20000200        0x4 /home/etudiant/riot/RIOT-OS/Base_shell_uart/bin/nucleo-l073rz/newlib_syscalls_default/syscalls.o
                0x20000200                heap_top
 .data.stdio_uart_isrpipe
                0x20000204       0x14 /home/etudiant/riot/RIOT-OS/Base_shell_uart/bin/nucleo-l073rz/stdio_uart.a(stdio_uart.o)
                0x20000204                stdio_uart_isrpipe
 .data.idle_name
                0x20000218        0x4 /home/etudiant/riot/RIOT-OS/Base_shell_uart/bin/nucleo-l073rz/core.a(kernel_init.o)
                0x20000218                idle_name
 .data.main_name
                0x2000021c        0x4 /home/etudiant/riot/RIOT-OS/Base_shell_uart/bin/nucleo-l073rz/core.a(kernel_init.o)
                0x2000021c                main_name
 .data.pm_blocker
                0x20000220        0x4 /home/etudiant/riot/RIOT-OS/Base_shell_uart/bin/nucleo-l073rz/pm_layered.a(pm.o)
                0x20000220                pm_blocker
 .data._impure_ptr
                0x20000224        0x4 /usr/bin/../lib/gcc/arm-none-eabi/7.3.1/../../../../arm-none-eabi/lib/thumb/v6-m/libc_nano.a(lib_a-impure.o)
                0x20000224                _impure_ptr
 .data.impure_data
                0x20000228       0x60 /usr/bin/../lib/gcc/arm-none-eabi/7.3.1/../../../../arm-none-eabi/lib/thumb/v6-m/libc_nano.a(lib_a-impure.o)
 *(.openocd .openocd.*)
 .openocd       0x20000288        0x2 /home/etudiant/riot/RIOT-OS/Base_shell_uart/bin/nucleo-l073rz/core.a(sched.o)
                0x20000288                _tcb_name_offset
                0x20000289                max_threads
                0x2000028c                . = ALIGN (0x4)
 *fill*         0x2000028a        0x2 
                0x2000028c                _erelocate = .

.bss            0x2000028c      0xe5c load address 0x080032fc
                0x2000028c                . = ALIGN (0x4)
                0x2000028c                _sbss = .
                0x2000028c                _szero = .
 *(.bss .bss.*)
 .bss.runqueue_bitcache
                0x2000028c        0x4 /home/etudiant/riot/RIOT-OS/Base_shell_uart/bin/nucleo-l073rz/core.a(sched.o)
 .bss.sched_active_pid
                0x20000290        0x2 /home/etudiant/riot/RIOT-OS/Base_shell_uart/bin/nucleo-l073rz/core.a(sched.o)
                0x20000290                sched_active_pid
 *fill*         0x20000292        0x2 
 .bss.sched_active_thread
                0x20000294        0x4 /home/etudiant/riot/RIOT-OS/Base_shell_uart/bin/nucleo-l073rz/core.a(sched.o)
                0x20000294                sched_active_thread
 .bss.sched_context_switch_request
                0x20000298        0x4 /home/etudiant/riot/RIOT-OS/Base_shell_uart/bin/nucleo-l073rz/core.a(sched.o)
                0x20000298                sched_context_switch_request
 .bss.sched_num_threads
                0x2000029c        0x4 /home/etudiant/riot/RIOT-OS/Base_shell_uart/bin/nucleo-l073rz/core.a(sched.o)
                0x2000029c                sched_num_threads
 .bss.sched_runqueues
                0x200002a0       0x40 /home/etudiant/riot/RIOT-OS/Base_shell_uart/bin/nucleo-l073rz/core.a(sched.o)
                0x200002a0                sched_runqueues
 .bss.sched_threads
                0x200002e0       0x84 /home/etudiant/riot/RIOT-OS/Base_shell_uart/bin/nucleo-l073rz/core.a(sched.o)
                0x200002e0                sched_threads
 .bss._rx_buf_mem
                0x20000364       0x40 /home/etudiant/riot/RIOT-OS/Base_shell_uart/bin/nucleo-l073rz/stdio_uart.a(stdio_uart.o)
 .bss.isr_ctx   0x200003a4       0x18 /home/etudiant/riot/RIOT-OS/Base_shell_uart/bin/nucleo-l073rz/stm32_common_periph.a(uart.o)
 .bss._in_handler
                0x200003bc        0x4 /home/etudiant/riot/RIOT-OS/Base_shell_uart/bin/nucleo-l073rz/xtimer.a(xtimer_core.o)
 .bss._long_cnt
                0x200003c0        0x4 /home/etudiant/riot/RIOT-OS/Base_shell_uart/bin/nucleo-l073rz/xtimer.a(xtimer_core.o)
 .bss._xtimer_high_cnt
                0x200003c4        0x4 /home/etudiant/riot/RIOT-OS/Base_shell_uart/bin/nucleo-l073rz/xtimer.a(xtimer_core.o)
                0x200003c4                _xtimer_high_cnt
 .bss.long_list_head
                0x200003c8        0x4 /home/etudiant/riot/RIOT-OS/Base_shell_uart/bin/nucleo-l073rz/xtimer.a(xtimer_core.o)
 .bss.overflow_list_head
                0x200003cc        0x4 /home/etudiant/riot/RIOT-OS/Base_shell_uart/bin/nucleo-l073rz/xtimer.a(xtimer_core.o)
 .bss.timer_list_head
                0x200003d0        0x4 /home/etudiant/riot/RIOT-OS/Base_shell_uart/bin/nucleo-l073rz/xtimer.a(xtimer_core.o)
 .bss.crashed   0x200003d4        0x4 /home/etudiant/riot/RIOT-OS/Base_shell_uart/bin/nucleo-l073rz/core.a(panic.o)
 .bss.idle_stack
                0x200003d8      0x100 /home/etudiant/riot/RIOT-OS/Base_shell_uart/bin/nucleo-l073rz/core.a(kernel_init.o)
 .bss.main_stack
                0x200004d8      0x600 /home/etudiant/riot/RIOT-OS/Base_shell_uart/bin/nucleo-l073rz/core.a(kernel_init.o)
 .bss.isr_ctx   0x20000ad8        0x8 /home/etudiant/riot/RIOT-OS/Base_shell_uart/bin/nucleo-l073rz/stm32_common_periph.a(timer.o)
 .bss.blink_thread_stack
                0x20000ae0      0x600 /home/etudiant/riot/RIOT-OS/Base_shell_uart/bin/nucleo-l073rz/application_helloworld.a(main.o)
                0x20000ae0                blink_thread_stack
 .bss.__malloc_free_list
                0x200010e0        0x4 /usr/bin/../lib/gcc/arm-none-eabi/7.3.1/../../../../arm-none-eabi/lib/thumb/v6-m/libc_nano.a(lib_a-nano-mallocr.o)
                0x200010e0                __malloc_free_list
 .bss.__malloc_sbrk_start
                0x200010e4        0x4 /usr/bin/../lib/gcc/arm-none-eabi/7.3.1/../../../../arm-none-eabi/lib/thumb/v6-m/libc_nano.a(lib_a-nano-mallocr.o)
                0x200010e4                __malloc_sbrk_start
 *(COMMON)
                0x200010e8                . = ALIGN (0x4)
                0x200010e8                _ebss = .
                0x200010e8                _ezero = .

.noinit         0x200010e8        0x0 load address 0x080032fc
                0x200010e8                __noinit_start = .
 *(.noinit)
                0x200010e8                . = ALIGN (0x4)
                0x200010e8                __noinit_end = .
                0x200010e8                . = ALIGN (0x4)
                0x200010e8                _sheap = .
                0x20005000                _eheap = (ORIGIN (ram) + LENGTH (ram))
                0x20000000                _sram = ORIGIN (ram)
                0x20005000                _eram = (ORIGIN (ram) + LENGTH (ram))
OUTPUT(/home/etudiant/riot/RIOT-OS/Base_shell_uart/bin/nucleo-l073rz/helloworld.elf elf32-littlearm)

.debug_info     0x00000000    0x24c67
 .debug_info    0x00000000       0xd7 /home/etudiant/riot/RIOT-OS/Base_shell_uart/bin/nucleo-l073rz/cpu/vectors.o
 .debug_info    0x000000d7     0x1fdc /home/etudiant/riot/RIOT-OS/Base_shell_uart/bin/nucleo-l073rz/newlib_syscalls_default/syscalls.o
 .debug_info    0x000020b3      0xe44 /home/etudiant/riot/RIOT-OS/Base_shell_uart/bin/nucleo-l073rz/core.a(sched.o)
 .debug_info    0x00002ef7      0x936 /home/etudiant/riot/RIOT-OS/Base_shell_uart/bin/nucleo-l073rz/core.a(bitarithm.o)
 .debug_info    0x0000382d      0xee2 /home/etudiant/riot/RIOT-OS/Base_shell_uart/bin/nucleo-l073rz/cortexm_common.a(thread_arch.o)
 .debug_info    0x0000470f     0x1ad4 /home/etudiant/riot/RIOT-OS/Base_shell_uart/bin/nucleo-l073rz/cortexm_common.a(vectors_cortexm.o)
 .debug_info    0x000061e3      0xccc /home/etudiant/riot/RIOT-OS/Base_shell_uart/bin/nucleo-l073rz/cortexm_common.a(irq_arch.o)
 .debug_info    0x00006eaf     0x1853 /home/etudiant/riot/RIOT-OS/Base_shell_uart/bin/nucleo-l073rz/stdio_uart.a(stdio_uart.o)
 .debug_info    0x00008702     0x1ccb /home/etudiant/riot/RIOT-OS/Base_shell_uart/bin/nucleo-l073rz/stm32_common_periph.a(uart.o)
 .debug_info    0x0000a3cd      0xd32 /home/etudiant/riot/RIOT-OS/Base_shell_uart/bin/nucleo-l073rz/stm32_common_periph.a(pm.o)
 .debug_info    0x0000b0ff     0x194a /home/etudiant/riot/RIOT-OS/Base_shell_uart/bin/nucleo-l073rz/stm32_common_periph.a(gpio.o)
 .debug_info    0x0000ca49     0x2382 /home/etudiant/riot/RIOT-OS/Base_shell_uart/bin/nucleo-l073rz/xtimer.a(xtimer_core.o)
 .debug_info    0x0000edcb     0x15d5 /home/etudiant/riot/RIOT-OS/Base_shell_uart/bin/nucleo-l073rz/boards_common_nucleo.a(board.o)
 .debug_info    0x000103a0      0xd29 /home/etudiant/riot/RIOT-OS/Base_shell_uart/bin/nucleo-l073rz/core.a(panic.o)
 .debug_info    0x000110c9      0xd82 /home/etudiant/riot/RIOT-OS/Base_shell_uart/bin/nucleo-l073rz/core.a(kernel_init.o)
 .debug_info    0x00011e4b     0x11d1 /home/etudiant/riot/RIOT-OS/Base_shell_uart/bin/nucleo-l073rz/core.a(thread.o)
 .debug_info    0x0001301c      0x412 /home/etudiant/riot/RIOT-OS/Base_shell_uart/bin/nucleo-l073rz/isrpipe.a(isrpipe.o)
 .debug_info    0x0001342e      0xd36 /home/etudiant/riot/RIOT-OS/Base_shell_uart/bin/nucleo-l073rz/pm_layered.a(pm.o)
 .debug_info    0x00014164      0xdd4 /home/etudiant/riot/RIOT-OS/Base_shell_uart/bin/nucleo-l073rz/ps.a(ps.o)
 .debug_info    0x00014f38      0xc4e /home/etudiant/riot/RIOT-OS/Base_shell_uart/bin/nucleo-l073rz/stm32_common.a(cpu_init.o)
 .debug_info    0x00015b86     0x17ca /home/etudiant/riot/RIOT-OS/Base_shell_uart/bin/nucleo-l073rz/stm32_common.a(stmclk_l0l1.o)
 .debug_info    0x00017350     0x15d3 /home/etudiant/riot/RIOT-OS/Base_shell_uart/bin/nucleo-l073rz/stm32_common.a(cpu_common.o)
 .debug_info    0x00018923     0x1926 /home/etudiant/riot/RIOT-OS/Base_shell_uart/bin/nucleo-l073rz/stm32_common_periph.a(timer.o)
 .debug_info    0x0001a249      0x3ea /home/etudiant/riot/RIOT-OS/Base_shell_uart/bin/nucleo-l073rz/tsrb.a(tsrb.o)
 .debug_info    0x0001a633       0x3b /home/etudiant/riot/RIOT-OS/Base_shell_uart/bin/nucleo-l073rz/periph_common.a(init.o)
 .debug_info    0x0001a66e     0x1c9f /home/etudiant/riot/RIOT-OS/Base_shell_uart/bin/nucleo-l073rz/application_helloworld.a(main.o)
 .debug_info    0x0001c30d     0x15e0 /home/etudiant/riot/RIOT-OS/Base_shell_uart/bin/nucleo-l073rz/auto_init.a(auto_init.o)
 .debug_info    0x0001d8ed      0xea8 /home/etudiant/riot/RIOT-OS/Base_shell_uart/bin/nucleo-l073rz/core.a(mutex.o)
 .debug_info    0x0001e795      0xf77 /home/etudiant/riot/RIOT-OS/Base_shell_uart/bin/nucleo-l073rz/cortexm_common.a(cortexm_init.o)
 .debug_info    0x0001f70c      0xfa6 /home/etudiant/riot/RIOT-OS/Base_shell_uart/bin/nucleo-l073rz/shell.a(shell.o)
 .debug_info    0x000206b2      0x90e /home/etudiant/riot/RIOT-OS/Base_shell_uart/bin/nucleo-l073rz/shell_commands.a(shell_commands.o)
 .debug_info    0x00020fc0      0xba6 /home/etudiant/riot/RIOT-OS/Base_shell_uart/bin/nucleo-l073rz/shell_commands.a(sc_sys.o)
 .debug_info    0x00021b66       0x8e /home/etudiant/riot/RIOT-OS/Base_shell_uart/bin/nucleo-l073rz/shell_commands.a(sc_ps.o)
 .debug_info    0x00021bf4     0x241d /home/etudiant/riot/RIOT-OS/Base_shell_uart/bin/nucleo-l073rz/xtimer.a(xtimer.o)
 .debug_info    0x00024011      0xc56 /home/etudiant/riot/RIOT-OS/Base_shell_uart/bin/nucleo-l073rz/cortexm_common_periph.a(pm.o)

.debug_abbrev   0x00000000     0x5833
 .debug_abbrev  0x00000000       0xaa /home/etudiant/riot/RIOT-OS/Base_shell_uart/bin/nucleo-l073rz/cpu/vectors.o
 .debug_abbrev  0x000000aa      0x428 /home/etudiant/riot/RIOT-OS/Base_shell_uart/bin/nucleo-l073rz/newlib_syscalls_default/syscalls.o
 .debug_abbrev  0x000004d2      0x32f /home/etudiant/riot/RIOT-OS/Base_shell_uart/bin/nucleo-l073rz/core.a(sched.o)
 .debug_abbrev  0x00000801      0x1bf /home/etudiant/riot/RIOT-OS/Base_shell_uart/bin/nucleo-l073rz/core.a(bitarithm.o)
 .debug_abbrev  0x000009c0      0x317 /home/etudiant/riot/RIOT-OS/Base_shell_uart/bin/nucleo-l073rz/cortexm_common.a(thread_arch.o)
 .debug_abbrev  0x00000cd7      0x37d /home/etudiant/riot/RIOT-OS/Base_shell_uart/bin/nucleo-l073rz/cortexm_common.a(vectors_cortexm.o)
 .debug_abbrev  0x00001054      0x289 /home/etudiant/riot/RIOT-OS/Base_shell_uart/bin/nucleo-l073rz/cortexm_common.a(irq_arch.o)
 .debug_abbrev  0x000012dd      0x279 /home/etudiant/riot/RIOT-OS/Base_shell_uart/bin/nucleo-l073rz/stdio_uart.a(stdio_uart.o)
 .debug_abbrev  0x00001556      0x41e /home/etudiant/riot/RIOT-OS/Base_shell_uart/bin/nucleo-l073rz/stm32_common_periph.a(uart.o)
 .debug_abbrev  0x00001974      0x27a /home/etudiant/riot/RIOT-OS/Base_shell_uart/bin/nucleo-l073rz/stm32_common_periph.a(pm.o)
 .debug_abbrev  0x00001bee      0x2d6 /home/etudiant/riot/RIOT-OS/Base_shell_uart/bin/nucleo-l073rz/stm32_common_periph.a(gpio.o)
 .debug_abbrev  0x00001ec4      0x514 /home/etudiant/riot/RIOT-OS/Base_shell_uart/bin/nucleo-l073rz/xtimer.a(xtimer_core.o)
 .debug_abbrev  0x000023d8      0x1f2 /home/etudiant/riot/RIOT-OS/Base_shell_uart/bin/nucleo-l073rz/boards_common_nucleo.a(board.o)
 .debug_abbrev  0x000025ca      0x281 /home/etudiant/riot/RIOT-OS/Base_shell_uart/bin/nucleo-l073rz/core.a(panic.o)
 .debug_abbrev  0x0000284b      0x241 /home/etudiant/riot/RIOT-OS/Base_shell_uart/bin/nucleo-l073rz/core.a(kernel_init.o)
 .debug_abbrev  0x00002a8c      0x346 /home/etudiant/riot/RIOT-OS/Base_shell_uart/bin/nucleo-l073rz/core.a(thread.o)
 .debug_abbrev  0x00002dd2      0x1c1 /home/etudiant/riot/RIOT-OS/Base_shell_uart/bin/nucleo-l073rz/isrpipe.a(isrpipe.o)
 .debug_abbrev  0x00002f93      0x218 /home/etudiant/riot/RIOT-OS/Base_shell_uart/bin/nucleo-l073rz/pm_layered.a(pm.o)
 .debug_abbrev  0x000031ab      0x25b /home/etudiant/riot/RIOT-OS/Base_shell_uart/bin/nucleo-l073rz/ps.a(ps.o)
 .debug_abbrev  0x00003406      0x1f8 /home/etudiant/riot/RIOT-OS/Base_shell_uart/bin/nucleo-l073rz/stm32_common.a(cpu_init.o)
 .debug_abbrev  0x000035fe      0x1d4 /home/etudiant/riot/RIOT-OS/Base_shell_uart/bin/nucleo-l073rz/stm32_common.a(stmclk_l0l1.o)
 .debug_abbrev  0x000037d2      0x290 /home/etudiant/riot/RIOT-OS/Base_shell_uart/bin/nucleo-l073rz/stm32_common.a(cpu_common.o)
 .debug_abbrev  0x00003a62      0x393 /home/etudiant/riot/RIOT-OS/Base_shell_uart/bin/nucleo-l073rz/stm32_common_periph.a(timer.o)
 .debug_abbrev  0x00003df5      0x193 /home/etudiant/riot/RIOT-OS/Base_shell_uart/bin/nucleo-l073rz/tsrb.a(tsrb.o)
 .debug_abbrev  0x00003f88       0x2f /home/etudiant/riot/RIOT-OS/Base_shell_uart/bin/nucleo-l073rz/periph_common.a(init.o)
 .debug_abbrev  0x00003fb7      0x381 /home/etudiant/riot/RIOT-OS/Base_shell_uart/bin/nucleo-l073rz/application_helloworld.a(main.o)
 .debug_abbrev  0x00004338      0x1f2 /home/etudiant/riot/RIOT-OS/Base_shell_uart/bin/nucleo-l073rz/auto_init.a(auto_init.o)
 .debug_abbrev  0x0000452a      0x2bd /home/etudiant/riot/RIOT-OS/Base_shell_uart/bin/nucleo-l073rz/core.a(mutex.o)
 .debug_abbrev  0x000047e7      0x2ef /home/etudiant/riot/RIOT-OS/Base_shell_uart/bin/nucleo-l073rz/cortexm_common.a(cortexm_init.o)
 .debug_abbrev  0x00004ad6      0x33b /home/etudiant/riot/RIOT-OS/Base_shell_uart/bin/nucleo-l073rz/shell.a(shell.o)
 .debug_abbrev  0x00004e11      0x16a /home/etudiant/riot/RIOT-OS/Base_shell_uart/bin/nucleo-l073rz/shell_commands.a(shell_commands.o)
 .debug_abbrev  0x00004f7b      0x1d6 /home/etudiant/riot/RIOT-OS/Base_shell_uart/bin/nucleo-l073rz/shell_commands.a(sc_sys.o)
 .debug_abbrev  0x00005151       0x7d /home/etudiant/riot/RIOT-OS/Base_shell_uart/bin/nucleo-l073rz/shell_commands.a(sc_ps.o)
 .debug_abbrev  0x000051ce      0x470 /home/etudiant/riot/RIOT-OS/Base_shell_uart/bin/nucleo-l073rz/xtimer.a(xtimer.o)
 .debug_abbrev  0x0000563e      0x1f5 /home/etudiant/riot/RIOT-OS/Base_shell_uart/bin/nucleo-l073rz/cortexm_common_periph.a(pm.o)

.debug_aranges  0x00000000      0x830
 .debug_aranges
                0x00000000       0x20 /home/etudiant/riot/RIOT-OS/Base_shell_uart/bin/nucleo-l073rz/cpu/vectors.o
 .debug_aranges
                0x00000020       0xb8 /home/etudiant/riot/RIOT-OS/Base_shell_uart/bin/nucleo-l073rz/newlib_syscalls_default/syscalls.o
 .debug_aranges
                0x000000d8       0x38 /home/etudiant/riot/RIOT-OS/Base_shell_uart/bin/nucleo-l073rz/core.a(sched.o)
 .debug_aranges
                0x00000110       0x28 /home/etudiant/riot/RIOT-OS/Base_shell_uart/bin/nucleo-l073rz/core.a(bitarithm.o)
 .debug_aranges
                0x00000138       0x60 /home/etudiant/riot/RIOT-OS/Base_shell_uart/bin/nucleo-l073rz/cortexm_common.a(thread_arch.o)
 .debug_aranges
                0x00000198       0x48 /home/etudiant/riot/RIOT-OS/Base_shell_uart/bin/nucleo-l073rz/cortexm_common.a(vectors_cortexm.o)
 .debug_aranges
                0x000001e0       0x38 /home/etudiant/riot/RIOT-OS/Base_shell_uart/bin/nucleo-l073rz/cortexm_common.a(irq_arch.o)
 .debug_aranges
                0x00000218       0x30 /home/etudiant/riot/RIOT-OS/Base_shell_uart/bin/nucleo-l073rz/stdio_uart.a(stdio_uart.o)
 .debug_aranges
                0x00000248       0x58 /home/etudiant/riot/RIOT-OS/Base_shell_uart/bin/nucleo-l073rz/stm32_common_periph.a(uart.o)
 .debug_aranges
                0x000002a0       0x28 /home/etudiant/riot/RIOT-OS/Base_shell_uart/bin/nucleo-l073rz/stm32_common_periph.a(pm.o)
 .debug_aranges
                0x000002c8       0x68 /home/etudiant/riot/RIOT-OS/Base_shell_uart/bin/nucleo-l073rz/stm32_common_periph.a(gpio.o)
 .debug_aranges
                0x00000330       0x80 /home/etudiant/riot/RIOT-OS/Base_shell_uart/bin/nucleo-l073rz/xtimer.a(xtimer_core.o)
 .debug_aranges
                0x000003b0       0x20 /home/etudiant/riot/RIOT-OS/Base_shell_uart/bin/nucleo-l073rz/boards_common_nucleo.a(board.o)
 .debug_aranges
                0x000003d0       0x28 /home/etudiant/riot/RIOT-OS/Base_shell_uart/bin/nucleo-l073rz/core.a(panic.o)
 .debug_aranges
                0x000003f8       0x30 /home/etudiant/riot/RIOT-OS/Base_shell_uart/bin/nucleo-l073rz/core.a(kernel_init.o)
 .debug_aranges
                0x00000428       0x60 /home/etudiant/riot/RIOT-OS/Base_shell_uart/bin/nucleo-l073rz/core.a(thread.o)
 .debug_aranges
                0x00000488       0x30 /home/etudiant/riot/RIOT-OS/Base_shell_uart/bin/nucleo-l073rz/isrpipe.a(isrpipe.o)
 .debug_aranges
                0x000004b8       0x30 /home/etudiant/riot/RIOT-OS/Base_shell_uart/bin/nucleo-l073rz/pm_layered.a(pm.o)
 .debug_aranges
                0x000004e8       0x20 /home/etudiant/riot/RIOT-OS/Base_shell_uart/bin/nucleo-l073rz/ps.a(ps.o)
 .debug_aranges
                0x00000508       0x20 /home/etudiant/riot/RIOT-OS/Base_shell_uart/bin/nucleo-l073rz/stm32_common.a(cpu_init.o)
 .debug_aranges
                0x00000528       0x20 /home/etudiant/riot/RIOT-OS/Base_shell_uart/bin/nucleo-l073rz/stm32_common.a(stmclk_l0l1.o)
 .debug_aranges
                0x00000548       0x38 /home/etudiant/riot/RIOT-OS/Base_shell_uart/bin/nucleo-l073rz/stm32_common.a(cpu_common.o)
 .debug_aranges
                0x00000580       0x50 /home/etudiant/riot/RIOT-OS/Base_shell_uart/bin/nucleo-l073rz/stm32_common_periph.a(timer.o)
 .debug_aranges
                0x000005d0       0x48 /home/etudiant/riot/RIOT-OS/Base_shell_uart/bin/nucleo-l073rz/tsrb.a(tsrb.o)
 .debug_aranges
                0x00000618       0x20 /home/etudiant/riot/RIOT-OS/Base_shell_uart/bin/nucleo-l073rz/periph_common.a(init.o)
 .debug_aranges
                0x00000638       0x48 /home/etudiant/riot/RIOT-OS/Base_shell_uart/bin/nucleo-l073rz/application_helloworld.a(main.o)
 .debug_aranges
                0x00000680       0x20 /home/etudiant/riot/RIOT-OS/Base_shell_uart/bin/nucleo-l073rz/auto_init.a(auto_init.o)
 .debug_aranges
                0x000006a0       0x30 /home/etudiant/riot/RIOT-OS/Base_shell_uart/bin/nucleo-l073rz/core.a(mutex.o)
 .debug_aranges
                0x000006d0       0x28 /home/etudiant/riot/RIOT-OS/Base_shell_uart/bin/nucleo-l073rz/cortexm_common.a(cortexm_init.o)
 .debug_aranges
                0x000006f8       0x28 /home/etudiant/riot/RIOT-OS/Base_shell_uart/bin/nucleo-l073rz/shell.a(shell.o)
 .debug_aranges
                0x00000720       0x18 /home/etudiant/riot/RIOT-OS/Base_shell_uart/bin/nucleo-l073rz/shell_commands.a(shell_commands.o)
 .debug_aranges
                0x00000738       0x20 /home/etudiant/riot/RIOT-OS/Base_shell_uart/bin/nucleo-l073rz/shell_commands.a(sc_sys.o)
 .debug_aranges
                0x00000758       0x20 /home/etudiant/riot/RIOT-OS/Base_shell_uart/bin/nucleo-l073rz/shell_commands.a(sc_ps.o)
 .debug_aranges
                0x00000778       0x98 /home/etudiant/riot/RIOT-OS/Base_shell_uart/bin/nucleo-l073rz/xtimer.a(xtimer.o)
 .debug_aranges
                0x00000810       0x20 /home/etudiant/riot/RIOT-OS/Base_shell_uart/bin/nucleo-l073rz/cortexm_common_periph.a(pm.o)

.debug_ranges   0x00000000      0xe40
 .debug_ranges  0x00000000       0x10 /home/etudiant/riot/RIOT-OS/Base_shell_uart/bin/nucleo-l073rz/cpu/vectors.o
 .debug_ranges  0x00000010       0xe8 /home/etudiant/riot/RIOT-OS/Base_shell_uart/bin/nucleo-l073rz/newlib_syscalls_default/syscalls.o
 .debug_ranges  0x000000f8       0x90 /home/etudiant/riot/RIOT-OS/Base_shell_uart/bin/nucleo-l073rz/core.a(sched.o)
 .debug_ranges  0x00000188       0x18 /home/etudiant/riot/RIOT-OS/Base_shell_uart/bin/nucleo-l073rz/core.a(bitarithm.o)
 .debug_ranges  0x000001a0       0x68 /home/etudiant/riot/RIOT-OS/Base_shell_uart/bin/nucleo-l073rz/cortexm_common.a(thread_arch.o)
 .debug_ranges  0x00000208       0x38 /home/etudiant/riot/RIOT-OS/Base_shell_uart/bin/nucleo-l073rz/cortexm_common.a(vectors_cortexm.o)
 .debug_ranges  0x00000240       0x28 /home/etudiant/riot/RIOT-OS/Base_shell_uart/bin/nucleo-l073rz/cortexm_common.a(irq_arch.o)
 .debug_ranges  0x00000268       0x20 /home/etudiant/riot/RIOT-OS/Base_shell_uart/bin/nucleo-l073rz/stdio_uart.a(stdio_uart.o)
 .debug_ranges  0x00000288       0xf8 /home/etudiant/riot/RIOT-OS/Base_shell_uart/bin/nucleo-l073rz/stm32_common_periph.a(uart.o)
 .debug_ranges  0x00000380       0x38 /home/etudiant/riot/RIOT-OS/Base_shell_uart/bin/nucleo-l073rz/stm32_common_periph.a(pm.o)
 .debug_ranges  0x000003b8      0x128 /home/etudiant/riot/RIOT-OS/Base_shell_uart/bin/nucleo-l073rz/stm32_common_periph.a(gpio.o)
 .debug_ranges  0x000004e0      0x1f0 /home/etudiant/riot/RIOT-OS/Base_shell_uart/bin/nucleo-l073rz/xtimer.a(xtimer_core.o)
 .debug_ranges  0x000006d0       0x10 /home/etudiant/riot/RIOT-OS/Base_shell_uart/bin/nucleo-l073rz/boards_common_nucleo.a(board.o)
 .debug_ranges  0x000006e0       0x18 /home/etudiant/riot/RIOT-OS/Base_shell_uart/bin/nucleo-l073rz/core.a(panic.o)
 .debug_ranges  0x000006f8       0x20 /home/etudiant/riot/RIOT-OS/Base_shell_uart/bin/nucleo-l073rz/core.a(kernel_init.o)
 .debug_ranges  0x00000718       0x98 /home/etudiant/riot/RIOT-OS/Base_shell_uart/bin/nucleo-l073rz/core.a(thread.o)
 .debug_ranges  0x000007b0       0x38 /home/etudiant/riot/RIOT-OS/Base_shell_uart/bin/nucleo-l073rz/isrpipe.a(isrpipe.o)
 .debug_ranges  0x000007e8       0x20 /home/etudiant/riot/RIOT-OS/Base_shell_uart/bin/nucleo-l073rz/pm_layered.a(pm.o)
 .debug_ranges  0x00000808       0x10 /home/etudiant/riot/RIOT-OS/Base_shell_uart/bin/nucleo-l073rz/ps.a(ps.o)
 .debug_ranges  0x00000818       0x10 /home/etudiant/riot/RIOT-OS/Base_shell_uart/bin/nucleo-l073rz/stm32_common.a(cpu_init.o)
 .debug_ranges  0x00000828       0x10 /home/etudiant/riot/RIOT-OS/Base_shell_uart/bin/nucleo-l073rz/stm32_common.a(stmclk_l0l1.o)
 .debug_ranges  0x00000838       0x28 /home/etudiant/riot/RIOT-OS/Base_shell_uart/bin/nucleo-l073rz/stm32_common.a(cpu_common.o)
 .debug_ranges  0x00000860       0x78 /home/etudiant/riot/RIOT-OS/Base_shell_uart/bin/nucleo-l073rz/stm32_common_periph.a(timer.o)
 .debug_ranges  0x000008d8       0x88 /home/etudiant/riot/RIOT-OS/Base_shell_uart/bin/nucleo-l073rz/tsrb.a(tsrb.o)
 .debug_ranges  0x00000960       0x10 /home/etudiant/riot/RIOT-OS/Base_shell_uart/bin/nucleo-l073rz/periph_common.a(init.o)
 .debug_ranges  0x00000970       0x50 /home/etudiant/riot/RIOT-OS/Base_shell_uart/bin/nucleo-l073rz/application_helloworld.a(main.o)
 .debug_ranges  0x000009c0       0x10 /home/etudiant/riot/RIOT-OS/Base_shell_uart/bin/nucleo-l073rz/auto_init.a(auto_init.o)
 .debug_ranges  0x000009d0       0x80 /home/etudiant/riot/RIOT-OS/Base_shell_uart/bin/nucleo-l073rz/core.a(mutex.o)
 .debug_ranges  0x00000a50       0xa8 /home/etudiant/riot/RIOT-OS/Base_shell_uart/bin/nucleo-l073rz/cortexm_common.a(cortexm_init.o)
 .debug_ranges  0x00000af8      0x130 /home/etudiant/riot/RIOT-OS/Base_shell_uart/bin/nucleo-l073rz/shell.a(shell.o)
 .debug_ranges  0x00000c28       0x10 /home/etudiant/riot/RIOT-OS/Base_shell_uart/bin/nucleo-l073rz/shell_commands.a(sc_sys.o)
 .debug_ranges  0x00000c38       0x10 /home/etudiant/riot/RIOT-OS/Base_shell_uart/bin/nucleo-l073rz/shell_commands.a(sc_ps.o)
 .debug_ranges  0x00000c48      0x1e8 /home/etudiant/riot/RIOT-OS/Base_shell_uart/bin/nucleo-l073rz/xtimer.a(xtimer.o)
 .debug_ranges  0x00000e30       0x10 /home/etudiant/riot/RIOT-OS/Base_shell_uart/bin/nucleo-l073rz/cortexm_common_periph.a(pm.o)

.debug_macro    0x00000000    0x2ae5f
 .debug_macro   0x00000000       0xe1 /home/etudiant/riot/RIOT-OS/Base_shell_uart/bin/nucleo-l073rz/cpu/vectors.o
 .debug_macro   0x000000e1      0xa3c /home/etudiant/riot/RIOT-OS/Base_shell_uart/bin/nucleo-l073rz/cpu/vectors.o
 .debug_macro   0x00000b1d      0x118 /home/etudiant/riot/RIOT-OS/Base_shell_uart/bin/nucleo-l073rz/cpu/vectors.o
 .debug_macro   0x00000c35       0x2e /home/etudiant/riot/RIOT-OS/Base_shell_uart/bin/nucleo-l073rz/cpu/vectors.o
 .debug_macro   0x00000c63       0x2e /home/etudiant/riot/RIOT-OS/Base_shell_uart/bin/nucleo-l073rz/cpu/vectors.o
 .debug_macro   0x00000c91       0x28 /home/etudiant/riot/RIOT-OS/Base_shell_uart/bin/nucleo-l073rz/cpu/vectors.o
 .debug_macro   0x00000cb9       0x22 /home/etudiant/riot/RIOT-OS/Base_shell_uart/bin/nucleo-l073rz/cpu/vectors.o
 .debug_macro   0x00000cdb       0x56 /home/etudiant/riot/RIOT-OS/Base_shell_uart/bin/nucleo-l073rz/cpu/vectors.o
 .debug_macro   0x00000d31       0x51 /home/etudiant/riot/RIOT-OS/Base_shell_uart/bin/nucleo-l073rz/cpu/vectors.o
 .debug_macro   0x00000d82       0xef /home/etudiant/riot/RIOT-OS/Base_shell_uart/bin/nucleo-l073rz/cpu/vectors.o
 .debug_macro   0x00000e71       0x6a /home/etudiant/riot/RIOT-OS/Base_shell_uart/bin/nucleo-l073rz/cpu/vectors.o
 .debug_macro   0x00000edb      0x1df /home/etudiant/riot/RIOT-OS/Base_shell_uart/bin/nucleo-l073rz/cpu/vectors.o
 .debug_macro   0x000010ba       0x1c /home/etudiant/riot/RIOT-OS/Base_shell_uart/bin/nucleo-l073rz/cpu/vectors.o
 .debug_macro   0x000010d6       0x22 /home/etudiant/riot/RIOT-OS/Base_shell_uart/bin/nucleo-l073rz/cpu/vectors.o
 .debug_macro   0x000010f8       0xb5 /home/etudiant/riot/RIOT-OS/Base_shell_uart/bin/nucleo-l073rz/cpu/vectors.o
 .debug_macro   0x000011ad      0x3ad /home/etudiant/riot/RIOT-OS/Base_shell_uart/bin/nucleo-l073rz/cpu/vectors.o
 .debug_macro   0x0000155a     0xa3ff /home/etudiant/riot/RIOT-OS/Base_shell_uart/bin/nucleo-l073rz/cpu/vectors.o
 .debug_macro   0x0000b959       0x35 /home/etudiant/riot/RIOT-OS/Base_shell_uart/bin/nucleo-l073rz/cpu/vectors.o
 .debug_macro   0x0000b98e       0x2e /home/etudiant/riot/RIOT-OS/Base_shell_uart/bin/nucleo-l073rz/cpu/vectors.o
 .debug_macro   0x0000b9bc       0x16 /home/etudiant/riot/RIOT-OS/Base_shell_uart/bin/nucleo-l073rz/cpu/vectors.o
 .debug_macro   0x0000b9d2      0x528 /home/etudiant/riot/RIOT-OS/Base_shell_uart/bin/nucleo-l073rz/newlib_syscalls_default/syscalls.o
 .debug_macro   0x0000befa      0xa3c /home/etudiant/riot/RIOT-OS/Base_shell_uart/bin/nucleo-l073rz/newlib_syscalls_default/syscalls.o
 .debug_macro   0x0000c936       0x40 /home/etudiant/riot/RIOT-OS/Base_shell_uart/bin/nucleo-l073rz/newlib_syscalls_default/syscalls.o
 .debug_macro   0x0000c976       0x18 /home/etudiant/riot/RIOT-OS/Base_shell_uart/bin/nucleo-l073rz/newlib_syscalls_default/syscalls.o
 .debug_macro   0x0000c98e       0x5c /home/etudiant/riot/RIOT-OS/Base_shell_uart/bin/nucleo-l073rz/newlib_syscalls_default/syscalls.o
 .debug_macro   0x0000c9ea       0x3c /home/etudiant/riot/RIOT-OS/Base_shell_uart/bin/nucleo-l073rz/newlib_syscalls_default/syscalls.o
 .debug_macro   0x0000ca26       0x34 /home/etudiant/riot/RIOT-OS/Base_shell_uart/bin/nucleo-l073rz/newlib_syscalls_default/syscalls.o
 .debug_macro   0x0000ca5a       0x10 /home/etudiant/riot/RIOT-OS/Base_shell_uart/bin/nucleo-l073rz/newlib_syscalls_default/syscalls.o
 .debug_macro   0x0000ca6a       0x57 /home/etudiant/riot/RIOT-OS/Base_shell_uart/bin/nucleo-l073rz/newlib_syscalls_default/syscalls.o
 .debug_macro   0x0000cac1       0xcf /home/etudiant/riot/RIOT-OS/Base_shell_uart/bin/nucleo-l073rz/newlib_syscalls_default/syscalls.o
 .debug_macro   0x0000cb90      0x353 /home/etudiant/riot/RIOT-OS/Base_shell_uart/bin/nucleo-l073rz/newlib_syscalls_default/syscalls.o
 .debug_macro   0x0000cee3       0x10 /home/etudiant/riot/RIOT-OS/Base_shell_uart/bin/nucleo-l073rz/newlib_syscalls_default/syscalls.o
 .debug_macro   0x0000cef3       0xb7 /home/etudiant/riot/RIOT-OS/Base_shell_uart/bin/nucleo-l073rz/newlib_syscalls_default/syscalls.o
 .debug_macro   0x0000cfaa       0x52 /home/etudiant/riot/RIOT-OS/Base_shell_uart/bin/nucleo-l073rz/newlib_syscalls_default/syscalls.o
 .debug_macro   0x0000cffc       0x1f /home/etudiant/riot/RIOT-OS/Base_shell_uart/bin/nucleo-l073rz/newlib_syscalls_default/syscalls.o
 .debug_macro   0x0000d01b       0x43 /home/etudiant/riot/RIOT-OS/Base_shell_uart/bin/nucleo-l073rz/newlib_syscalls_default/syscalls.o
 .debug_macro   0x0000d05e       0x20 /home/etudiant/riot/RIOT-OS/Base_shell_uart/bin/nucleo-l073rz/newlib_syscalls_default/syscalls.o
 .debug_macro   0x0000d07e       0xb6 /home/etudiant/riot/RIOT-OS/Base_shell_uart/bin/nucleo-l073rz/newlib_syscalls_default/syscalls.o
 .debug_macro   0x0000d134      0x4fe /home/etudiant/riot/RIOT-OS/Base_shell_uart/bin/nucleo-l073rz/newlib_syscalls_default/syscalls.o
 .debug_macro   0x0000d632      0x1a3 /home/etudiant/riot/RIOT-OS/Base_shell_uart/bin/nucleo-l073rz/newlib_syscalls_default/syscalls.o
 .debug_macro   0x0000d7d5       0x10 /home/etudiant/riot/RIOT-OS/Base_shell_uart/bin/nucleo-l073rz/newlib_syscalls_default/syscalls.o
 .debug_macro   0x0000d7e5       0x35 /home/etudiant/riot/RIOT-OS/Base_shell_uart/bin/nucleo-l073rz/newlib_syscalls_default/syscalls.o
 .debug_macro   0x0000d81a       0x10 /home/etudiant/riot/RIOT-OS/Base_shell_uart/bin/nucleo-l073rz/newlib_syscalls_default/syscalls.o
 .debug_macro   0x0000d82a      0x241 /home/etudiant/riot/RIOT-OS/Base_shell_uart/bin/nucleo-l073rz/newlib_syscalls_default/syscalls.o
 .debug_macro   0x0000da6b       0x16 /home/etudiant/riot/RIOT-OS/Base_shell_uart/bin/nucleo-l073rz/newlib_syscalls_default/syscalls.o
 .debug_macro   0x0000da81       0x10 /home/etudiant/riot/RIOT-OS/Base_shell_uart/bin/nucleo-l073rz/newlib_syscalls_default/syscalls.o
 .debug_macro   0x0000da91       0x16 /home/etudiant/riot/RIOT-OS/Base_shell_uart/bin/nucleo-l073rz/newlib_syscalls_default/syscalls.o
 .debug_macro   0x0000daa7       0xff /home/etudiant/riot/RIOT-OS/Base_shell_uart/bin/nucleo-l073rz/newlib_syscalls_default/syscalls.o
 .debug_macro   0x0000dba6       0x16 /home/etudiant/riot/RIOT-OS/Base_shell_uart/bin/nucleo-l073rz/newlib_syscalls_default/syscalls.o
 .debug_macro   0x0000dbbc       0x22 /home/etudiant/riot/RIOT-OS/Base_shell_uart/bin/nucleo-l073rz/newlib_syscalls_default/syscalls.o
 .debug_macro   0x0000dbde       0x16 /home/etudiant/riot/RIOT-OS/Base_shell_uart/bin/nucleo-l073rz/newlib_syscalls_default/syscalls.o
 .debug_macro   0x0000dbf4       0x16 /home/etudiant/riot/RIOT-OS/Base_shell_uart/bin/nucleo-l073rz/newlib_syscalls_default/syscalls.o
 .debug_macro   0x0000dc0a       0x10 /home/etudiant/riot/RIOT-OS/Base_shell_uart/bin/nucleo-l073rz/newlib_syscalls_default/syscalls.o
 .debug_macro   0x0000dc1a       0x10 /home/etudiant/riot/RIOT-OS/Base_shell_uart/bin/nucleo-l073rz/newlib_syscalls_default/syscalls.o
 .debug_macro   0x0000dc2a       0x2e /home/etudiant/riot/RIOT-OS/Base_shell_uart/bin/nucleo-l073rz/newlib_syscalls_default/syscalls.o
 .debug_macro   0x0000dc58       0xf5 /home/etudiant/riot/RIOT-OS/Base_shell_uart/bin/nucleo-l073rz/newlib_syscalls_default/syscalls.o
 .debug_macro   0x0000dd4d       0x22 /home/etudiant/riot/RIOT-OS/Base_shell_uart/bin/nucleo-l073rz/newlib_syscalls_default/syscalls.o
 .debug_macro   0x0000dd6f       0x35 /home/etudiant/riot/RIOT-OS/Base_shell_uart/bin/nucleo-l073rz/newlib_syscalls_default/syscalls.o
 .debug_macro   0x0000dda4       0xaf /home/etudiant/riot/RIOT-OS/Base_shell_uart/bin/nucleo-l073rz/newlib_syscalls_default/syscalls.o
 .debug_macro   0x0000de53       0xd6 /home/etudiant/riot/RIOT-OS/Base_shell_uart/bin/nucleo-l073rz/newlib_syscalls_default/syscalls.o
 .debug_macro   0x0000df29       0x10 /home/etudiant/riot/RIOT-OS/Base_shell_uart/bin/nucleo-l073rz/newlib_syscalls_default/syscalls.o
 .debug_macro   0x0000df39      0x460 /home/etudiant/riot/RIOT-OS/Base_shell_uart/bin/nucleo-l073rz/newlib_syscalls_default/syscalls.o
 .debug_macro   0x0000e399       0x2b /home/etudiant/riot/RIOT-OS/Base_shell_uart/bin/nucleo-l073rz/newlib_syscalls_default/syscalls.o
 .debug_macro   0x0000e3c4       0xee /home/etudiant/riot/RIOT-OS/Base_shell_uart/bin/nucleo-l073rz/newlib_syscalls_default/syscalls.o
 .debug_macro   0x0000e4b2       0x28 /home/etudiant/riot/RIOT-OS/Base_shell_uart/bin/nucleo-l073rz/newlib_syscalls_default/syscalls.o
 .debug_macro   0x0000e4da       0x17 /home/etudiant/riot/RIOT-OS/Base_shell_uart/bin/nucleo-l073rz/newlib_syscalls_default/syscalls.o
 .debug_macro   0x0000e4f1       0x10 /home/etudiant/riot/RIOT-OS/Base_shell_uart/bin/nucleo-l073rz/newlib_syscalls_default/syscalls.o
 .debug_macro   0x0000e501       0x12 /home/etudiant/riot/RIOT-OS/Base_shell_uart/bin/nucleo-l073rz/newlib_syscalls_default/syscalls.o
 .debug_macro   0x0000e513       0x5f /home/etudiant/riot/RIOT-OS/Base_shell_uart/bin/nucleo-l073rz/newlib_syscalls_default/syscalls.o
 .debug_macro   0x0000e572       0x16 /home/etudiant/riot/RIOT-OS/Base_shell_uart/bin/nucleo-l073rz/newlib_syscalls_default/syscalls.o
 .debug_macro   0x0000e588      0x274 /home/etudiant/riot/RIOT-OS/Base_shell_uart/bin/nucleo-l073rz/newlib_syscalls_default/syscalls.o
 .debug_macro   0x0000e7fc       0x1c /home/etudiant/riot/RIOT-OS/Base_shell_uart/bin/nucleo-l073rz/newlib_syscalls_default/syscalls.o
 .debug_macro   0x0000e818       0x52 /home/etudiant/riot/RIOT-OS/Base_shell_uart/bin/nucleo-l073rz/newlib_syscalls_default/syscalls.o
 .debug_macro   0x0000e86a       0x1c /home/etudiant/riot/RIOT-OS/Base_shell_uart/bin/nucleo-l073rz/newlib_syscalls_default/syscalls.o
 .debug_macro   0x0000e886       0x16 /home/etudiant/riot/RIOT-OS/Base_shell_uart/bin/nucleo-l073rz/newlib_syscalls_default/syscalls.o
 .debug_macro   0x0000e89c       0x46 /home/etudiant/riot/RIOT-OS/Base_shell_uart/bin/nucleo-l073rz/newlib_syscalls_default/syscalls.o
 .debug_macro   0x0000e8e2       0x10 /home/etudiant/riot/RIOT-OS/Base_shell_uart/bin/nucleo-l073rz/newlib_syscalls_default/syscalls.o
 .debug_macro   0x0000e8f2       0xac /home/etudiant/riot/RIOT-OS/Base_shell_uart/bin/nucleo-l073rz/newlib_syscalls_default/syscalls.o
 .debug_macro   0x0000e99e       0x10 /home/etudiant/riot/RIOT-OS/Base_shell_uart/bin/nucleo-l073rz/newlib_syscalls_default/syscalls.o
 .debug_macro   0x0000e9ae       0x10 /home/etudiant/riot/RIOT-OS/Base_shell_uart/bin/nucleo-l073rz/newlib_syscalls_default/syscalls.o
 .debug_macro   0x0000e9be       0x3a /home/etudiant/riot/RIOT-OS/Base_shell_uart/bin/nucleo-l073rz/newlib_syscalls_default/syscalls.o
 .debug_macro   0x0000e9f8       0x34 /home/etudiant/riot/RIOT-OS/Base_shell_uart/bin/nucleo-l073rz/newlib_syscalls_default/syscalls.o
 .debug_macro   0x0000ea2c       0x10 /home/etudiant/riot/RIOT-OS/Base_shell_uart/bin/nucleo-l073rz/newlib_syscalls_default/syscalls.o
 .debug_macro   0x0000ea3c       0x10 /home/etudiant/riot/RIOT-OS/Base_shell_uart/bin/nucleo-l073rz/newlib_syscalls_default/syscalls.o
 .debug_macro   0x0000ea4c       0x43 /home/etudiant/riot/RIOT-OS/Base_shell_uart/bin/nucleo-l073rz/newlib_syscalls_default/syscalls.o
 .debug_macro   0x0000ea8f       0x1c /home/etudiant/riot/RIOT-OS/Base_shell_uart/bin/nucleo-l073rz/newlib_syscalls_default/syscalls.o
 .debug_macro   0x0000eaab       0x34 /home/etudiant/riot/RIOT-OS/Base_shell_uart/bin/nucleo-l073rz/newlib_syscalls_default/syscalls.o
 .debug_macro   0x0000eadf       0x16 /home/etudiant/riot/RIOT-OS/Base_shell_uart/bin/nucleo-l073rz/newlib_syscalls_default/syscalls.o
 .debug_macro   0x0000eaf5       0x51 /home/etudiant/riot/RIOT-OS/Base_shell_uart/bin/nucleo-l073rz/newlib_syscalls_default/syscalls.o
 .debug_macro   0x0000eb46       0x10 /home/etudiant/riot/RIOT-OS/Base_shell_uart/bin/nucleo-l073rz/newlib_syscalls_default/syscalls.o
 .debug_macro   0x0000eb56       0x10 /home/etudiant/riot/RIOT-OS/Base_shell_uart/bin/nucleo-l073rz/newlib_syscalls_default/syscalls.o
 .debug_macro   0x0000eb66      0x303 /home/etudiant/riot/RIOT-OS/Base_shell_uart/bin/nucleo-l073rz/core.a(sched.o)
 .debug_macro   0x0000ee69      0xa3c /home/etudiant/riot/RIOT-OS/Base_shell_uart/bin/nucleo-l073rz/core.a(sched.o)
 .debug_macro   0x0000f8a5      0x16d /home/etudiant/riot/RIOT-OS/Base_shell_uart/bin/nucleo-l073rz/core.a(sched.o)
 .debug_macro   0x0000fa12       0x46 /home/etudiant/riot/RIOT-OS/Base_shell_uart/bin/nucleo-l073rz/core.a(sched.o)
 .debug_macro   0x0000fa58       0x3a /home/etudiant/riot/RIOT-OS/Base_shell_uart/bin/nucleo-l073rz/core.a(sched.o)
 .debug_macro   0x0000fa92      0x34d /home/etudiant/riot/RIOT-OS/Base_shell_uart/bin/nucleo-l073rz/core.a(sched.o)
 .debug_macro   0x0000fddf       0x25 /home/etudiant/riot/RIOT-OS/Base_shell_uart/bin/nucleo-l073rz/core.a(sched.o)
 .debug_macro   0x0000fe04       0x2e /home/etudiant/riot/RIOT-OS/Base_shell_uart/bin/nucleo-l073rz/core.a(sched.o)
 .debug_macro   0x0000fe32       0x1c /home/etudiant/riot/RIOT-OS/Base_shell_uart/bin/nucleo-l073rz/core.a(sched.o)
 .debug_macro   0x0000fe4e      0x114 /home/etudiant/riot/RIOT-OS/Base_shell_uart/bin/nucleo-l073rz/core.a(sched.o)
 .debug_macro   0x0000ff62       0x1c /home/etudiant/riot/RIOT-OS/Base_shell_uart/bin/nucleo-l073rz/core.a(sched.o)
 .debug_macro   0x0000ff7e      0x1cf /home/etudiant/riot/RIOT-OS/Base_shell_uart/bin/nucleo-l073rz/core.a(bitarithm.o)
 .debug_macro   0x0001014d      0xa3c /home/etudiant/riot/RIOT-OS/Base_shell_uart/bin/nucleo-l073rz/core.a(bitarithm.o)
 .debug_macro   0x00010b89       0x97 /home/etudiant/riot/RIOT-OS/Base_shell_uart/bin/nucleo-l073rz/core.a(bitarithm.o)
 .debug_macro   0x00010c20       0xf6 /home/etudiant/riot/RIOT-OS/Base_shell_uart/bin/nucleo-l073rz/core.a(bitarithm.o)
 .debug_macro   0x00010d16      0x2eb /home/etudiant/riot/RIOT-OS/Base_shell_uart/bin/nucleo-l073rz/cortexm_common.a(thread_arch.o)
 .debug_macro   0x00011001      0xa3c /home/etudiant/riot/RIOT-OS/Base_shell_uart/bin/nucleo-l073rz/cortexm_common.a(thread_arch.o)
 .debug_macro   0x00011a3d       0x1c /home/etudiant/riot/RIOT-OS/Base_shell_uart/bin/nucleo-l073rz/cortexm_common.a(thread_arch.o)
 .debug_macro   0x00011a59      0x3c0 /home/etudiant/riot/RIOT-OS/Base_shell_uart/bin/nucleo-l073rz/cortexm_common.a(vectors_cortexm.o)
 .debug_macro   0x00011e19      0xa3c /home/etudiant/riot/RIOT-OS/Base_shell_uart/bin/nucleo-l073rz/cortexm_common.a(vectors_cortexm.o)
 .debug_macro   0x00012855       0x16 /home/etudiant/riot/RIOT-OS/Base_shell_uart/bin/nucleo-l073rz/cortexm_common.a(vectors_cortexm.o)
 .debug_macro   0x0001286b       0x1c /home/etudiant/riot/RIOT-OS/Base_shell_uart/bin/nucleo-l073rz/cortexm_common.a(vectors_cortexm.o)
 .debug_macro   0x00012887      0x2db /home/etudiant/riot/RIOT-OS/Base_shell_uart/bin/nucleo-l073rz/cortexm_common.a(irq_arch.o)
 .debug_macro   0x00012b62      0xa3c /home/etudiant/riot/RIOT-OS/Base_shell_uart/bin/nucleo-l073rz/cortexm_common.a(irq_arch.o)
 .debug_macro   0x0001359e      0x453 /home/etudiant/riot/RIOT-OS/Base_shell_uart/bin/nucleo-l073rz/stdio_uart.a(stdio_uart.o)
 .debug_macro   0x000139f1      0xa3c /home/etudiant/riot/RIOT-OS/Base_shell_uart/bin/nucleo-l073rz/stdio_uart.a(stdio_uart.o)
 .debug_macro   0x0001442d      0x23b /home/etudiant/riot/RIOT-OS/Base_shell_uart/bin/nucleo-l073rz/stdio_uart.a(stdio_uart.o)
 .debug_macro   0x00014668       0x16 /home/etudiant/riot/RIOT-OS/Base_shell_uart/bin/nucleo-l073rz/stdio_uart.a(stdio_uart.o)
 .debug_macro   0x0001467e       0x16 /home/etudiant/riot/RIOT-OS/Base_shell_uart/bin/nucleo-l073rz/stdio_uart.a(stdio_uart.o)
 .debug_macro   0x00014694       0x10 /home/etudiant/riot/RIOT-OS/Base_shell_uart/bin/nucleo-l073rz/stdio_uart.a(stdio_uart.o)
 .debug_macro   0x000146a4      0x371 /home/etudiant/riot/RIOT-OS/Base_shell_uart/bin/nucleo-l073rz/stm32_common_periph.a(uart.o)
 .debug_macro   0x00014a15      0xa3c /home/etudiant/riot/RIOT-OS/Base_shell_uart/bin/nucleo-l073rz/stm32_common_periph.a(uart.o)
 .debug_macro   0x00015451      0x345 /home/etudiant/riot/RIOT-OS/Base_shell_uart/bin/nucleo-l073rz/stm32_common_periph.a(pm.o)
 .debug_macro   0x00015796      0xa3c /home/etudiant/riot/RIOT-OS/Base_shell_uart/bin/nucleo-l073rz/stm32_common_periph.a(pm.o)
 .debug_macro   0x000161d2      0x26e /home/etudiant/riot/RIOT-OS/Base_shell_uart/bin/nucleo-l073rz/stm32_common_periph.a(pm.o)
 .debug_macro   0x00016440      0x325 /home/etudiant/riot/RIOT-OS/Base_shell_uart/bin/nucleo-l073rz/stm32_common_periph.a(gpio.o)
 .debug_macro   0x00016765      0xa3c /home/etudiant/riot/RIOT-OS/Base_shell_uart/bin/nucleo-l073rz/stm32_common_periph.a(gpio.o)
 .debug_macro   0x000171a1      0x436 /home/etudiant/riot/RIOT-OS/Base_shell_uart/bin/nucleo-l073rz/xtimer.a(xtimer_core.o)
 .debug_macro   0x000175d7      0xa3c /home/etudiant/riot/RIOT-OS/Base_shell_uart/bin/nucleo-l073rz/xtimer.a(xtimer_core.o)
 .debug_macro   0x00018013       0x10 /home/etudiant/riot/RIOT-OS/Base_shell_uart/bin/nucleo-l073rz/xtimer.a(xtimer_core.o)
 .debug_macro   0x00018023       0x16 /home/etudiant/riot/RIOT-OS/Base_shell_uart/bin/nucleo-l073rz/xtimer.a(xtimer_core.o)
 .debug_macro   0x00018039      0x38c /home/etudiant/riot/RIOT-OS/Base_shell_uart/bin/nucleo-l073rz/boards_common_nucleo.a(board.o)
 .debug_macro   0x000183c5      0xa3c /home/etudiant/riot/RIOT-OS/Base_shell_uart/bin/nucleo-l073rz/boards_common_nucleo.a(board.o)
 .debug_macro   0x00018e01      0x336 /home/etudiant/riot/RIOT-OS/Base_shell_uart/bin/nucleo-l073rz/core.a(panic.o)
 .debug_macro   0x00019137      0xa3c /home/etudiant/riot/RIOT-OS/Base_shell_uart/bin/nucleo-l073rz/core.a(panic.o)
 .debug_macro   0x00019b73      0x36f /home/etudiant/riot/RIOT-OS/Base_shell_uart/bin/nucleo-l073rz/core.a(kernel_init.o)
 .debug_macro   0x00019ee2      0xa3c /home/etudiant/riot/RIOT-OS/Base_shell_uart/bin/nucleo-l073rz/core.a(kernel_init.o)
 .debug_macro   0x0001a91e       0xdc /home/etudiant/riot/RIOT-OS/Base_shell_uart/bin/nucleo-l073rz/core.a(kernel_init.o)
 .debug_macro   0x0001a9fa      0x305 /home/etudiant/riot/RIOT-OS/Base_shell_uart/bin/nucleo-l073rz/core.a(thread.o)
 .debug_macro   0x0001acff      0xa3c /home/etudiant/riot/RIOT-OS/Base_shell_uart/bin/nucleo-l073rz/core.a(thread.o)
 .debug_macro   0x0001b73b       0xde /home/etudiant/riot/RIOT-OS/Base_shell_uart/bin/nucleo-l073rz/isrpipe.a(isrpipe.o)
 .debug_macro   0x0001b819      0xa3c /home/etudiant/riot/RIOT-OS/Base_shell_uart/bin/nucleo-l073rz/isrpipe.a(isrpipe.o)
 .debug_macro   0x0001c255      0x329 /home/etudiant/riot/RIOT-OS/Base_shell_uart/bin/nucleo-l073rz/pm_layered.a(pm.o)
 .debug_macro   0x0001c57e      0xa3c /home/etudiant/riot/RIOT-OS/Base_shell_uart/bin/nucleo-l073rz/pm_layered.a(pm.o)
 .debug_macro   0x0001cfba      0x2c6 /home/etudiant/riot/RIOT-OS/Base_shell_uart/bin/nucleo-l073rz/ps.a(ps.o)
 .debug_macro   0x0001d280      0xa3c /home/etudiant/riot/RIOT-OS/Base_shell_uart/bin/nucleo-l073rz/ps.a(ps.o)
 .debug_macro   0x0001dcbc      0x332 /home/etudiant/riot/RIOT-OS/Base_shell_uart/bin/nucleo-l073rz/stm32_common.a(cpu_init.o)
 .debug_macro   0x0001dfee      0xa3c /home/etudiant/riot/RIOT-OS/Base_shell_uart/bin/nucleo-l073rz/stm32_common.a(cpu_init.o)
 .debug_macro   0x0001ea2a      0x3a8 /home/etudiant/riot/RIOT-OS/Base_shell_uart/bin/nucleo-l073rz/stm32_common.a(stmclk_l0l1.o)
 .debug_macro   0x0001edd2      0xa3c /home/etudiant/riot/RIOT-OS/Base_shell_uart/bin/nucleo-l073rz/stm32_common.a(stmclk_l0l1.o)
 .debug_macro   0x0001f80e      0x336 /home/etudiant/riot/RIOT-OS/Base_shell_uart/bin/nucleo-l073rz/stm32_common.a(cpu_common.o)
 .debug_macro   0x0001fb44      0xa3c /home/etudiant/riot/RIOT-OS/Base_shell_uart/bin/nucleo-l073rz/stm32_common.a(cpu_common.o)
 .debug_macro   0x00020580      0x334 /home/etudiant/riot/RIOT-OS/Base_shell_uart/bin/nucleo-l073rz/stm32_common_periph.a(timer.o)
 .debug_macro   0x000208b4      0xa3c /home/etudiant/riot/RIOT-OS/Base_shell_uart/bin/nucleo-l073rz/stm32_common_periph.a(timer.o)
 .debug_macro   0x000212f0       0xb1 /home/etudiant/riot/RIOT-OS/Base_shell_uart/bin/nucleo-l073rz/tsrb.a(tsrb.o)
 .debug_macro   0x000213a1      0xa3c /home/etudiant/riot/RIOT-OS/Base_shell_uart/bin/nucleo-l073rz/tsrb.a(tsrb.o)
 .debug_macro   0x00021ddd       0x1a /home/etudiant/riot/RIOT-OS/Base_shell_uart/bin/nucleo-l073rz/periph_common.a(init.o)
 .debug_macro   0x00021df7      0xa3c /home/etudiant/riot/RIOT-OS/Base_shell_uart/bin/nucleo-l073rz/periph_common.a(init.o)
 .debug_macro   0x00022833      0x448 /home/etudiant/riot/RIOT-OS/Base_shell_uart/bin/nucleo-l073rz/application_helloworld.a(main.o)
 .debug_macro   0x00022c7b      0xa3c /home/etudiant/riot/RIOT-OS/Base_shell_uart/bin/nucleo-l073rz/application_helloworld.a(main.o)
 .debug_macro   0x000236b7      0x440 /home/etudiant/riot/RIOT-OS/Base_shell_uart/bin/nucleo-l073rz/auto_init.a(auto_init.o)
 .debug_macro   0x00023af7      0xa3c /home/etudiant/riot/RIOT-OS/Base_shell_uart/bin/nucleo-l073rz/auto_init.a(auto_init.o)
 .debug_macro   0x00024533       0x2e /home/etudiant/riot/RIOT-OS/Base_shell_uart/bin/nucleo-l073rz/auto_init.a(auto_init.o)
 .debug_macro   0x00024561      0x2fc /home/etudiant/riot/RIOT-OS/Base_shell_uart/bin/nucleo-l073rz/core.a(mutex.o)
 .debug_macro   0x0002485d      0xa3c /home/etudiant/riot/RIOT-OS/Base_shell_uart/bin/nucleo-l073rz/core.a(mutex.o)
 .debug_macro   0x00025299      0x1e5 /home/etudiant/riot/RIOT-OS/Base_shell_uart/bin/nucleo-l073rz/core.a(mutex.o)
 .debug_macro   0x0002547e      0x2db /home/etudiant/riot/RIOT-OS/Base_shell_uart/bin/nucleo-l073rz/cortexm_common.a(cortexm_init.o)
 .debug_macro   0x00025759      0xa3c /home/etudiant/riot/RIOT-OS/Base_shell_uart/bin/nucleo-l073rz/cortexm_common.a(cortexm_init.o)
 .debug_macro   0x00026195      0x1d8 /home/etudiant/riot/RIOT-OS/Base_shell_uart/bin/nucleo-l073rz/shell.a(shell.o)
 .debug_macro   0x0002636d      0xa3c /home/etudiant/riot/RIOT-OS/Base_shell_uart/bin/nucleo-l073rz/shell.a(shell.o)
 .debug_macro   0x00026da9       0x22 /home/etudiant/riot/RIOT-OS/Base_shell_uart/bin/nucleo-l073rz/shell.a(shell.o)
 .debug_macro   0x00026dcb      0x153 /home/etudiant/riot/RIOT-OS/Base_shell_uart/bin/nucleo-l073rz/shell_commands.a(shell_commands.o)
 .debug_macro   0x00026f1e      0xa3c /home/etudiant/riot/RIOT-OS/Base_shell_uart/bin/nucleo-l073rz/shell_commands.a(shell_commands.o)
 .debug_macro   0x0002795a      0x10e /home/etudiant/riot/RIOT-OS/Base_shell_uart/bin/nucleo-l073rz/shell_commands.a(shell_commands.o)
 .debug_macro   0x00027a68       0x86 /home/etudiant/riot/RIOT-OS/Base_shell_uart/bin/nucleo-l073rz/shell_commands.a(shell_commands.o)
 .debug_macro   0x00027aee      0x30a /home/etudiant/riot/RIOT-OS/Base_shell_uart/bin/nucleo-l073rz/shell_commands.a(sc_sys.o)
 .debug_macro   0x00027df8      0xa3c /home/etudiant/riot/RIOT-OS/Base_shell_uart/bin/nucleo-l073rz/shell_commands.a(sc_sys.o)
 .debug_macro   0x00028834       0x24 /home/etudiant/riot/RIOT-OS/Base_shell_uart/bin/nucleo-l073rz/shell_commands.a(sc_ps.o)
 .debug_macro   0x00028858      0xa3c /home/etudiant/riot/RIOT-OS/Base_shell_uart/bin/nucleo-l073rz/shell_commands.a(sc_ps.o)
 .debug_macro   0x00029294      0x44f /home/etudiant/riot/RIOT-OS/Base_shell_uart/bin/nucleo-l073rz/xtimer.a(xtimer.o)
 .debug_macro   0x000296e3      0xa3c /home/etudiant/riot/RIOT-OS/Base_shell_uart/bin/nucleo-l073rz/xtimer.a(xtimer.o)
 .debug_macro   0x0002a11f      0x304 /home/etudiant/riot/RIOT-OS/Base_shell_uart/bin/nucleo-l073rz/cortexm_common_periph.a(pm.o)
 .debug_macro   0x0002a423      0xa3c /home/etudiant/riot/RIOT-OS/Base_shell_uart/bin/nucleo-l073rz/cortexm_common_periph.a(pm.o)

.debug_line     0x00000000     0xdd0a
 .debug_line    0x00000000      0x316 /home/etudiant/riot/RIOT-OS/Base_shell_uart/bin/nucleo-l073rz/cpu/vectors.o
 .debug_line    0x00000316      0xb20 /home/etudiant/riot/RIOT-OS/Base_shell_uart/bin/nucleo-l073rz/newlib_syscalls_default/syscalls.o
 .debug_line    0x00000e36      0x5e5 /home/etudiant/riot/RIOT-OS/Base_shell_uart/bin/nucleo-l073rz/core.a(sched.o)
 .debug_line    0x0000141b      0x446 /home/etudiant/riot/RIOT-OS/Base_shell_uart/bin/nucleo-l073rz/core.a(bitarithm.o)
 .debug_line    0x00001861      0x631 /home/etudiant/riot/RIOT-OS/Base_shell_uart/bin/nucleo-l073rz/cortexm_common.a(thread_arch.o)
 .debug_line    0x00001e92      0x8a7 /home/etudiant/riot/RIOT-OS/Base_shell_uart/bin/nucleo-l073rz/cortexm_common.a(vectors_cortexm.o)
 .debug_line    0x00002739      0x597 /home/etudiant/riot/RIOT-OS/Base_shell_uart/bin/nucleo-l073rz/cortexm_common.a(irq_arch.o)
 .debug_line    0x00002cd0      0x88f /home/etudiant/riot/RIOT-OS/Base_shell_uart/bin/nucleo-l073rz/stdio_uart.a(stdio_uart.o)
 .debug_line    0x0000355f      0x86b /home/etudiant/riot/RIOT-OS/Base_shell_uart/bin/nucleo-l073rz/stm32_common_periph.a(uart.o)